Archive member included to satisfy reference by file (symbol)

c:/altera/15.0/nios2eds/bin/gnu/h-x86_64-mingw32/bin/../lib/gcc/nios2-elf/4.9.1/../../../../../H-x86_64-mingw32/nios2-elf/lib\libc.a(lib_a-printf.o)
                              obj/default/ones.o (printf)
c:/altera/15.0/nios2eds/bin/gnu/h-x86_64-mingw32/bin/../lib/gcc/nios2-elf/4.9.1/../../../../../H-x86_64-mingw32/nios2-elf/lib\libc.a(lib_a-vfprintf.o)
                              c:/altera/15.0/nios2eds/bin/gnu/h-x86_64-mingw32/bin/../lib/gcc/nios2-elf/4.9.1/../../../../../H-x86_64-mingw32/nios2-elf/lib\libc.a(lib_a-printf.o) (___vfprintf_internal_r)
c:/altera/15.0/nios2eds/bin/gnu/h-x86_64-mingw32/bin/../lib/gcc/nios2-elf/4.9.1/../../../../../H-x86_64-mingw32/nios2-elf/lib\libc.a(lib_a-wsetup.o)
                              c:/altera/15.0/nios2eds/bin/gnu/h-x86_64-mingw32/bin/../lib/gcc/nios2-elf/4.9.1/../../../../../H-x86_64-mingw32/nios2-elf/lib\libc.a(lib_a-vfprintf.o) (__swsetup_r)
c:/altera/15.0/nios2eds/bin/gnu/h-x86_64-mingw32/bin/../lib/gcc/nios2-elf/4.9.1/../../../../../H-x86_64-mingw32/nios2-elf/lib\libc.a(lib_a-dtoa.o)
                              c:/altera/15.0/nios2eds/bin/gnu/h-x86_64-mingw32/bin/../lib/gcc/nios2-elf/4.9.1/../../../../../H-x86_64-mingw32/nios2-elf/lib\libc.a(lib_a-vfprintf.o) (_dtoa_r)
c:/altera/15.0/nios2eds/bin/gnu/h-x86_64-mingw32/bin/../lib/gcc/nios2-elf/4.9.1/../../../../../H-x86_64-mingw32/nios2-elf/lib\libc.a(lib_a-fflush.o)
                              c:/altera/15.0/nios2eds/bin/gnu/h-x86_64-mingw32/bin/../lib/gcc/nios2-elf/4.9.1/../../../../../H-x86_64-mingw32/nios2-elf/lib\libc.a(lib_a-vfprintf.o) (_fflush_r)
c:/altera/15.0/nios2eds/bin/gnu/h-x86_64-mingw32/bin/../lib/gcc/nios2-elf/4.9.1/../../../../../H-x86_64-mingw32/nios2-elf/lib\libc.a(lib_a-findfp.o)
                              c:/altera/15.0/nios2eds/bin/gnu/h-x86_64-mingw32/bin/../lib/gcc/nios2-elf/4.9.1/../../../../../H-x86_64-mingw32/nios2-elf/lib\libc.a(lib_a-vfprintf.o) (__sinit)
c:/altera/15.0/nios2eds/bin/gnu/h-x86_64-mingw32/bin/../lib/gcc/nios2-elf/4.9.1/../../../../../H-x86_64-mingw32/nios2-elf/lib\libc.a(lib_a-freer.o)
                              c:/altera/15.0/nios2eds/bin/gnu/h-x86_64-mingw32/bin/../lib/gcc/nios2-elf/4.9.1/../../../../../H-x86_64-mingw32/nios2-elf/lib\libc.a(lib_a-wsetup.o) (_free_r)
c:/altera/15.0/nios2eds/bin/gnu/h-x86_64-mingw32/bin/../lib/gcc/nios2-elf/4.9.1/../../../../../H-x86_64-mingw32/nios2-elf/lib\libc.a(lib_a-fwalk.o)
                              c:/altera/15.0/nios2eds/bin/gnu/h-x86_64-mingw32/bin/../lib/gcc/nios2-elf/4.9.1/../../../../../H-x86_64-mingw32/nios2-elf/lib\libc.a(lib_a-findfp.o) (_fwalk)
c:/altera/15.0/nios2eds/bin/gnu/h-x86_64-mingw32/bin/../lib/gcc/nios2-elf/4.9.1/../../../../../H-x86_64-mingw32/nios2-elf/lib\libc.a(lib_a-impure.o)
                              c:/altera/15.0/nios2eds/bin/gnu/h-x86_64-mingw32/bin/../lib/gcc/nios2-elf/4.9.1/../../../../../H-x86_64-mingw32/nios2-elf/lib\libc.a(lib_a-fflush.o) (_global_impure_ptr)
c:/altera/15.0/nios2eds/bin/gnu/h-x86_64-mingw32/bin/../lib/gcc/nios2-elf/4.9.1/../../../../../H-x86_64-mingw32/nios2-elf/lib\libc.a(lib_a-locale.o)
                              c:/altera/15.0/nios2eds/bin/gnu/h-x86_64-mingw32/bin/../lib/gcc/nios2-elf/4.9.1/../../../../../H-x86_64-mingw32/nios2-elf/lib\libc.a(lib_a-vfprintf.o) (_localeconv_r)
c:/altera/15.0/nios2eds/bin/gnu/h-x86_64-mingw32/bin/../lib/gcc/nios2-elf/4.9.1/../../../../../H-x86_64-mingw32/nios2-elf/lib\libc.a(lib_a-makebuf.o)
                              c:/altera/15.0/nios2eds/bin/gnu/h-x86_64-mingw32/bin/../lib/gcc/nios2-elf/4.9.1/../../../../../H-x86_64-mingw32/nios2-elf/lib\libc.a(lib_a-wsetup.o) (__smakebuf_r)
c:/altera/15.0/nios2eds/bin/gnu/h-x86_64-mingw32/bin/../lib/gcc/nios2-elf/4.9.1/../../../../../H-x86_64-mingw32/nios2-elf/lib\libc.a(lib_a-mallocr.o)
                              c:/altera/15.0/nios2eds/bin/gnu/h-x86_64-mingw32/bin/../lib/gcc/nios2-elf/4.9.1/../../../../../H-x86_64-mingw32/nios2-elf/lib\libc.a(lib_a-findfp.o) (_malloc_r)
c:/altera/15.0/nios2eds/bin/gnu/h-x86_64-mingw32/bin/../lib/gcc/nios2-elf/4.9.1/../../../../../H-x86_64-mingw32/nios2-elf/lib\libc.a(lib_a-memchr.o)
                              c:/altera/15.0/nios2eds/bin/gnu/h-x86_64-mingw32/bin/../lib/gcc/nios2-elf/4.9.1/../../../../../H-x86_64-mingw32/nios2-elf/lib\libc.a(lib_a-vfprintf.o) (memchr)
c:/altera/15.0/nios2eds/bin/gnu/h-x86_64-mingw32/bin/../lib/gcc/nios2-elf/4.9.1/../../../../../H-x86_64-mingw32/nios2-elf/lib\libc.a(lib_a-memcpy.o)
                              c:/altera/15.0/nios2eds/bin/gnu/h-x86_64-mingw32/bin/../lib/gcc/nios2-elf/4.9.1/../../../../../H-x86_64-mingw32/nios2-elf/lib\libc.a(lib_a-dtoa.o) (memcpy)
c:/altera/15.0/nios2eds/bin/gnu/h-x86_64-mingw32/bin/../lib/gcc/nios2-elf/4.9.1/../../../../../H-x86_64-mingw32/nios2-elf/lib\libc.a(lib_a-memset.o)
[...]
Memory Configuration

Name             Origin             Length             Attributes
reset            0x0000000000800000 0x0000000000000020
ext_flash_ctl    0x0000000000800020 0x00000000007fffe0
ext_ram_ctl_BEFORE_EXCEPTION 0x0000000001200000 0x0000000000000020
ext_ram_ctl      0x0000000001200020 0x00000000001fffe0
instruction_tcm  0x0000000002000000 0x0000000000004000
*default*        0x0000000000000000 0xffffffffffffffff

Linker script and memory map

LOAD ../niosII_pwm_project_bsp//obj/HAL/src/crt0.o
LOAD obj/default/ones.o
LOAD c:/altera/15.0/nios2eds/bin/gnu/h-x86_64-mingw32/bin/../lib/gcc/nios2-elf/4.9.1/../../../../../H-x86_64-mingw32/nios2-elf/lib\libstdc++.a
LOAD c:/altera/15.0/nios2eds/bin/gnu/h-x86_64-mingw32/bin/../lib/gcc/nios2-elf/4.9.1/../../../../../H-x86_64-mingw32/nios2-elf/lib\libm.a
LOAD c:/altera/15.0/nios2eds/bin/gnu/h-x86_64-mingw32/bin/../lib/gcc/nios2-elf/4.9.1\libgcc.a
START GROUP
LOAD c:/altera/15.0/nios2eds/bin/gnu/h-x86_64-mingw32/bin/../lib/gcc/nios2-elf/4.9.1/../../../../../H-x86_64-mingw32/nios2-elf/lib\libc.a
LOAD c:/altera/15.0/nios2eds/bin/gnu/h-x86_64-mingw32/bin/../lib/gcc/nios2-elf/4.9.1\libgcc.a
LOAD ../niosII_pwm_project_bsp/\libhal_bsp.a
LOAD c:/altera/15.0/nios2eds/bin/gnu/h-x86_64-mingw32/bin/../lib/gcc/nios2-elf/4.9.1/../../../../../H-x86_64-mingw32/nios2-elf/lib\libm.a
END GROUP
LOAD c:/altera/15.0/nios2eds/bin/gnu/h-x86_64-mingw32/bin/../lib/gcc/nios2-elf/4.9.1\libgcc.a
                0x0000000000800000                __alt_mem_ext_flash_ctl = 0x800000
                0x0000000001200000                __alt_mem_ext_ram_ctl = 0x1200000
                0x0000000002000000                __alt_mem_instruction_tcm = 0x2000000

.entry          0x0000000000800000        0x0
 *(.entry)
 .entry         0x0000000000800000        0x0 ../niosII_pwm_project_bsp//obj/HAL/src/crt0.o
                0x0000000000800000                __reset

.exceptions     0x0000000001200020      0x220
                0x0000000001200020                PROVIDE (__ram_exceptions_start, ABSOLUTE (.))
                0x0000000001200020                . = ALIGN (0x20)
 *(.irq)
 *(.exceptions.entry.label)
 .exceptions.entry.label
                0x0000000001200020        0x0 ../niosII_pwm_project_bsp/\libhal_bsp.a(alt_irq_entry.o)
                0x0000000001200020                alt_irq_entry
 .exceptions.entry.label
                0x0000000001200020        0x0 ../niosII_pwm_project_bsp/\libhal_bsp.a(alt_exception_entry.o)
                0x0000000001200020                alt_exception
 *(.exceptions.entry.user)
 *(.exceptions.entry.ecc_fatal)
 *(.exceptions.entry)
 .exceptions.entry
                0x0000000001200020       0x54 ../niosII_pwm_project_bsp/\libhal_bsp.a(alt_exception_entry.o)
 *(.exceptions.irqtest.user)
 *(.exceptions.irqtest)
 .exceptions.irqtest
                0x0000000001200074       0x10 ../niosII_pwm_project_bsp/\libhal_bsp.a(alt_irq_entry.o)
 *(.exceptions.irqhandler.user)
 *(.exceptions.irqhandler)
 .exceptions.irqhandler
                0x0000000001200084        0x4 ../niosII_pwm_project_bsp/\libhal_bsp.a(alt_irq_entry.o)
 *(.exceptions.irqreturn.user)
 *(.exceptions.irqreturn)
 .exceptions.irqreturn
                0x0000000001200088        0x4 ../niosII_pwm_project_bsp/\libhal_bsp.a(alt_irq_entry.o)
 *(.exceptions.notirq.label)
 .exceptions.notirq.label
                0x000000000120008c        0x0 ../niosII_pwm_project_bsp/\libhal_bsp.a(alt_irq_entry.o)
 *(.exceptions.notirq.user)
 *(.exceptions.notirq)
 .exceptions.notirq
                0x000000000120008c        0x8 ../niosII_pwm_project_bsp/\libhal_bsp.a(alt_exception_entry.o)
 *(.exceptions.soft.user)
 *(.exceptions.soft)
 *(.exceptions.unknown.user)
 *(.exceptions.unknown)
 .exceptions.unknown
                0x0000000001200094       0x14 ../niosII_pwm_project_bsp/\libhal_bsp.a(alt_exception_entry.o)
 *(.exceptions.exit.label)
 .exceptions.exit.label
                0x00000000012000a8        0x0 ../niosII_pwm_project_bsp/\libhal_bsp.a(alt_irq_entry.o)
 .exceptions.exit.label
                0x00000000012000a8        0x0 ../niosII_pwm_project_bsp/\libhal_bsp.a(alt_exception_entry.o)
 *(.exceptions.exit.user)
 *(.exceptions.exit)
 .exceptions.exit
                0x00000000012000a8       0x54 ../niosII_pwm_project_bsp/\libhal_bsp.a(alt_exception_entry.o)
 *(.exceptions)
 .exceptions    0x00000000012000fc       0xd0 ../niosII_pwm_project_bsp/\libhal_bsp.a(alt_irq_handler.o)
                0x00000000012000fc                alt_irq_handler
 .exceptions    0x00000000012001cc       0x74 ../niosII_pwm_project_bsp/\libhal_bsp.a(alt_instruction_exception_entry.o)
                0x00000000012001cc                alt_instruction_exception_entry
                0x0000000001200240                PROVIDE (__ram_exceptions_end, ABSOLUTE (.))
                0x0000000001200020                PROVIDE (__flash_exceptions_start, LOADADDR (.exceptions))

.text           0x0000000001200240    0x11950
                0x0000000001200240                PROVIDE (stext, ABSOLUTE (.))
 *(.interp)
 *(.hash)
 *(.dynsym)
 *(.dynstr)
 *(.gnu.version)
 *(.gnu.version_d)
 *(.gnu.version_r)
 *(.rel.init)
 *(.rela.init)
 *(.rel.text .rel.text.* .rel.gnu.linkonce.t.*)
 *(.rela.text .rela.text.* .rela.gnu.linkonce.t.*)
 *(.rel.fini)
 *(.rela.fini)
 *(.rel.rodata .rel.rodata.* .rel.gnu.linkonce.r.*)
 *(.rela.rodata .rela.rodata.* .rela.gnu.linkonce.r.*)
 *(.rel.data .rel.data.* .rel.gnu.linkonce.d.*)
 *(.rela.data .rela.data.* .rela.gnu.linkonce.d.*)
 *(.rel.tdata .rel.tdata.* .rel.gnu.linkonce.td.*)
 *(.rela.tdata .rela.tdata.* .rela.gnu.linkonce.td.*)
 *(.rel.tbss .rel.tbss.* .rel.gnu.linkonce.tb.*)
 *(.rela.tbss .rela.tbss.* .rela.gnu.linkonce.tb.*)
 *(.rel.ctors)
 *(.rela.ctors)
 *(.rel.dtors)
 *(.rela.dtors)
 *(.rel.got)
 *(.rela.got)
 *(.rel.sdata .rel.sdata.* .rel.gnu.linkonce.s.*)
 *(.rela.sdata .rela.sdata.* .rela.gnu.linkonce.s.*)
 *(.rel.sbss .rel.sbss.* .rel.gnu.linkonce.sb.*)
 *(.rela.sbss .rela.sbss.* .rela.gnu.linkonce.sb.*)
 *(.rel.sdata2 .rel.sdata2.* .rel.gnu.linkonce.s2.*)
 *(.rela.sdata2 .rela.sdata2.* .rela.gnu.linkonce.s2.*)
 *(.rel.sbss2 .rel.sbss2.* .rel.gnu.linkonce.sb2.*)
 *(.rela.sbss2 .rela.sbss2.* .rela.gnu.linkonce.sb2.*)
 *(.rel.bss .rel.bss.* .rel.gnu.linkonce.b.*)
 *(.rela.bss .rela.bss.* .rela.gnu.linkonce.b.*)
 *(.rel.plt)
 *(.rela.plt)
 *(.rel.dyn)
 *(.init)
 *(.plt)
 *(.text .stub .text.* .gnu.linkonce.t.*)
 .text          0x0000000001200240       0x48 ../niosII_pwm_project_bsp//obj/HAL/src/crt0.o
                0x0000000001200240                _start
 .text          0x0000000001200288      0x300 obj/default/ones.o
                0x0000000001200288                ones_ci
                0x0000000001200304                ones_sw
                0x00000000012003b4                main
 .text          0x0000000001200588       0x68 c:/altera/15.0/nios2eds/bin/gnu/h-x86_64-mingw32/bin/../lib/gcc/nios2-elf/4.9.1/../../../../../H-x86_64-mingw32/nios2-elf/lib\libc.a(lib_a-printf.o)
                0x0000000001200588                _printf_r
                0x00000000012005b4                printf
 .text          0x00000000012005f0     0x2020 c:/altera/15.0/nios2eds/bin/gnu/h-x86_64-mingw32/bin/../lib/gcc/nios2-elf/4.9.1/../../../../../H-x86_64-mingw32/nios2-elf/lib\libc.a(lib_a-vfprintf.o)
                0x00000000012005f0                ___vfprintf_internal_r
                0x00000000012025ec                __vfprintf_internal
 .text          0x0000000001202610      0x130 c:/altera/15.0/nios2eds/bin/gnu/h-x86_64-mingw32/bin/../lib/gcc/nios2-elf/4.9.1/../../../../../H-x86_64-mingw32/nios2-elf/lib\libc.a(lib_a-wsetup.o)
                0x0000000001202610                __swsetup_r
 .text          0x0000000001202740     0x1928 c:/altera/15.0/nios2eds/bin/gnu/h-x86_64-mingw32/bin/../lib/gcc/nios2-elf/4.9.1/../../../../../H-x86_64-mingw32/nios2-elf/lib\libc.a(lib_a-dtoa.o)
                0x0000000001202940                _dtoa_r
 .text          0x0000000001204068      0x258 c:/altera/15.0/nios2eds/bin/gnu/h-x86_64-mingw32/bin/../lib/gcc/nios2-elf/4.9.1/../../../../../H-x86_64-mingw32/nios2-elf/lib\libc.a(lib_a-fflush.o)
                0x0000000001204068                _fflush_r
                0x0000000001204290                fflush
 .text          0x00000000012042c0      0x3a0 c:/altera/15.0/nios2eds/bin/gnu/h-x86_64-mingw32/bin/../lib/gcc/nios2-elf/4.9.1/../../../../../H-x86_64-mingw32/nios2-elf/lib\libc.a(lib_a-findfp.o)
                0x00000000012042d0                _cleanup_r
                0x000000000120447c                __sfmoreglue
                0x00000000012044e0                __sfp
                0x00000000012045f8                _cleanup
                0x0000000001204610                __sinit
                0x0000000001204620                __sfp_lock_acquire
                0x0000000001204624                __sfp_lock_release
                0x0000000001204628                __sinit_lock_acquire
                0x000000000120462c                __sinit_lock_release
                0x0000000001204630                __fp_lock_all
                0x0000000001204648                __fp_unlock_all
 .text          0x0000000001204660      0x414 c:/altera/15.0/nios2eds/bin/gnu/h-x86_64-mingw32/bin/../lib/gcc/nios2-elf/4.9.1/../../../../../H-x86_64-mingw32/nios2-elf/lib\libc.a(lib_a-freer.o)
                0x0000000001204660                _malloc_trim_r
                0x0000000001204784                _free_r
 .text          0x0000000001204a74      0x170 c:/altera/15.0/nios2eds/bin/gnu/h-x86_64-mingw32/bin/../lib/gcc/nios2-elf/4.9.1/../../../../../H-x86_64-mingw32/nios2-elf/lib\libc.a(lib_a-fwalk.o)
                0x0000000001204a74                _fwalk
                0x0000000001204b2c                _fwalk_reent
 .text          0x0000000001204be4        0x0 c:/altera/15.0/nios2eds/bin/gnu/h-x86_64-mingw32/bin/../lib/gcc/nios2-elf/4.9.1/../../../../../H-x86_64-mingw32/nios2-elf/lib\libc.a(lib_a-impure.o)
 .text          0x0000000001204be4       0xe0 c:/altera/15.0/nios2eds/bin/gnu/h-x86_64-mingw32/bin/../lib/gcc/nios2-elf/4.9.1/../../../../../H-x86_64-mingw32/nios2-elf/lib\libc.a(lib_a-locale.o)
                0x0000000001204be4                _setlocale_r
                0x0000000001204c60                __locale_charset
                0x0000000001204c6c                __locale_mb_cur_max
                0x0000000001204c7c                __locale_msgcharset
                0x0000000001204c88                __locale_cjk_lang
                0x0000000001204c90                _localeconv_r
                0x0000000001204c9c                setlocale
                0x0000000001204cb8                localeconv
 .text          0x0000000001204cc4      0x1b8 c:/altera/15.0/nios2eds/bin/gnu/h-x86_64-mingw32/bin/../lib/gcc/nios2-elf/4.9.1/../../../../../H-x86_64-mingw32/nios2-elf/lib\libc.a(lib_a-makebuf.o)
                0x0000000001204cc4                __smakebuf_r
 .text          0x0000000001204e7c      0x7a8 c:/altera/15.0/nios2eds/bin/gnu/h-x86_64-mingw32/bin/../lib/gcc/nios2-elf/4.9.1/../../../../../H-x86_64-mingw32/nios2-elf/lib\libc.a(lib_a-mallocr.o)
                0x0000000001204e7c                _malloc_r
 .text          0x0000000001205624       0xe8 c:/altera/15.0/nios2eds/bin/gnu/h-x86_64-mingw32/bin/../lib/gcc/nios2-elf/4.9.1/../../../../../H-x86_64-mingw32/nios2-elf/lib\libc.a(lib_a-memchr.o)
                0x0000000001205624                memchr
 .text          0x000000000120570c      0x138 c:/altera/15.0/nios2eds/bin/gnu/h-x86_64-mingw32/bin/../lib/gcc/nios2-elf/4.9.1/../../../../../H-x86_64-mingw32/nios2-elf/lib\libc.a(lib_a-memcpy.o)
                0x000000000120570c                memcpy
 .text          0x0000000001205844      0x124 c:/altera/15.0/nios2eds/bin/gnu/h-x86_64-mingw32/bin/../lib/gcc/nios2-elf/4.9.1/../../../../../H-x86_64-mingw32/nios2-elf/lib\libc.a(lib_a-memset.o)
                0x0000000001205844                memset
 .text          0x0000000001205968      0xf8c c:/altera/15.0/nios2eds/bin/gnu/h-x86_64-mingw32/bin/../lib/gcc/nios2-elf/4.9.1/../../../../../H-x86_64-mingw32/nios2-elf/lib\libc.a(lib_a-mprec.o)
                0x0000000001205968                _Balloc
                0x0000000001205a10                _Bfree
                0x0000000001205a38                __multadd
                0x0000000001205b4c                __s2b
                0x0000000001205c50                __hi0bits
                0x0000000001205cb8                __lo0bits
                0x0000000001205d68                __i2b
                0x0000000001205da4                __multiply
                0x0000000001205fa0                __pow5mult
                0x00000000012060e0                __lshift
                0x0000000001206228                __mcmp
                0x0000000001206288                __mdiff
                0x0000000001206420                __ulp
                0x0000000001206480                __b2d
                0x000000000120659c                __d2b
                0x00000000012066d8                __ratio
                0x000000000120677c                _mprec_log10
                0x00000000012067f0                __copybits
                0x0000000001206868                __any_on
 .text          0x00000000012068f4       0x74 c:/altera/15.0/nios2eds/bin/gnu/h-x86_64-mingw32/bin/../lib/gcc/nios2-elf/4.9.1/../../../../../H-x86_64-mingw32/nios2-elf/lib\libc.a(lib_a-s_fpclassify.o)
                0x00000000012068f4                __fpclassifyd
 .text          0x0000000001206968       0x54 c:/altera/15.0/nios2eds/bin/gnu/h-x86_64-mingw32/bin/../lib/gcc/nios2-elf/4.9.1/../../../../../H-x86_64-mingw32/nios2-elf/lib\libc.a(lib_a-sbrkr.o)
                0x0000000001206968                _sbrk_r
 .text          0x00000000012069bc      0x13c c:/altera/15.0/nios2eds/bin/gnu/h-x86_64-mingw32/bin/../lib/gcc/nios2-elf/4.9.1/../../../../../H-x86_64-mingw32/nios2-elf/lib\libc.a(lib_a-stdio.o)
                0x00000000012069bc                __sread
                0x0000000001206a10                __seofread
                0x0000000001206a18                __swrite
                0x0000000001206a94                __sseek
                0x0000000001206af0                __sclose
 .text          0x0000000001206af8       0xa4 c:/altera/15.0/nios2eds/bin/gnu/h-x86_64-mingw32/bin/../lib/gcc/nios2-elf/4.9.1/../../../../../H-x86_64-mingw32/nios2-elf/lib\libc.a(lib_a-strcmp.o)
                0x0000000001206af8                strcmp
 .text          0x0000000001206b9c       0x98 c:/altera/15.0/nios2eds/bin/gnu/h-x86_64-mingw32/bin/../lib/gcc/nios2-elf/4.9.1/../../../../../H-x86_64-mingw32/nios2-elf/lib\libc.a(lib_a-strlen.o)
                0x0000000001206b9c                strlen
 .text          0x0000000001206c34     0x1494 c:/altera/15.0/nios2eds/bin/gnu/h-x86_64-mingw32/bin/../lib/gcc/nios2-elf/4.9.1/../../../../../H-x86_64-mingw32/nios2-elf/lib\libc.a(lib_a-vfiprintf.o)
                0x0000000001206d30                __sprint_r
                0x0000000001206d48                ___vfiprintf_internal_r
                0x00000000012080a4                __vfiprintf_internal
 .text          0x00000000012080c8       0x5c c:/altera/15.0/nios2eds/bin/gnu/h-x86_64-mingw32/bin/../lib/gcc/nios2-elf/4.9.1/../../../../../H-x86_64-mingw32/nios2-elf/lib\libc.a(lib_a-writer.o)
                0x00000000012080c8                _write_r
 .text          0x0000000001208124       0x54 c:/altera/15.0/nios2eds/bin/gnu/h-x86_64-mingw32/bin/../lib/gcc/nios2-elf/4.9.1/../../../../../H-x86_64-mingw32/nios2-elf/lib\libc.a(closer.o)
                0x0000000001208124                _close_r
 .text          0x0000000001208178       0xc4 c:/altera/15.0/nios2eds/bin/gnu/h-x86_64-mingw32/bin/../lib/gcc/nios2-elf/4.9.1/../../../../../H-x86_64-mingw32/nios2-elf/lib\libc.a(lib_a-callocr.o)
                0x0000000001208178                _calloc_r
 .text          0x000000000120823c      0x114 c:/altera/15.0/nios2eds/bin/gnu/h-x86_64-mingw32/bin/../lib/gcc/nios2-elf/4.9.1/../../../../../H-x86_64-mingw32/nios2-elf/lib\libc.a(lib_a-fclose.o)
                0x000000000120823c                _fclose_r
                0x000000000120833c                fclose
 .text          0x0000000001208350      0x1dc c:/altera/15.0/nios2eds/bin/gnu/h-x86_64-mingw32/bin/../lib/gcc/nios2-elf/4.9.1/../../../../../H-x86_64-mingw32/nios2-elf/lib\libc.a(lib_a-fputwc.o)
                0x0000000001208350                _fputwc_r
                0x00000000012084d4                fputwc
 .text          0x000000000120852c       0x58 c:/altera/15.0/nios2eds/bin/gnu/h-x86_64-mingw32/bin/../lib/gcc/nios2-elf/4.9.1/../../../../../H-x86_64-mingw32/nios2-elf/lib\libc.a(lib_a-fstatr.o)
                0x000000000120852c                _fstat_r
 .text          0x0000000001208584      0x4a4 c:/altera/15.0/nios2eds/bin/gnu/h-x86_64-mingw32/bin/../lib/gcc/nios2-elf/4.9.1/../../../../../H-x86_64-mingw32/nios2-elf/lib\libc.a(lib_a-fvwrite.o)
                0x0000000001208584                __sfvwrite_r
 .text          0x0000000001208a28        0x0 c:/altera/15.0/nios2eds/bin/gnu/h-x86_64-mingw32/bin/../lib/gcc/nios2-elf/4.9.1/../../../../../H-x86_64-mingw32/nios2-elf/lib\libc.a(lib_a-int_errno.o)
 .text          0x0000000001208a28       0x54 c:/altera/15.0/nios2eds/bin/gnu/h-x86_64-mingw32/bin/../lib/gcc/nios2-elf/4.9.1/../../../../../H-x86_64-mingw32/nios2-elf/lib\libc.a(lib_a-isattyr.o)
                0x0000000001208a28                _isatty_r
 .text          0x0000000001208a7c       0x5c c:/altera/15.0/nios2eds/bin/gnu/h-x86_64-mingw32/bin/../lib/gcc/nios2-elf/4.9.1/../../../../../H-x86_64-mingw32/nios2-elf/lib\libc.a(lib_a-lseekr.o)
                0x0000000001208a7c                _lseek_r
 .text          0x0000000001208ad8      0x15c c:/altera/15.0/nios2eds/bin/gnu/h-x86_64-mingw32/bin/../lib/gcc/nios2-elf/4.9.1/../../../../../H-x86_64-mingw32/nios2-elf/lib\libc.a(lib_a-memmove.o)
                0x0000000001208ad8                memmove
 .text          0x0000000001208c34       0x5c c:/altera/15.0/nios2eds/bin/gnu/h-x86_64-mingw32/bin/../lib/gcc/nios2-elf/4.9.1/../../../../../H-x86_64-mingw32/nios2-elf/lib\libc.a(lib_a-readr.o)
                0x0000000001208c34                _read_r
 .text          0x0000000001208c90      0x5a0 c:/altera/15.0/nios2eds/bin/gnu/h-x86_64-mingw32/bin/../lib/gcc/nios2-elf/4.9.1/../../../../../H-x86_64-mingw32/nios2-elf/lib\libc.a(lib_a-reallocr.o)
                0x0000000001208c90                _realloc_r
 .text          0x0000000001209230      0x170 c:/altera/15.0/nios2eds/bin/gnu/h-x86_64-mingw32/bin/../lib/gcc/nios2-elf/4.9.1/../../../../../H-x86_64-mingw32/nios2-elf/lib\libc.a(lib_a-wbuf.o)
                0x0000000001209230                __swbuf_r
                0x0000000001209384                __swbuf
 .text          0x00000000012093a0      0x174 c:/altera/15.0/nios2eds/bin/gnu/h-x86_64-mingw32/bin/../lib/gcc/nios2-elf/4.9.1/../../../../../H-x86_64-mingw32/nios2-elf/lib\libc.a(lib_a-wcrtomb.o)
                0x00000000012093a0                _wcrtomb_r
                0x000000000120943c                wcrtomb
 .text          0x0000000001209514       0x8c c:/altera/15.0/nios2eds/bin/gnu/h-x86_64-mingw32/bin/../lib/gcc/nios2-elf/4.9.1/../../../../../H-x86_64-mingw32/nios2-elf/lib\libc.a(lib_a-wctomb_r.o)
                0x0000000001209514                __ascii_wctomb
                0x0000000001209544                _wctomb_r
 .text          0x00000000012095a0      0x5c0 c:/altera/15.0/nios2eds/bin/gnu/h-x86_64-mingw32/bin/../lib/gcc/nios2-elf/4.9.1\libgcc.a(_udivdi3.o)
                0x00000000012095a0                __udivdi3
 .text          0x0000000001209b60      0x590 c:/altera/15.0/nios2eds/bin/gnu/h-x86_64-mingw32/bin/../lib/gcc/nios2-elf/4.9.1\libgcc.a(_umoddi3.o)
                0x0000000001209b60                __umoddi3
 .text          0x000000000120a0f0      0x12c c:/altera/15.0/nios2eds/bin/gnu/h-x86_64-mingw32/bin/../lib/gcc/nios2-elf/4.9.1\libgcc.a(lib2-divmod.o)
                0x000000000120a15c                __divsi3
                0x000000000120a1b0                __modsi3
                0x000000000120a20c                __udivsi3
                0x000000000120a214                __umodsi3
 .text          0x000000000120a21c      0x89c c:/altera/15.0/nios2eds/bin/gnu/h-x86_64-mingw32/bin/../lib/gcc/nios2-elf/4.9.1\libgcc.a(adddf3.o)
                0x000000000120a21c                __adddf3
 .text          0x000000000120aab8      0x8cc c:/altera/15.0/nios2eds/bin/gnu/h-x86_64-mingw32/bin/../lib/gcc/nios2-elf/4.9.1\libgcc.a(divdf3.o)
                0x000000000120aab8                __divdf3
 .text          0x000000000120b384       0x84 c:/altera/15.0/nios2eds/bin/gnu/h-x86_64-mingw32/bin/../lib/gcc/nios2-elf/4.9.1\libgcc.a(eqdf2.o)
                0x000000000120b384                __nedf2
                0x000000000120b384                __eqdf2
 .text          0x000000000120b408       0xe0 c:/altera/15.0/nios2eds/bin/gnu/h-x86_64-mingw32/bin/../lib/gcc/nios2-elf/4.9.1\libgcc.a(gedf2.o)
                0x000000000120b408                __gedf2
                0x000000000120b408                __gtdf2
 .text          0x000000000120b4e8       0xe0 c:/altera/15.0/nios2eds/bin/gnu/h-x86_64-mingw32/bin/../lib/gcc/nios2-elf/4.9.1\libgcc.a(ledf2.o)
                0x000000000120b4e8                __ledf2
                0x000000000120b4e8                __ltdf2
 .text          0x000000000120b5c8      0x724 c:/altera/15.0/nios2eds/bin/gnu/h-x86_64-mingw32/bin/../lib/gcc/nios2-elf/4.9.1\libgcc.a(muldf3.o)
                0x000000000120b5c8                __muldf3
 .text          0x000000000120bcec      0x8d0 c:/altera/15.0/nios2eds/bin/gnu/h-x86_64-mingw32/bin/../lib/gcc/nios2-elf/4.9.1\libgcc.a(subdf3.o)
                0x000000000120bcec                __subdf3
 .text          0x000000000120c5bc       0x88 c:/altera/15.0/nios2eds/bin/gnu/h-x86_64-mingw32/bin/../lib/gcc/nios2-elf/4.9.1\libgcc.a(fixdfsi.o)
                0x000000000120c5bc                __fixdfsi
 .text          0x000000000120c644       0xd0 c:/altera/15.0/nios2eds/bin/gnu/h-x86_64-mingw32/bin/../lib/gcc/nios2-elf/4.9.1\libgcc.a(floatsidf.o)
                0x000000000120c644                __floatsidf
 .text          0x000000000120c714       0xa4 c:/altera/15.0/nios2eds/bin/gnu/h-x86_64-mingw32/bin/../lib/gcc/nios2-elf/4.9.1\libgcc.a(floatunsidf.o)
                0x000000000120c714                __floatunsidf
 .text          0x000000000120c7b8        0x0 c:/altera/15.0/nios2eds/bin/gnu/h-x86_64-mingw32/bin/../lib/gcc/nios2-elf/4.9.1\libgcc.a(_clz.o)
 .text          0x000000000120c7b8       0x64 c:/altera/15.0/nios2eds/bin/gnu/h-x86_64-mingw32/bin/../lib/gcc/nios2-elf/4.9.1\libgcc.a(_clzsi2.o)
                0x000000000120c7b8                __clzsi2
 .text          0x000000000120c81c      0x120 ../niosII_pwm_project_bsp/\libhal_bsp.a(alt_close.o)
                0x000000000120c86c                close
 .text          0x000000000120c93c       0x2c ../niosII_pwm_project_bsp/\libhal_bsp.a(alt_dev.o)
 .text          0x000000000120c968        0x0 ../niosII_pwm_project_bsp/\libhal_bsp.a(alt_errno.o)
 .text          0x000000000120c968      0x100 ../niosII_pwm_project_bsp/\libhal_bsp.a(alt_fstat.o)
                0x000000000120c9b8                fstat
 .text          0x000000000120ca68       0xf4 ../niosII_pwm_project_bsp/\libhal_bsp.a(alt_isatty.o)
                0x000000000120cab8                isatty
 .text          0x000000000120cb5c      0x124 ../niosII_pwm_project_bsp/\libhal_bsp.a(alt_lseek.o)
                0x000000000120cbac                lseek
 .text          0x000000000120cc80       0x78 ../niosII_pwm_project_bsp/\libhal_bsp.a(alt_main.o)
                0x000000000120cc80                alt_main
 .text          0x000000000120ccf8       0x40 ../niosII_pwm_project_bsp/\libhal_bsp.a(alt_malloc_lock.o)
                0x000000000120ccf8                __malloc_lock
                0x000000000120cd18                __malloc_unlock
 .text          0x000000000120cd38      0x14c ../niosII_pwm_project_bsp/\libhal_bsp.a(alt_read.o)
                0x000000000120cd88                read
 .text          0x000000000120ce84       0x60 ../niosII_pwm_project_bsp/\libhal_bsp.a(alt_release_fd.o)
                0x000000000120ce84                alt_release_fd
 .text          0x000000000120cee4       0xb0 ../niosII_pwm_project_bsp/\libhal_bsp.a(alt_sbrk.o)
                0x000000000120cee4                sbrk
 .text          0x000000000120cf94      0x148 ../niosII_pwm_project_bsp/\libhal_bsp.a(alt_write.o)
                0x000000000120cfe4                write
 .text          0x000000000120d0dc       0xe8 ../niosII_pwm_project_bsp/\libhal_bsp.a(alt_sys_init.o)
                0x000000000120d114                alt_irq_init
                0x000000000120d148                alt_sys_init
 .text          0x000000000120d1c4      0x88c ../niosII_pwm_project_bsp/\libhal_bsp.a(altera_avalon_cfi_flash.o)
                0x000000000120d1fc                alt_flash_cfi_init
                0x000000000120d28c                alt_flash_cfi_write
                0x000000000120d534                alt_flash_cfi_get_info
                0x000000000120d5c0                alt_flash_cfi_read
                0x000000000120d624                alt_write_value_to_flash
                0x000000000120d77c                alt_flash_program_block
 .text          0x000000000120da50     0x1454 ../niosII_pwm_project_bsp/\libhal_bsp.a(altera_avalon_cfi_flash_table.o)
                0x000000000120da50                alt_read_query_entry_8bit
                0x000000000120da8c                alt_read_query_entry_16bit
                0x000000000120dacc                alt_read_query_entry_32bit
                0x000000000120db0c                alt_write_flash_command_8bit_device_8bit_mode
                0x000000000120db50                alt_write_flash_command_16bit_device_8bit_mode
                0x000000000120dbc8                alt_write_flash_command_32bit_device_8bit_mode
                0x000000000120dc18                alt_write_flash_command_16bit_device_16bit_mode
                0x000000000120dc64                alt_write_flash_command_32bit_device_16bit_mode
                0x000000000120dcb4                alt_write_flash_command_32bit_device_32bit_mode
                0x000000000120dd04                alt_write_native_8bit
                0x000000000120dd3c                alt_write_native_16bit
                0x000000000120dd74                alt_write_native_32bit
                0x000000000120dda8                alt_set_flash_width_func
                0x000000000120df64                alt_set_flash_algorithm_func
                0x000000000120e080                alt_read_cfi_table
                0x000000000120e648                alt_read_cfi_width
                0x000000000120edcc                alt_check_primary_table
 .text          0x000000000120eea4      0x164 ../niosII_pwm_project_bsp/\libhal_bsp.a(altera_avalon_jtag_uart_fd.o)
                0x000000000120eea4                altera_avalon_jtag_uart_read_fd
                0x000000000120ef04                altera_avalon_jtag_uart_write_fd
                0x000000000120ef64                altera_avalon_jtag_uart_close_fd
                0x000000000120efb4                altera_avalon_jtag_uart_ioctl_fd
 .text          0x000000000120f008      0x3d8 ../niosII_pwm_project_bsp/\libhal_bsp.a(altera_avalon_jtag_uart_init.o)
                0x000000000120f008                altera_avalon_jtag_uart_init
                0x000000000120f378                altera_avalon_jtag_uart_close
 .text          0x000000000120f3e0       0xec ../niosII_pwm_project_bsp/\libhal_bsp.a(altera_avalon_jtag_uart_ioctl.o)
                0x000000000120f3e0                altera_avalon_jtag_uart_ioctl
 .text          0x000000000120f4cc      0x20c ../niosII_pwm_project_bsp/\libhal_bsp.a(altera_avalon_jtag_uart_read.o)
                0x000000000120f4cc                altera_avalon_jtag_uart_read
 .text          0x000000000120f6d8      0x218 ../niosII_pwm_project_bsp/\libhal_bsp.a(altera_avalon_jtag_uart_write.o)
                0x000000000120f6d8                altera_avalon_jtag_uart_write
 .text          0x000000000120f8f0       0xfc ../niosII_pwm_project_bsp/\libhal_bsp.a(altera_avalon_timer_sc.o)
                0x000000000120f964                alt_avalon_timer_sc_init
 .text          0x000000000120f9ec      0x280 ../niosII_pwm_project_bsp/\libhal_bsp.a(perf_print_formatted_report.o)
                0x000000000120f9ec                perf_print_formatted_report
 .text          0x000000000120fc6c      0x140 ../niosII_pwm_project_bsp/\libhal_bsp.a(alt_alarm_start.o)
                0x000000000120fc6c                alt_alarm_start
 .text          0x000000000120fdac       0x74 ../niosII_pwm_project_bsp/\libhal_bsp.a(alt_dcache_flush.o)
                0x000000000120fdac                alt_dcache_flush
 .text          0x000000000120fe20       0xf4 ../niosII_pwm_project_bsp/\libhal_bsp.a(alt_dev_llist_insert.o)
                0x000000000120fe70                alt_dev_llist_insert
 .text          0x000000000120ff14       0x5c ../niosII_pwm_project_bsp/\libhal_bsp.a(alt_do_ctors.o)
                0x000000000120ff14                _do_ctors
 .text          0x000000000120ff70       0x5c ../niosII_pwm_project_bsp/\libhal_bsp.a(alt_do_dtors.o)
                0x000000000120ff70                _do_dtors
 .text          0x000000000120ffcc       0xb8 ../niosII_pwm_project_bsp/\libhal_bsp.a(alt_flash_dev.o)
                0x000000000120ffcc                alt_flash_open_dev
                0x0000000001210034                alt_flash_close_dev
 .text          0x0000000001210084      0x1e0 ../niosII_pwm_project_bsp/\libhal_bsp.a(alt_iic.o)
                0x0000000001210084                alt_ic_isr_register
                0x00000000012100d4                alt_ic_irq_enable
                0x0000000001210174                alt_ic_irq_disable
                0x0000000001210218                alt_ic_irq_enabled
 .text          0x0000000001210264       0xf0 ../niosII_pwm_project_bsp/\libhal_bsp.a(alt_iic_isr_register.o)
                0x0000000001210264                alt_iic_isr_register
 .text          0x0000000001210354      0x138 ../niosII_pwm_project_bsp/\libhal_bsp.a(alt_io_redirect.o)
                0x0000000001210414                alt_io_redirect
 .text          0x000000000121048c        0x0 ../niosII_pwm_project_bsp/\libhal_bsp.a(alt_irq_entry.o)
 .text          0x000000000121048c        0x0 ../niosII_pwm_project_bsp/\libhal_bsp.a(alt_irq_handler.o)
 .text          0x000000000121048c        0x0 ../niosII_pwm_project_bsp/\libhal_bsp.a(alt_irq_vars.o)
 .text          0x000000000121048c      0x274 ../niosII_pwm_project_bsp/\libhal_bsp.a(alt_open.o)
                0x00000000012105a8                open
 .text          0x0000000001210700      0x19c ../niosII_pwm_project_bsp/\libhal_bsp.a(alt_tick.o)
                0x0000000001210700                alt_alarm_stop
                0x0000000001210798                alt_tick
 .text          0x000000000121089c       0x20 ../niosII_pwm_project_bsp/\libhal_bsp.a(altera_nios2_gen2_irq.o)
                0x000000000121089c                altera_nios2_gen2_irq_init
 .text          0x00000000012108bc      0x460 ../niosII_pwm_project_bsp/\libhal_bsp.a(altera_avalon_cfi_flash_amd.o)
                0x00000000012108bc                alt_program_amd
                0x0000000001210924                alt_erase_block_amd
 .text          0x0000000001210d1c      0x454 ../niosII_pwm_project_bsp/\libhal_bsp.a(altera_avalon_cfi_flash_intel.o)
                0x0000000001210d1c                alt_program_intel
                0x0000000001210d9c                alt_erase_block_intel
 .text          0x0000000001211170      0x190 ../niosII_pwm_project_bsp/\libhal_bsp.a(altera_avalon_performance_counter.o)
                0x0000000001211170                perf_get_section_time
                0x000000000121122c                perf_get_total_time
                0x0000000001211278                perf_get_num_starts
                0x00000000012112b8                alt_get_performance_counter_base
                0x00000000012112dc                alt_get_cpu_freq
 .text          0x0000000001211300        0x0 ../niosII_pwm_project_bsp/\libhal_bsp.a(alt_exception_entry.o)
 .text          0x0000000001211300       0x90 ../niosII_pwm_project_bsp/\libhal_bsp.a(alt_find_dev.o)
                0x0000000001211300                alt_find_dev
 .text          0x0000000001211390      0x114 ../niosII_pwm_project_bsp/\libhal_bsp.a(alt_find_file.o)
                0x0000000001211390                alt_find_file
 .text          0x00000000012114a4       0xb4 ../niosII_pwm_project_bsp/\libhal_bsp.a(alt_get_fd.o)
                0x00000000012114a4                alt_get_fd
 .text          0x0000000001211558       0x9c ../niosII_pwm_project_bsp/\libhal_bsp.a(alt_instruction_exception_entry.o)
                0x0000000001211558                alt_exception_cause_generated_bad_addr
 .text          0x00000000012115f4       0x30 ../niosII_pwm_project_bsp/\libhal_bsp.a(alt_usleep.o)
                0x00000000012115f4                usleep
 .text          0x0000000001211624      0x158 ../niosII_pwm_project_bsp/\libhal_bsp.a(alt_busy_sleep.o)
                0x0000000001211624                alt_busy_sleep
 .text          0x000000000121177c       0x14 c:/altera/15.0/nios2eds/bin/gnu/h-x86_64-mingw32/bin/../lib/gcc/nios2-elf/4.9.1/../../../../../H-x86_64-mingw32/nios2-elf/lib\libc.a(lib_a-atexit.o)
                0x000000000121177c                atexit
 .text          0x0000000001211790       0x38 c:/altera/15.0/nios2eds/bin/gnu/h-x86_64-mingw32/bin/../lib/gcc/nios2-elf/4.9.1/../../../../../H-x86_64-mingw32/nios2-elf/lib\libc.a(lib_a-exit.o)
                0x0000000001211790                exit
 .text          0x00000000012117c8       0x7c c:/altera/15.0/nios2eds/bin/gnu/h-x86_64-mingw32/bin/../lib/gcc/nios2-elf/4.9.1/../../../../../H-x86_64-mingw32/nios2-elf/lib\libc.a(lib_a-memcmp.o)
                0x00000000012117c8                memcmp
 .text          0x0000000001211844      0x114 c:/altera/15.0/nios2eds/bin/gnu/h-x86_64-mingw32/bin/../lib/gcc/nios2-elf/4.9.1/../../../../../H-x86_64-mingw32/nios2-elf/lib\libc.a(lib_a-__atexit.o)
                0x0000000001211844                __register_exitproc
 .text          0x0000000001211958      0x194 c:/altera/15.0/nios2eds/bin/gnu/h-x86_64-mingw32/bin/../lib/gcc/nios2-elf/4.9.1/../../../../../H-x86_64-mingw32/nios2-elf/lib\libc.a(lib_a-__call_atexit.o)
                0x0000000001211958                __call_exitprocs
 .text          0x0000000001211aec       0x70 c:/altera/15.0/nios2eds/bin/gnu/h-x86_64-mingw32/bin/../lib/gcc/nios2-elf/4.9.1\libgcc.a(_floatundidf.o)
                0x0000000001211aec                __floatundidf
 .text          0x0000000001211b5c       0x34 ../niosII_pwm_project_bsp/\libhal_bsp.a(alt_exit.o)
                0x0000000001211b5c                _exit
 *(.gnu.warning.*)
 *(.fini)
                0x0000000001211b90                PROVIDE (__etext, ABSOLUTE (.))
                0x0000000001211b90                PROVIDE (_etext, ABSOLUTE (.))
                0x0000000001211b90                PROVIDE (etext, ABSOLUTE (.))
 *(.eh_frame_hdr)
                0x0000000001211b90                . = ALIGN (0x4)
                0x0000000001211b90                PROVIDE (__preinit_array_start, ABSOLUTE (.))
 *(.preinit_array)
                0x0000000001211b90                PROVIDE (__preinit_array_end, ABSOLUTE (.))
                0x0000000001211b90                PROVIDE (__init_array_start, ABSOLUTE (.))
 *(.init_array)
                0x0000000001211b90                PROVIDE (__init_array_end, ABSOLUTE (.))
                0x0000000001211b90                PROVIDE (__fini_array_start, ABSOLUTE (.))
 *(.fini_array)
                0x0000000001211b90                PROVIDE (__fini_array_end, ABSOLUTE (.))
 *(.eh_frame)
 *(.gcc_except_table .gcc_except_table.*)
 *(.dynamic)
                0x0000000001211b90                PROVIDE (__CTOR_LIST__, ABSOLUTE (.))
 *(.ctors)
 *(SORT(.ctors.*))
                0x0000000001211b90                PROVIDE (__CTOR_END__, ABSOLUTE (.))
                0x0000000001211b90                PROVIDE (__DTOR_LIST__, ABSOLUTE (.))
 *(.dtors)
 *(SORT(.dtors.*))
                0x0000000001211b90                PROVIDE (__DTOR_END__, ABSOLUTE (.))
 *(.jcr)
                0x0000000001211b90                . = ALIGN (0x4)

.rodata         0x0000000001211b90      0x45c
                0x0000000001211b90                PROVIDE (__ram_rodata_start, ABSOLUTE (.))
                0x0000000001211b90                . = ALIGN (0x4)
 *(.rodata .rodata.* .gnu.linkonce.r.*)
 .rodata        0x0000000001211b90       0x54 obj/default/ones.o
 .rodata.str1.4
                0x0000000001211be4       0x42 c:/altera/15.0/nios2eds/bin/gnu/h-x86_64-mingw32/bin/../lib/gcc/nios2-elf/4.9.1/../../../../../H-x86_64-mingw32/nios2-elf/lib\libc.a(lib_a-vfprintf.o)
                                         0x44 (size before relaxing)
 .rodata        0x0000000001211c26       0x20 c:/altera/15.0/nios2eds/bin/gnu/h-x86_64-mingw32/bin/../lib/gcc/nios2-elf/4.9.1/../../../../../H-x86_64-mingw32/nios2-elf/lib\libc.a(lib_a-vfprintf.o)
 *fill*         0x0000000001211c46        0x2 
 .rodata.str1.4
                0x0000000001211c48       0x10 c:/altera/15.0/nios2eds/bin/gnu/h-x86_64-mingw32/bin/../lib/gcc/nios2-elf/4.9.1/../../../../../H-x86_64-mingw32/nios2-elf/lib\libc.a(lib_a-dtoa.o)
                                         0x14 (size before relaxing)
 .rodata.str1.4
                0x0000000001211c58        0x2 c:/altera/15.0/nios2eds/bin/gnu/h-x86_64-mingw32/bin/../lib/gcc/nios2-elf/4.9.1/../../../../../H-x86_64-mingw32/nios2-elf/lib\libc.a(lib_a-impure.o)
                                          0x4 (size before relaxing)
 *fill*         0x0000000001211c5a        0x2 
 .rodata.str1.4
                0x0000000001211c5c        0xc c:/altera/15.0/nios2eds/bin/gnu/h-x86_64-mingw32/bin/../lib/gcc/nios2-elf/4.9.1/../../../../../H-x86_64-mingw32/nios2-elf/lib\libc.a(lib_a-locale.o)
                                         0x14 (size before relaxing)
 .rodata        0x0000000001211c68      0x124 c:/altera/15.0/nios2eds/bin/gnu/h-x86_64-mingw32/bin/../lib/gcc/nios2-elf/4.9.1/../../../../../H-x86_64-mingw32/nios2-elf/lib\libc.a(lib_a-mprec.o)
                0x0000000001211c74                __mprec_tinytens
                0x0000000001211c9c                __mprec_bigtens
                0x0000000001211cc4                __mprec_tens
 .rodata.str1.4
                0x0000000000000000       0x30 c:/altera/15.0/nios2eds/bin/gnu/h-x86_64-mingw32/bin/../lib/gcc/nios2-elf/4.9.1/../../../../../H-x86_64-mingw32/nios2-elf/lib\libc.a(lib_a-vfiprintf.o)
 .rodata        0x0000000001211d8c       0x20 c:/altera/15.0/nios2eds/bin/gnu/h-x86_64-mingw32/bin/../lib/gcc/nios2-elf/4.9.1/../../../../../H-x86_64-mingw32/nios2-elf/lib\libc.a(lib_a-vfiprintf.o)
 .rodata        0x0000000001211dac      0x100 c:/altera/15.0/nios2eds/bin/gnu/h-x86_64-mingw32/bin/../lib/gcc/nios2-elf/4.9.1\libgcc.a(_clz.o)
                0x0000000001211dac                __clz_tab
 .rodata        0x0000000001211eac        0xc ../niosII_pwm_project_bsp/\libhal_bsp.a(alt_dev.o)
 .rodata        0x0000000001211eb8       0x10 ../niosII_pwm_project_bsp/\libhal_bsp.a(alt_main.o)
 .rodata        0x0000000001211ec8       0x24 ../niosII_pwm_project_bsp/\libhal_bsp.a(alt_sys_init.o)
 .rodata        0x0000000001211eec      0x100 ../niosII_pwm_project_bsp/\libhal_bsp.a(perf_print_formatted_report.o)
 *(.rodata1)
                0x0000000001211fec                . = ALIGN (0x4)
                0x0000000001211fec                PROVIDE (__ram_rodata_end, ABSOLUTE (.))
                0x0000000001211b90                PROVIDE (__flash_rodata_start, LOADADDR (.rodata))

.rwdata         0x0000000001211fec     0x1bd0
                0x0000000001211fec                PROVIDE (__ram_rwdata_start, ABSOLUTE (.))
                0x0000000001211fec                . = ALIGN (0x4)
 *(.got.plt)
 *(.got)
 *(.data1)
 *(.data .data.* .gnu.linkonce.d.*)
 .data          0x0000000001211fec        0x0 ../niosII_pwm_project_bsp//obj/HAL/src/crt0.o
 .data          0x0000000001211fec        0x0 obj/default/ones.o
 .data          0x0000000001211fec        0x0 c:/altera/15.0/nios2eds/bin/gnu/h-x86_64-mingw32/bin/../lib/gcc/nios2-elf/4.9.1/../../../../../H-x86_64-mingw32/nios2-elf/lib\libc.a(lib_a-printf.o)
 .data          0x0000000001211fec        0x0 c:/altera/15.0/nios2eds/bin/gnu/h-x86_64-mingw32/bin/../lib/gcc/nios2-elf/4.9.1/../../../../../H-x86_64-mingw32/nios2-elf/lib\libc.a(lib_a-vfprintf.o)
 .data          0x0000000001211fec        0x0 c:/altera/15.0/nios2eds/bin/gnu/h-x86_64-mingw32/bin/../lib/gcc/nios2-elf/4.9.1/../../../../../H-x86_64-mingw32/nios2-elf/lib\libc.a(lib_a-wsetup.o)
 .data          0x0000000001211fec        0x0 c:/altera/15.0/nios2eds/bin/gnu/h-x86_64-mingw32/bin/../lib/gcc/nios2-elf/4.9.1/../../../../../H-x86_64-mingw32/nios2-elf/lib\libc.a(lib_a-dtoa.o)
 .data          0x0000000001211fec        0x0 c:/altera/15.0/nios2eds/bin/gnu/h-x86_64-mingw32/bin/../lib/gcc/nios2-elf/4.9.1/../../../../../H-x86_64-mingw32/nios2-elf/lib\libc.a(lib_a-fflush.o)
 .data          0x0000000001211fec        0x0 c:/altera/15.0/nios2eds/bin/gnu/h-x86_64-mingw32/bin/../lib/gcc/nios2-elf/4.9.1/../../../../../H-x86_64-mingw32/nios2-elf/lib\libc.a(lib_a-findfp.o)
 .data          0x0000000001211fec        0x0 c:/altera/15.0/nios2eds/bin/gnu/h-x86_64-mingw32/bin/../lib/gcc/nios2-elf/4.9.1/../../../../../H-x86_64-mingw32/nios2-elf/lib\libc.a(lib_a-freer.o)
 .data          0x0000000001211fec        0x0 c:/altera/15.0/nios2eds/bin/gnu/h-x86_64-mingw32/bin/../lib/gcc/nios2-elf/4.9.1/../../../../../H-x86_64-mingw32/nios2-elf/lib\libc.a(lib_a-fwalk.o)
 .data          0x0000000001211fec      0x424 c:/altera/15.0/nios2eds/bin/gnu/h-x86_64-mingw32/bin/../lib/gcc/nios2-elf/4.9.1/../../../../../H-x86_64-mingw32/nios2-elf/lib\libc.a(lib_a-impure.o)
 .data          0x0000000001212410       0x78 c:/altera/15.0/nios2eds/bin/gnu/h-x86_64-mingw32/bin/../lib/gcc/nios2-elf/4.9.1/../../../../../H-x86_64-mingw32/nios2-elf/lib\libc.a(lib_a-locale.o)
 .data          0x0000000001212488        0x0 c:/altera/15.0/nios2eds/bin/gnu/h-x86_64-mingw32/bin/../lib/gcc/nios2-elf/4.9.1/../../../../../H-x86_64-mingw32/nios2-elf/lib\libc.a(lib_a-makebuf.o)
 .data          0x0000000001212488      0x408 c:/altera/15.0/nios2eds/bin/gnu/h-x86_64-mingw32/bin/../lib/gcc/nios2-elf/4.9.1/../../../../../H-x86_64-mingw32/nios2-elf/lib\libc.a(lib_a-mallocr.o)
                0x0000000001212488                __malloc_av_
 .data          0x0000000001212890        0x0 c:/altera/15.0/nios2eds/bin/gnu/h-x86_64-mingw32/bin/../lib/gcc/nios2-elf/4.9.1/../../../../../H-x86_64-mingw32/nios2-elf/lib\libc.a(lib_a-memchr.o)
 .data          0x0000000001212890        0x0 c:/altera/15.0/nios2eds/bin/gnu/h-x86_64-mingw32/bin/../lib/gcc/nios2-elf/4.9.1/../../../../../H-x86_64-mingw32/nios2-elf/lib\libc.a(lib_a-memcpy.o)
 .data          0x0000000001212890        0x0 c:/altera/15.0/nios2eds/bin/gnu/h-x86_64-mingw32/bin/../lib/gcc/nios2-elf/4.9.1/../../../../../H-x86_64-mingw32/nios2-elf/lib\libc.a(lib_a-memset.o)
 .data          0x0000000001212890        0x0 c:/altera/15.0/nios2eds/bin/gnu/h-x86_64-mingw32/bin/../lib/gcc/nios2-elf/4.9.1/../../../../../H-x86_64-mingw32/nios2-elf/lib\libc.a(lib_a-mprec.o)
 .data          0x0000000001212890        0x0 c:/altera/15.0/nios2eds/bin/gnu/h-x86_64-mingw32/bin/../lib/gcc/nios2-elf/4.9.1/../../../../../H-x86_64-mingw32/nios2-elf/lib\libc.a(lib_a-s_fpclassify.o)
 .data          0x0000000001212890        0x0 c:/altera/15.0/nios2eds/bin/gnu/h-x86_64-mingw32/bin/../lib/gcc/nios2-elf/4.9.1/../../../../../H-x86_64-mingw32/nios2-elf/lib\libc.a(lib_a-sbrkr.o)
 .data          0x0000000001212890        0x0 c:/altera/15.0/nios2eds/bin/gnu/h-x86_64-mingw32/bin/../lib/gcc/nios2-elf/4.9.1/../../../../../H-x86_64-mingw32/nios2-elf/lib\libc.a(lib_a-stdio.o)
 .data          0x0000000001212890        0x0 c:/altera/15.0/nios2eds/bin/gnu/h-x86_64-mingw32/bin/../lib/gcc/nios2-elf/4.9.1/../../../../../H-x86_64-mingw32/nios2-elf/lib\libc.a(lib_a-strcmp.o)
 .data          0x0000000001212890        0x0 c:/altera/15.0/nios2eds/bin/gnu/h-x86_64-mingw32/bin/../lib/gcc/nios2-elf/4.9.1/../../../../../H-x86_64-mingw32/nios2-elf/lib\libc.a(lib_a-strlen.o)
 .data          0x0000000001212890        0x0 c:/altera/15.0/nios2eds/bin/gnu/h-x86_64-mingw32/bin/../lib/gcc/nios2-elf/4.9.1/../../../../../H-x86_64-mingw32/nios2-elf/lib\libc.a(lib_a-vfiprintf.o)
 .data          0x0000000001212890        0x0 c:/altera/15.0/nios2eds/bin/gnu/h-x86_64-mingw32/bin/../lib/gcc/nios2-elf/4.9.1/../../../../../H-x86_64-mingw32/nios2-elf/lib\libc.a(lib_a-writer.o)
 .data          0x0000000001212890        0x0 c:/altera/15.0/nios2eds/bin/gnu/h-x86_64-mingw32/bin/../lib/gcc/nios2-elf/4.9.1/../../../../../H-x86_64-mingw32/nios2-elf/lib\libc.a(closer.o)
 .data          0x0000000001212890        0x0 c:/altera/15.0/nios2eds/bin/gnu/h-x86_64-mingw32/bin/../lib/gcc/nios2-elf/4.9.1/../../../../../H-x86_64-mingw32/nios2-elf/lib\libc.a(lib_a-callocr.o)
 .data          0x0000000001212890        0x0 c:/altera/15.0/nios2eds/bin/gnu/h-x86_64-mingw32/bin/../lib/gcc/nios2-elf/4.9.1/../../../../../H-x86_64-mingw32/nios2-elf/lib\libc.a(lib_a-fclose.o)
 .data          0x0000000001212890        0x0 c:/altera/15.0/nios2eds/bin/gnu/h-x86_64-mingw32/bin/../lib/gcc/nios2-elf/4.9.1/../../../../../H-x86_64-mingw32/nios2-elf/lib\libc.a(lib_a-fputwc.o)
 .data          0x0000000001212890        0x0 c:/altera/15.0/nios2eds/bin/gnu/h-x86_64-mingw32/bin/../lib/gcc/nios2-elf/4.9.1/../../../../../H-x86_64-mingw32/nios2-elf/lib\libc.a(lib_a-fstatr.o)
 .data          0x0000000001212890        0x0 c:/altera/15.0/nios2eds/bin/gnu/h-x86_64-mingw32/bin/../lib/gcc/nios2-elf/4.9.1/../../../../../H-x86_64-mingw32/nios2-elf/lib\libc.a(lib_a-fvwrite.o)
 .data          0x0000000001212890        0x0 c:/altera/15.0/nios2eds/bin/gnu/h-x86_64-mingw32/bin/../lib/gcc/nios2-elf/4.9.1/../../../../../H-x86_64-mingw32/nios2-elf/lib\libc.a(lib_a-int_errno.o)
 .data          0x0000000001212890        0x0 c:/altera/15.0/nios2eds/bin/gnu/h-x86_64-mingw32/bin/../lib/gcc/nios2-elf/4.9.1/../../../../../H-x86_64-mingw32/nios2-elf/lib\libc.a(lib_a-isattyr.o)
 .data          0x0000000001212890        0x0 c:/altera/15.0/nios2eds/bin/gnu/h-x86_64-mingw32/bin/../lib/gcc/nios2-elf/4.9.1/../../../../../H-x86_64-mingw32/nios2-elf/lib\libc.a(lib_a-lseekr.o)
 .data          0x0000000001212890        0x0 c:/altera/15.0/nios2eds/bin/gnu/h-x86_64-mingw32/bin/../lib/gcc/nios2-elf/4.9.1/../../../../../H-x86_64-mingw32/nios2-elf/lib\libc.a(lib_a-memmove.o)
 .data          0x0000000001212890        0x0 c:/altera/15.0/nios2eds/bin/gnu/h-x86_64-mingw32/bin/../lib/gcc/nios2-elf/4.9.1/../../../../../H-x86_64-mingw32/nios2-elf/lib\libc.a(lib_a-readr.o)
 .data          0x0000000001212890        0x0 c:/altera/15.0/nios2eds/bin/gnu/h-x86_64-mingw32/bin/../lib/gcc/nios2-elf/4.9.1/../../../../../H-x86_64-mingw32/nios2-elf/lib\libc.a(lib_a-reallocr.o)
 .data          0x0000000001212890        0x0 c:/altera/15.0/nios2eds/bin/gnu/h-x86_64-mingw32/bin/../lib/gcc/nios2-elf/4.9.1/../../../../../H-x86_64-mingw32/nios2-elf/lib\libc.a(lib_a-wbuf.o)
 .data          0x0000000001212890        0x0 c:/altera/15.0/nios2eds/bin/gnu/h-x86_64-mingw32/bin/../lib/gcc/nios2-elf/4.9.1/../../../../../H-x86_64-mingw32/nios2-elf/lib\libc.a(lib_a-wcrtomb.o)
 .data          0x0000000001212890        0x0 c:/altera/15.0/nios2eds/bin/gnu/h-x86_64-mingw32/bin/../lib/gcc/nios2-elf/4.9.1/../../../../../H-x86_64-mingw32/nios2-elf/lib\libc.a(lib_a-wctomb_r.o)
 .data          0x0000000001212890        0x0 c:/altera/15.0/nios2eds/bin/gnu/h-x86_64-mingw32/bin/../lib/gcc/nios2-elf/4.9.1\libgcc.a(_udivdi3.o)
 .data          0x0000000001212890        0x0 c:/altera/15.0/nios2eds/bin/gnu/h-x86_64-mingw32/bin/../lib/gcc/nios2-elf/4.9.1\libgcc.a(_umoddi3.o)
 .data          0x0000000001212890        0x0 c:/altera/15.0/nios2eds/bin/gnu/h-x86_64-mingw32/bin/../lib/gcc/nios2-elf/4.9.1\libgcc.a(lib2-divmod.o)
 .data          0x0000000001212890        0x0 c:/altera/15.0/nios2eds/bin/gnu/h-x86_64-mingw32/bin/../lib/gcc/nios2-elf/4.9.1\libgcc.a(adddf3.o)
 .data          0x0000000001212890        0x0 c:/altera/15.0/nios2eds/bin/gnu/h-x86_64-mingw32/bin/../lib/gcc/nios2-elf/4.9.1\libgcc.a(divdf3.o)
 .data          0x0000000001212890        0x0 c:/altera/15.0/nios2eds/bin/gnu/h-x86_64-mingw32/bin/../lib/gcc/nios2-elf/4.9.1\libgcc.a(eqdf2.o)
 .data          0x0000000001212890        0x0 c:/altera/15.0/nios2eds/bin/gnu/h-x86_64-mingw32/bin/../lib/gcc/nios2-elf/4.9.1\libgcc.a(gedf2.o)
 .data          0x0000000001212890        0x0 c:/altera/15.0/nios2eds/bin/gnu/h-x86_64-mingw32/bin/../lib/gcc/nios2-elf/4.9.1\libgcc.a(ledf2.o)
 .data          0x0000000001212890        0x0 c:/altera/15.0/nios2eds/bin/gnu/h-x86_64-mingw32/bin/../lib/gcc/nios2-elf/4.9.1\libgcc.a(muldf3.o)
 .data          0x0000000001212890        0x0 c:/altera/15.0/nios2eds/bin/gnu/h-x86_64-mingw32/bin/../lib/gcc/nios2-elf/4.9.1\libgcc.a(subdf3.o)
 .data          0x0000000001212890        0x0 c:/altera/15.0/nios2eds/bin/gnu/h-x86_64-mingw32/bin/../lib/gcc/nios2-elf/4.9.1\libgcc.a(fixdfsi.o)
 .data          0x0000000001212890        0x0 c:/altera/15.0/nios2eds/bin/gnu/h-x86_64-mingw32/bin/../lib/gcc/nios2-elf/4.9.1\libgcc.a(floatsidf.o)
 .data          0x0000000001212890        0x0 c:/altera/15.0/nios2eds/bin/gnu/h-x86_64-mingw32/bin/../lib/gcc/nios2-elf/4.9.1\libgcc.a(floatunsidf.o)
 .data          0x0000000001212890        0x0 c:/altera/15.0/nios2eds/bin/gnu/h-x86_64-mingw32/bin/../lib/gcc/nios2-elf/4.9.1\libgcc.a(_clz.o)
 .data          0x0000000001212890        0x0 c:/altera/15.0/nios2eds/bin/gnu/h-x86_64-mingw32/bin/../lib/gcc/nios2-elf/4.9.1\libgcc.a(_clzsi2.o)
 .data          0x0000000001212890        0x0 ../niosII_pwm_project_bsp/\libhal_bsp.a(alt_close.o)
 .data          0x0000000001212890      0x1a8 ../niosII_pwm_project_bsp/\libhal_bsp.a(alt_dev.o)
                0x0000000001212890                alt_dev_null
                0x00000000012128b8                alt_fd_list
 .data          0x0000000001212a38        0x0 ../niosII_pwm_project_bsp/\libhal_bsp.a(alt_errno.o)
 .data          0x0000000001212a38        0x0 ../niosII_pwm_project_bsp/\libhal_bsp.a(alt_fstat.o)
 .data          0x0000000001212a38        0x0 ../niosII_pwm_project_bsp/\libhal_bsp.a(alt_isatty.o)
 .data          0x0000000001212a38        0x0 ../niosII_pwm_project_bsp/\libhal_bsp.a(alt_lseek.o)
 .data          0x0000000001212a38        0x0 ../niosII_pwm_project_bsp/\libhal_bsp.a(alt_main.o)
 .data          0x0000000001212a38        0x0 ../niosII_pwm_project_bsp/\libhal_bsp.a(alt_malloc_lock.o)
 .data          0x0000000001212a38        0x0 ../niosII_pwm_project_bsp/\libhal_bsp.a(alt_read.o)
 .data          0x0000000001212a38        0x0 ../niosII_pwm_project_bsp/\libhal_bsp.a(alt_release_fd.o)
 .data          0x0000000001212a38        0x0 ../niosII_pwm_project_bsp/\libhal_bsp.a(alt_sbrk.o)
 .data          0x0000000001212a38        0x0 ../niosII_pwm_project_bsp/\libhal_bsp.a(alt_write.o)
 .data          0x0000000001212a38     0x113c ../niosII_pwm_project_bsp/\libhal_bsp.a(alt_sys_init.o)
 .data          0x0000000001213b74        0x0 ../niosII_pwm_project_bsp/\libhal_bsp.a(altera_avalon_cfi_flash.o)
 .data          0x0000000001213b74        0x0 ../niosII_pwm_project_bsp/\libhal_bsp.a(altera_avalon_cfi_flash_table.o)
 .data          0x0000000001213b74        0x0 ../niosII_pwm_project_bsp/\libhal_bsp.a(altera_avalon_jtag_uart_fd.o)
 .data          0x0000000001213b74        0x0 ../niosII_pwm_project_bsp/\libhal_bsp.a(altera_avalon_jtag_uart_init.o)
 .data          0x0000000001213b74        0x0 ../niosII_pwm_project_bsp/\libhal_bsp.a(altera_avalon_jtag_uart_ioctl.o)
 .data          0x0000000001213b74        0x0 ../niosII_pwm_project_bsp/\libhal_bsp.a(altera_avalon_jtag_uart_read.o)
 .data          0x0000000001213b74        0x0 ../niosII_pwm_project_bsp/\libhal_bsp.a(altera_avalon_jtag_uart_write.o)
 .data          0x0000000001213b74        0x0 ../niosII_pwm_project_bsp/\libhal_bsp.a(altera_avalon_timer_sc.o)
 .data          0x0000000001213b74        0x0 ../niosII_pwm_project_bsp/\libhal_bsp.a(perf_print_formatted_report.o)
 .data          0x0000000001213b74        0x0 ../niosII_pwm_project_bsp/\libhal_bsp.a(alt_alarm_start.o)
 .data          0x0000000001213b74        0x0 ../niosII_pwm_project_bsp/\libhal_bsp.a(alt_dcache_flush.o)
 .data          0x0000000001213b74        0x0 ../niosII_pwm_project_bsp/\libhal_bsp.a(alt_dev_llist_insert.o)
 .data          0x0000000001213b74        0x0 ../niosII_pwm_project_bsp/\libhal_bsp.a(alt_do_ctors.o)
 .data          0x0000000001213b74        0x0 ../niosII_pwm_project_bsp/\libhal_bsp.a(alt_do_dtors.o)
 .data          0x0000000001213b74        0x0 ../niosII_pwm_project_bsp/\libhal_bsp.a(alt_flash_dev.o)
 .data          0x0000000001213b74        0x0 ../niosII_pwm_project_bsp/\libhal_bsp.a(alt_iic.o)
 .data          0x0000000001213b74        0x0 ../niosII_pwm_project_bsp/\libhal_bsp.a(alt_iic_isr_register.o)
 .data          0x0000000001213b74        0x0 ../niosII_pwm_project_bsp/\libhal_bsp.a(alt_io_redirect.o)
 .data          0x0000000001213b74        0x0 ../niosII_pwm_project_bsp/\libhal_bsp.a(alt_irq_entry.o)
 .data          0x0000000001213b74        0x0 ../niosII_pwm_project_bsp/\libhal_bsp.a(alt_irq_handler.o)
 .data          0x0000000001213b74        0x0 ../niosII_pwm_project_bsp/\libhal_bsp.a(alt_irq_vars.o)
 .data          0x0000000001213b74        0x0 ../niosII_pwm_project_bsp/\libhal_bsp.a(alt_open.o)
 .data          0x0000000001213b74        0x0 ../niosII_pwm_project_bsp/\libhal_bsp.a(alt_tick.o)
 .data          0x0000000001213b74        0x0 ../niosII_pwm_project_bsp/\libhal_bsp.a(altera_nios2_gen2_irq.o)
 .data          0x0000000001213b74        0x0 ../niosII_pwm_project_bsp/\libhal_bsp.a(altera_avalon_cfi_flash_amd.o)
 .data          0x0000000001213b74        0x0 ../niosII_pwm_project_bsp/\libhal_bsp.a(altera_avalon_cfi_flash_intel.o)
 .data          0x0000000001213b74        0x0 ../niosII_pwm_project_bsp/\libhal_bsp.a(altera_avalon_performance_counter.o)
 .data          0x0000000001213b74        0x0 ../niosII_pwm_project_bsp/\libhal_bsp.a(alt_exception_entry.o)
 .data          0x0000000001213b74        0x0 ../niosII_pwm_project_bsp/\libhal_bsp.a(alt_find_dev.o)
 .data          0x0000000001213b74        0x0 ../niosII_pwm_project_bsp/\libhal_bsp.a(alt_find_file.o)
 .data          0x0000000001213b74        0x0 ../niosII_pwm_project_bsp/\libhal_bsp.a(alt_get_fd.o)
 .data          0x0000000001213b74        0x0 ../niosII_pwm_project_bsp/\libhal_bsp.a(alt_instruction_exception_entry.o)
 .data          0x0000000001213b74        0x0 ../niosII_pwm_project_bsp/\libhal_bsp.a(alt_usleep.o)
 .data          0x0000000001213b74        0x0 ../niosII_pwm_project_bsp/\libhal_bsp.a(alt_busy_sleep.o)
 .data          0x0000000001213b74        0x0 c:/altera/15.0/nios2eds/bin/gnu/h-x86_64-mingw32/bin/../lib/gcc/nios2-elf/4.9.1/../../../../../H-x86_64-mingw32/nios2-elf/lib\libc.a(lib_a-atexit.o)
 .data          0x0000000001213b74        0x0 c:/altera/15.0/nios2eds/bin/gnu/h-x86_64-mingw32/bin/../lib/gcc/nios2-elf/4.9.1/../../../../../H-x86_64-mingw32/nios2-elf/lib\libc.a(lib_a-exit.o)
 .data          0x0000000001213b74        0x0 c:/altera/15.0/nios2eds/bin/gnu/h-x86_64-mingw32/bin/../lib/gcc/nios2-elf/4.9.1/../../../../../H-x86_64-mingw32/nios2-elf/lib\libc.a(lib_a-memcmp.o)
 .data          0x0000000001213b74        0x0 c:/altera/15.0/nios2eds/bin/gnu/h-x86_64-mingw32/bin/../lib/gcc/nios2-elf/4.9.1/../../../../../H-x86_64-mingw32/nios2-elf/lib\libc.a(lib_a-__atexit.o)
 .data          0x0000000001213b74        0x0 c:/altera/15.0/nios2eds/bin/gnu/h-x86_64-mingw32/bin/../lib/gcc/nios2-elf/4.9.1/../../../../../H-x86_64-mingw32/nios2-elf/lib\libc.a(lib_a-__call_atexit.o)
 .data          0x0000000001213b74        0x0 c:/altera/15.0/nios2eds/bin/gnu/h-x86_64-mingw32/bin/../lib/gcc/nios2-elf/4.9.1\libgcc.a(_floatundidf.o)
 .data          0x0000000001213b74        0x0 ../niosII_pwm_project_bsp/\libhal_bsp.a(alt_exit.o)
                0x000000000121bb74                _gp = ABSOLUTE ((. + 0x8000))
                0x000000000121bb74                PROVIDE (gp, _gp)
 *(.rwdata .rwdata.*)
 *(.sdata .sdata.* .gnu.linkonce.s.*)
 .sdata         0x0000000001213b74        0x8 c:/altera/15.0/nios2eds/bin/gnu/h-x86_64-mingw32/bin/../lib/gcc/nios2-elf/4.9.1/../../../../../H-x86_64-mingw32/nios2-elf/lib\libc.a(lib_a-impure.o)
                0x0000000001213b74                _global_impure_ptr
                0x0000000001213b78                _impure_ptr
 .sdata         0x0000000001213b7c        0x4 c:/altera/15.0/nios2eds/bin/gnu/h-x86_64-mingw32/bin/../lib/gcc/nios2-elf/4.9.1/../../../../../H-x86_64-mingw32/nios2-elf/lib\libc.a(lib_a-locale.o)
                0x0000000001213b7c                __mb_cur_max
 .sdata         0x0000000001213b80        0x8 c:/altera/15.0/nios2eds/bin/gnu/h-x86_64-mingw32/bin/../lib/gcc/nios2-elf/4.9.1/../../../../../H-x86_64-mingw32/nios2-elf/lib\libc.a(lib_a-mallocr.o)
                0x0000000001213b80                __malloc_sbrk_base
                0x0000000001213b84                __malloc_trim_threshold
 .sdata         0x0000000001213b88        0x4 c:/altera/15.0/nios2eds/bin/gnu/h-x86_64-mingw32/bin/../lib/gcc/nios2-elf/4.9.1/../../../../../H-x86_64-mingw32/nios2-elf/lib\libc.a(lib_a-wctomb_r.o)
                0x0000000001213b88                __wctomb
 .sdata         0x0000000001213b8c       0x14 ../niosII_pwm_project_bsp/\libhal_bsp.a(alt_dev.o)
                0x0000000001213b8c                alt_fs_list
                0x0000000001213b94                alt_dev_list
                0x0000000001213b9c                alt_max_fd
 .sdata         0x0000000001213ba0        0x4 ../niosII_pwm_project_bsp/\libhal_bsp.a(alt_errno.o)
                0x0000000001213ba0                alt_errno
 .sdata         0x0000000001213ba4        0x4 ../niosII_pwm_project_bsp/\libhal_bsp.a(alt_sbrk.o)
 .sdata         0x0000000001213ba8        0x8 ../niosII_pwm_project_bsp/\libhal_bsp.a(alt_flash_dev.o)
                0x0000000001213ba8                alt_flash_dev_list
 .sdata         0x0000000001213bb0        0x4 ../niosII_pwm_project_bsp/\libhal_bsp.a(alt_irq_vars.o)
                0x0000000001213bb0                alt_priority_mask
 .sdata         0x0000000001213bb4        0x8 ../niosII_pwm_project_bsp/\libhal_bsp.a(alt_tick.o)
                0x0000000001213bb4                alt_alarm_list
 *(.sdata2 .sdata2.* .gnu.linkonce.s2.*)
                0x0000000001213bbc                . = ALIGN (0x4)
                0x0000000001213bbc                _edata = ABSOLUTE (.)
                0x0000000001213bbc                PROVIDE (edata, ABSOLUTE (.))
                0x0000000001213bbc                PROVIDE (__ram_rwdata_end, ABSOLUTE (.))
                0x0000000001211fec                PROVIDE (__flash_rwdata_start, LOADADDR (.rwdata))

.bss            0x0000000001213bbc      0x960
                0x0000000001213bbc                __bss_start = ABSOLUTE (.)
                0x0000000001213bbc                PROVIDE (__sbss_start, ABSOLUTE (.))
                0x0000000001213bbc                PROVIDE (___sbss_start, ABSOLUTE (.))
 *(.dynsbss)
 *(.sbss .sbss.* .gnu.linkonce.sb.*)
 .sbss          0x0000000001213bbc        0xc c:/altera/15.0/nios2eds/bin/gnu/h-x86_64-mingw32/bin/../lib/gcc/nios2-elf/4.9.1/../../../../../H-x86_64-mingw32/nios2-elf/lib\libc.a(lib_a-locale.o)
                0x0000000001213bbc                _PathLocale
                0x0000000001213bc0                __mlocale_changed
                0x0000000001213bc4                __nlocale_changed
 .sbss          0x0000000001213bc8        0xc c:/altera/15.0/nios2eds/bin/gnu/h-x86_64-mingw32/bin/../lib/gcc/nios2-elf/4.9.1/../../../../../H-x86_64-mingw32/nios2-elf/lib\libc.a(lib_a-mallocr.o)
                0x0000000001213bc8                __malloc_max_total_mem
                0x0000000001213bcc                __malloc_max_sbrked_mem
                0x0000000001213bd0                __malloc_top_pad
 .sbss          0x0000000001213bd4        0x4 c:/altera/15.0/nios2eds/bin/gnu/h-x86_64-mingw32/bin/../lib/gcc/nios2-elf/4.9.1/../../../../../H-x86_64-mingw32/nios2-elf/lib\libc.a(lib_a-int_errno.o)
                0x0000000001213bd4                errno
 .sbss          0x0000000001213bd8        0xc ../niosII_pwm_project_bsp/\libhal_bsp.a(alt_main.o)
                0x0000000001213bd8                alt_argc
                0x0000000001213bdc                alt_argv
                0x0000000001213be0                alt_envp
 .sbss          0x0000000001213be4        0x4 ../niosII_pwm_project_bsp/\libhal_bsp.a(alt_irq_vars.o)
                0x0000000001213be4                alt_irq_active
 .sbss          0x0000000001213be8        0x8 ../niosII_pwm_project_bsp/\libhal_bsp.a(alt_tick.o)
                0x0000000001213be8                _alt_tick_rate
                0x0000000001213bec                _alt_nticks
 .sbss          0x0000000001213bf0        0x4 ../niosII_pwm_project_bsp/\libhal_bsp.a(alt_instruction_exception_entry.o)
                0x0000000001213bf0                alt_instruction_exception_handler
 *(.sbss2 .sbss2.* .gnu.linkonce.sb2.*)
 *(.scommon)
                0x0000000001213bf4                PROVIDE (__sbss_end, ABSOLUTE (.))
                0x0000000001213bf4                PROVIDE (___sbss_end, ABSOLUTE (.))
 *(.dynbss)
 *(.bss .bss.* .gnu.linkonce.b.*)
 .bss           0x0000000001213bf4        0x0 ../niosII_pwm_project_bsp//obj/HAL/src/crt0.o
 .bss           0x0000000001213bf4        0x0 obj/default/ones.o
 .bss           0x0000000001213bf4        0x0 c:/altera/15.0/nios2eds/bin/gnu/h-x86_64-mingw32/bin/../lib/gcc/nios2-elf/4.9.1/../../../../../H-x86_64-mingw32/nios2-elf/lib\libc.a(lib_a-printf.o)
 .bss           0x0000000001213bf4        0x0 c:/altera/15.0/nios2eds/bin/gnu/h-x86_64-mingw32/bin/../lib/gcc/nios2-elf/4.9.1/../../../../../H-x86_64-mingw32/nios2-elf/lib\libc.a(lib_a-vfprintf.o)
 .bss           0x0000000001213bf4        0x0 c:/altera/15.0/nios2eds/bin/gnu/h-x86_64-mingw32/bin/../lib/gcc/nios2-elf/4.9.1/../../../../../H-x86_64-mingw32/nios2-elf/lib\libc.a(lib_a-wsetup.o)
 .bss           0x0000000001213bf4        0x0 c:/altera/15.0/nios2eds/bin/gnu/h-x86_64-mingw32/bin/../lib/gcc/nios2-elf/4.9.1/../../../../../H-x86_64-mingw32/nios2-elf/lib\libc.a(lib_a-dtoa.o)
 .bss           0x0000000001213bf4        0x0 c:/altera/15.0/nios2eds/bin/gnu/h-x86_64-mingw32/bin/../lib/gcc/nios2-elf/4.9.1/../../../../../H-x86_64-mingw32/nios2-elf/lib\libc.a(lib_a-fflush.o)
 .bss           0x0000000001213bf4        0x0 c:/altera/15.0/nios2eds/bin/gnu/h-x86_64-mingw32/bin/../lib/gcc/nios2-elf/4.9.1/../../../../../H-x86_64-mingw32/nios2-elf/lib\libc.a(lib_a-findfp.o)
 .bss           0x0000000001213bf4        0x0 c:/altera/15.0/nios2eds/bin/gnu/h-x86_64-mingw32/bin/../lib/gcc/nios2-elf/4.9.1/../../../../../H-x86_64-mingw32/nios2-elf/lib\libc.a(lib_a-freer.o)
 .bss           0x0000000001213bf4        0x0 c:/altera/15.0/nios2eds/bin/gnu/h-x86_64-mingw32/bin/../lib/gcc/nios2-elf/4.9.1/../../../../../H-x86_64-mingw32/nios2-elf/lib\libc.a(lib_a-fwalk.o)
 .bss           0x0000000001213bf4        0x0 c:/altera/15.0/nios2eds/bin/gnu/h-x86_64-mingw32/bin/../lib/gcc/nios2-elf/4.9.1/../../../../../H-x86_64-mingw32/nios2-elf/lib\libc.a(lib_a-impure.o)
 .bss           0x0000000001213bf4        0x0 c:/altera/15.0/nios2eds/bin/gnu/h-x86_64-mingw32/bin/../lib/gcc/nios2-elf/4.9.1/../../../../../H-x86_64-mingw32/nios2-elf/lib\libc.a(lib_a-locale.o)
 .bss           0x0000000001213bf4        0x0 c:/altera/15.0/nios2eds/bin/gnu/h-x86_64-mingw32/bin/../lib/gcc/nios2-elf/4.9.1/../../../../../H-x86_64-mingw32/nios2-elf/lib\libc.a(lib_a-makebuf.o)
 .bss           0x0000000001213bf4       0x28 c:/altera/15.0/nios2eds/bin/gnu/h-x86_64-mingw32/bin/../lib/gcc/nios2-elf/4.9.1/../../../../../H-x86_64-mingw32/nios2-elf/lib\libc.a(lib_a-mallocr.o)
                0x0000000001213bf4                __malloc_current_mallinfo
 .bss           0x0000000001213c1c        0x0 c:/altera/15.0/nios2eds/bin/gnu/h-x86_64-mingw32/bin/../lib/gcc/nios2-elf/4.9.1/../../../../../H-x86_64-mingw32/nios2-elf/lib\libc.a(lib_a-memchr.o)
 .bss           0x0000000001213c1c        0x0 c:/altera/15.0/nios2eds/bin/gnu/h-x86_64-mingw32/bin/../lib/gcc/nios2-elf/4.9.1/../../../../../H-x86_64-mingw32/nios2-elf/lib\libc.a(lib_a-memcpy.o)
 .bss           0x0000000001213c1c        0x0 c:/altera/15.0/nios2eds/bin/gnu/h-x86_64-mingw32/bin/../lib/gcc/nios2-elf/4.9.1/../../../../../H-x86_64-mingw32/nios2-elf/lib\libc.a(lib_a-memset.o)
 .bss           0x0000000001213c1c        0x0 c:/altera/15.0/nios2eds/bin/gnu/h-x86_64-mingw32/bin/../lib/gcc/nios2-elf/4.9.1/../../../../../H-x86_64-mingw32/nios2-elf/lib\libc.a(lib_a-mprec.o)
 .bss           0x0000000001213c1c        0x0 c:/altera/15.0/nios2eds/bin/gnu/h-x86_64-mingw32/bin/../lib/gcc/nios2-elf/4.9.1/../../../../../H-x86_64-mingw32/nios2-elf/lib\libc.a(lib_a-s_fpclassify.o)
 .bss           0x0000000001213c1c        0x0 c:/altera/15.0/nios2eds/bin/gnu/h-x86_64-mingw32/bin/../lib/gcc/nios2-elf/4.9.1/../../../../../H-x86_64-mingw32/nios2-elf/lib\libc.a(lib_a-sbrkr.o)
 .bss           0x0000000001213c1c        0x0 c:/altera/15.0/nios2eds/bin/gnu/h-x86_64-mingw32/bin/../lib/gcc/nios2-elf/4.9.1/../../../../../H-x86_64-mingw32/nios2-elf/lib\libc.a(lib_a-stdio.o)
 .bss           0x0000000001213c1c        0x0 c:/altera/15.0/nios2eds/bin/gnu/h-x86_64-mingw32/bin/../lib/gcc/nios2-elf/4.9.1/../../../../../H-x86_64-mingw32/nios2-elf/lib\libc.a(lib_a-strcmp.o)
 .bss           0x0000000001213c1c        0x0 c:/altera/15.0/nios2eds/bin/gnu/h-x86_64-mingw32/bin/../lib/gcc/nios2-elf/4.9.1/../../../../../H-x86_64-mingw32/nios2-elf/lib\libc.a(lib_a-strlen.o)
 .bss           0x0000000001213c1c        0x0 c:/altera/15.0/nios2eds/bin/gnu/h-x86_64-mingw32/bin/../lib/gcc/nios2-elf/4.9.1/../../../../../H-x86_64-mingw32/nios2-elf/lib\libc.a(lib_a-vfiprintf.o)
 .bss           0x0000000001213c1c        0x0 c:/altera/15.0/nios2eds/bin/gnu/h-x86_64-mingw32/bin/../lib/gcc/nios2-elf/4.9.1/../../../../../H-x86_64-mingw32/nios2-elf/lib\libc.a(lib_a-writer.o)
 .bss           0x0000000001213c1c        0x0 c:/altera/15.0/nios2eds/bin/gnu/h-x86_64-mingw32/bin/../lib/gcc/nios2-elf/4.9.1/../../../../../H-x86_64-mingw32/nios2-elf/lib\libc.a(closer.o)
 .bss           0x0000000001213c1c        0x0 c:/altera/15.0/nios2eds/bin/gnu/h-x86_64-mingw32/bin/../lib/gcc/nios2-elf/4.9.1/../../../../../H-x86_64-mingw32/nios2-elf/lib\libc.a(lib_a-callocr.o)
 .bss           0x0000000001213c1c        0x0 c:/altera/15.0/nios2eds/bin/gnu/h-x86_64-mingw32/bin/../lib/gcc/nios2-elf/4.9.1/../../../../../H-x86_64-mingw32/nios2-elf/lib\libc.a(lib_a-fclose.o)
 .bss           0x0000000001213c1c        0x0 c:/altera/15.0/nios2eds/bin/gnu/h-x86_64-mingw32/bin/../lib/gcc/nios2-elf/4.9.1/../../../../../H-x86_64-mingw32/nios2-elf/lib\libc.a(lib_a-fputwc.o)
 .bss           0x0000000001213c1c        0x0 c:/altera/15.0/nios2eds/bin/gnu/h-x86_64-mingw32/bin/../lib/gcc/nios2-elf/4.9.1/../../../../../H-x86_64-mingw32/nios2-elf/lib\libc.a(lib_a-fstatr.o)
 .bss           0x0000000001213c1c        0x0 c:/altera/15.0/nios2eds/bin/gnu/h-x86_64-mingw32/bin/../lib/gcc/nios2-elf/4.9.1/../../../../../H-x86_64-mingw32/nios2-elf/lib\libc.a(lib_a-fvwrite.o)
 .bss           0x0000000001213c1c        0x0 c:/altera/15.0/nios2eds/bin/gnu/h-x86_64-mingw32/bin/../lib/gcc/nios2-elf/4.9.1/../../../../../H-x86_64-mingw32/nios2-elf/lib\libc.a(lib_a-int_errno.o)
 .bss           0x0000000001213c1c        0x0 c:/altera/15.0/nios2eds/bin/gnu/h-x86_64-mingw32/bin/../lib/gcc/nios2-elf/4.9.1/../../../../../H-x86_64-mingw32/nios2-elf/lib\libc.a(lib_a-isattyr.o)
 .bss           0x0000000001213c1c        0x0 c:/altera/15.0/nios2eds/bin/gnu/h-x86_64-mingw32/bin/../lib/gcc/nios2-elf/4.9.1/../../../../../H-x86_64-mingw32/nios2-elf/lib\libc.a(lib_a-lseekr.o)
 .bss           0x0000000001213c1c        0x0 c:/altera/15.0/nios2eds/bin/gnu/h-x86_64-mingw32/bin/../lib/gcc/nios2-elf/4.9.1/../../../../../H-x86_64-mingw32/nios2-elf/lib\libc.a(lib_a-memmove.o)
 .bss           0x0000000001213c1c        0x0 c:/altera/15.0/nios2eds/bin/gnu/h-x86_64-mingw32/bin/../lib/gcc/nios2-elf/4.9.1/../../../../../H-x86_64-mingw32/nios2-elf/lib\libc.a(lib_a-readr.o)
 .bss           0x0000000001213c1c        0x0 c:/altera/15.0/nios2eds/bin/gnu/h-x86_64-mingw32/bin/../lib/gcc/nios2-elf/4.9.1/../../../../../H-x86_64-mingw32/nios2-elf/lib\libc.a(lib_a-reallocr.o)
 .bss           0x0000000001213c1c        0x0 c:/altera/15.0/nios2eds/bin/gnu/h-x86_64-mingw32/bin/../lib/gcc/nios2-elf/4.9.1/../../../../../H-x86_64-mingw32/nios2-elf/lib\libc.a(lib_a-wbuf.o)
 .bss           0x0000000001213c1c        0x0 c:/altera/15.0/nios2eds/bin/gnu/h-x86_64-mingw32/bin/../lib/gcc/nios2-elf/4.9.1/../../../../../H-x86_64-mingw32/nios2-elf/lib\libc.a(lib_a-wcrtomb.o)
 .bss           0x0000000001213c1c        0x0 c:/altera/15.0/nios2eds/bin/gnu/h-x86_64-mingw32/bin/../lib/gcc/nios2-elf/4.9.1/../../../../../H-x86_64-mingw32/nios2-elf/lib\libc.a(lib_a-wctomb_r.o)
 .bss           0x0000000001213c1c        0x0 c:/altera/15.0/nios2eds/bin/gnu/h-x86_64-mingw32/bin/../lib/gcc/nios2-elf/4.9.1\libgcc.a(_udivdi3.o)
 .bss           0x0000000001213c1c        0x0 c:/altera/15.0/nios2eds/bin/gnu/h-x86_64-mingw32/bin/../lib/gcc/nios2-elf/4.9.1\libgcc.a(_umoddi3.o)
 .bss           0x0000000001213c1c        0x0 c:/altera/15.0/nios2eds/bin/gnu/h-x86_64-mingw32/bin/../lib/gcc/nios2-elf/4.9.1\libgcc.a(lib2-divmod.o)
 .bss           0x0000000001213c1c        0x0 c:/altera/15.0/nios2eds/bin/gnu/h-x86_64-mingw32/bin/../lib/gcc/nios2-elf/4.9.1\libgcc.a(adddf3.o)
 .bss           0x0000000001213c1c        0x0 c:/altera/15.0/nios2eds/bin/gnu/h-x86_64-mingw32/bin/../lib/gcc/nios2-elf/4.9.1\libgcc.a(divdf3.o)
 .bss           0x0000000001213c1c        0x0 c:/altera/15.0/nios2eds/bin/gnu/h-x86_64-mingw32/bin/../lib/gcc/nios2-elf/4.9.1\libgcc.a(eqdf2.o)
 .bss           0x0000000001213c1c        0x0 c:/altera/15.0/nios2eds/bin/gnu/h-x86_64-mingw32/bin/../lib/gcc/nios2-elf/4.9.1\libgcc.a(gedf2.o)
 .bss           0x0000000001213c1c        0x0 c:/altera/15.0/nios2eds/bin/gnu/h-x86_64-mingw32/bin/../lib/gcc/nios2-elf/4.9.1\libgcc.a(ledf2.o)
 .bss           0x0000000001213c1c        0x0 c:/altera/15.0/nios2eds/bin/gnu/h-x86_64-mingw32/bin/../lib/gcc/nios2-elf/4.9.1\libgcc.a(muldf3.o)
 .bss           0x0000000001213c1c        0x0 c:/altera/15.0/nios2eds/bin/gnu/h-x86_64-mingw32/bin/../lib/gcc/nios2-elf/4.9.1\libgcc.a(subdf3.o)
 .bss           0x0000000001213c1c        0x0 c:/altera/15.0/nios2eds/bin/gnu/h-x86_64-mingw32/bin/../lib/gcc/nios2-elf/4.9.1\libgcc.a(fixdfsi.o)
 .bss           0x0000000001213c1c        0x0 c:/altera/15.0/nios2eds/bin/gnu/h-x86_64-mingw32/bin/../lib/gcc/nios2-elf/4.9.1\libgcc.a(floatsidf.o)
 .bss           0x0000000001213c1c        0x0 c:/altera/15.0/nios2eds/bin/gnu/h-x86_64-mingw32/bin/../lib/gcc/nios2-elf/4.9.1\libgcc.a(floatunsidf.o)
 .bss           0x0000000001213c1c        0x0 c:/altera/15.0/nios2eds/bin/gnu/h-x86_64-mingw32/bin/../lib/gcc/nios2-elf/4.9.1\libgcc.a(_clz.o)
 .bss           0x0000000001213c1c        0x0 c:/altera/15.0/nios2eds/bin/gnu/h-x86_64-mingw32/bin/../lib/gcc/nios2-elf/4.9.1\libgcc.a(_clzsi2.o)
 .bss           0x0000000001213c1c        0x0 ../niosII_pwm_project_bsp/\libhal_bsp.a(alt_close.o)
 .bss           0x0000000001213c1c        0x0 ../niosII_pwm_project_bsp/\libhal_bsp.a(alt_dev.o)
 .bss           0x0000000001213c1c        0x0 ../niosII_pwm_project_bsp/\libhal_bsp.a(alt_errno.o)
 .bss           0x0000000001213c1c        0x0 ../niosII_pwm_project_bsp/\libhal_bsp.a(alt_fstat.o)
 .bss           0x0000000001213c1c        0x0 ../niosII_pwm_project_bsp/\libhal_bsp.a(alt_isatty.o)
 .bss           0x0000000001213c1c        0x0 ../niosII_pwm_project_bsp/\libhal_bsp.a(alt_lseek.o)
 .bss           0x0000000001213c1c        0x0 ../niosII_pwm_project_bsp/\libhal_bsp.a(alt_main.o)
 .bss           0x0000000001213c1c        0x0 ../niosII_pwm_project_bsp/\libhal_bsp.a(alt_malloc_lock.o)
 .bss           0x0000000001213c1c        0x0 ../niosII_pwm_project_bsp/\libhal_bsp.a(alt_read.o)
 .bss           0x0000000001213c1c        0x0 ../niosII_pwm_project_bsp/\libhal_bsp.a(alt_release_fd.o)
 .bss           0x0000000001213c1c        0x0 ../niosII_pwm_project_bsp/\libhal_bsp.a(alt_sbrk.o)
 .bss           0x0000000001213c1c        0x0 ../niosII_pwm_project_bsp/\libhal_bsp.a(alt_write.o)
 .bss           0x0000000001213c1c        0x0 ../niosII_pwm_project_bsp/\libhal_bsp.a(alt_sys_init.o)
 .bss           0x0000000001213c1c        0x0 ../niosII_pwm_project_bsp/\libhal_bsp.a(altera_avalon_cfi_flash.o)
 .bss           0x0000000001213c1c        0x0 ../niosII_pwm_project_bsp/\libhal_bsp.a(altera_avalon_cfi_flash_table.o)
 .bss           0x0000000001213c1c        0x0 ../niosII_pwm_project_bsp/\libhal_bsp.a(altera_avalon_jtag_uart_fd.o)
 .bss           0x0000000001213c1c        0x0 ../niosII_pwm_project_bsp/\libhal_bsp.a(altera_avalon_jtag_uart_init.o)
 .bss           0x0000000001213c1c        0x0 ../niosII_pwm_project_bsp/\libhal_bsp.a(altera_avalon_jtag_uart_ioctl.o)
 .bss           0x0000000001213c1c        0x0 ../niosII_pwm_project_bsp/\libhal_bsp.a(altera_avalon_jtag_uart_read.o)
 .bss           0x0000000001213c1c        0x0 ../niosII_pwm_project_bsp/\libhal_bsp.a(altera_avalon_jtag_uart_write.o)
 .bss           0x0000000001213c1c        0x0 ../niosII_pwm_project_bsp/\libhal_bsp.a(altera_avalon_timer_sc.o)
 .bss           0x0000000001213c1c        0x0 ../niosII_pwm_project_bsp/\libhal_bsp.a(perf_print_formatted_report.o)
 .bss           0x0000000001213c1c        0x0 ../niosII_pwm_project_bsp/\libhal_bsp.a(alt_alarm_start.o)
 .bss           0x0000000001213c1c        0x0 ../niosII_pwm_project_bsp/\libhal_bsp.a(alt_dcache_flush.o)
 .bss           0x0000000001213c1c        0x0 ../niosII_pwm_project_bsp/\libhal_bsp.a(alt_dev_llist_insert.o)
 .bss           0x0000000001213c1c        0x0 ../niosII_pwm_project_bsp/\libhal_bsp.a(alt_do_ctors.o)
 .bss           0x0000000001213c1c        0x0 ../niosII_pwm_project_bsp/\libhal_bsp.a(alt_do_dtors.o)
 .bss           0x0000000001213c1c        0x0 ../niosII_pwm_project_bsp/\libhal_bsp.a(alt_flash_dev.o)
 .bss           0x0000000001213c1c        0x0 ../niosII_pwm_project_bsp/\libhal_bsp.a(alt_iic.o)
 .bss           0x0000000001213c1c        0x0 ../niosII_pwm_project_bsp/\libhal_bsp.a(alt_iic_isr_register.o)
 .bss           0x0000000001213c1c        0x0 ../niosII_pwm_project_bsp/\libhal_bsp.a(alt_io_redirect.o)
 .bss           0x0000000001213c1c        0x0 ../niosII_pwm_project_bsp/\libhal_bsp.a(alt_irq_entry.o)
 .bss           0x0000000001213c1c        0x0 ../niosII_pwm_project_bsp/\libhal_bsp.a(alt_irq_handler.o)
 .bss           0x0000000001213c1c        0x0 ../niosII_pwm_project_bsp/\libhal_bsp.a(alt_irq_vars.o)
 .bss           0x0000000001213c1c        0x0 ../niosII_pwm_project_bsp/\libhal_bsp.a(alt_open.o)
 .bss           0x0000000001213c1c        0x0 ../niosII_pwm_project_bsp/\libhal_bsp.a(alt_tick.o)
 .bss           0x0000000001213c1c        0x0 ../niosII_pwm_project_bsp/\libhal_bsp.a(altera_nios2_gen2_irq.o)
 .bss           0x0000000001213c1c        0x0 ../niosII_pwm_project_bsp/\libhal_bsp.a(altera_avalon_cfi_flash_amd.o)
 .bss           0x0000000001213c1c        0x0 ../niosII_pwm_project_bsp/\libhal_bsp.a(altera_avalon_cfi_flash_intel.o)
 .bss           0x0000000001213c1c        0x0 ../niosII_pwm_project_bsp/\libhal_bsp.a(altera_avalon_performance_counter.o)
 .bss           0x0000000001213c1c        0x0 ../niosII_pwm_project_bsp/\libhal_bsp.a(alt_exception_entry.o)
 .bss           0x0000000001213c1c        0x0 ../niosII_pwm_project_bsp/\libhal_bsp.a(alt_find_dev.o)
 .bss           0x0000000001213c1c        0x0 ../niosII_pwm_project_bsp/\libhal_bsp.a(alt_find_file.o)
 .bss           0x0000000001213c1c        0x0 ../niosII_pwm_project_bsp/\libhal_bsp.a(alt_get_fd.o)
 .bss           0x0000000001213c1c        0x0 ../niosII_pwm_project_bsp/\libhal_bsp.a(alt_instruction_exception_entry.o)
 .bss           0x0000000001213c1c        0x0 ../niosII_pwm_project_bsp/\libhal_bsp.a(alt_usleep.o)
 .bss           0x0000000001213c1c        0x0 ../niosII_pwm_project_bsp/\libhal_bsp.a(alt_busy_sleep.o)
 .bss           0x0000000001213c1c        0x0 c:/altera/15.0/nios2eds/bin/gnu/h-x86_64-mingw32/bin/../lib/gcc/nios2-elf/4.9.1/../../../../../H-x86_64-mingw32/nios2-elf/lib\libc.a(lib_a-atexit.o)
 .bss           0x0000000001213c1c        0x0 c:/altera/15.0/nios2eds/bin/gnu/h-x86_64-mingw32/bin/../lib/gcc/nios2-elf/4.9.1/../../../../../H-x86_64-mingw32/nios2-elf/lib\libc.a(lib_a-exit.o)
 .bss           0x0000000001213c1c        0x0 c:/altera/15.0/nios2eds/bin/gnu/h-x86_64-mingw32/bin/../lib/gcc/nios2-elf/4.9.1/../../../../../H-x86_64-mingw32/nios2-elf/lib\libc.a(lib_a-memcmp.o)
 .bss           0x0000000001213c1c        0x0 c:/altera/15.0/nios2eds/bin/gnu/h-x86_64-mingw32/bin/../lib/gcc/nios2-elf/4.9.1/../../../../../H-x86_64-mingw32/nios2-elf/lib\libc.a(lib_a-__atexit.o)
 .bss           0x0000000001213c1c        0x0 c:/altera/15.0/nios2eds/bin/gnu/h-x86_64-mingw32/bin/../lib/gcc/nios2-elf/4.9.1/../../../../../H-x86_64-mingw32/nios2-elf/lib\libc.a(lib_a-__call_atexit.o)
 .bss           0x0000000001213c1c        0x0 c:/altera/15.0/nios2eds/bin/gnu/h-x86_64-mingw32/bin/../lib/gcc/nios2-elf/4.9.1\libgcc.a(_floatundidf.o)
 .bss           0x0000000001213c1c        0x0 ../niosII_pwm_project_bsp/\libhal_bsp.a(alt_exit.o)
 *(COMMON)
 COMMON         0x0000000001213c1c      0x800 obj/default/ones.o
                0x0000000001213c1c                data_buffer
 COMMON         0x000000000121441c      0x100 ../niosII_pwm_project_bsp/\libhal_bsp.a(alt_irq_handler.o)
                0x000000000121441c                alt_irq
                0x000000000121451c                . = ALIGN (0x4)
                0x000000000121451c                __bss_end = ABSOLUTE (.)

.ext_flash_ctl  0x0000000000800020        0x0
                0x0000000000800020                PROVIDE (_alt_partition_ext_flash_ctl_start, ABSOLUTE (.))
 *(.ext_flash_ctl .ext_flash_ctl. ext_flash_ctl.*)
                0x0000000000800020                . = ALIGN (0x4)
                0x0000000000800020                PROVIDE (_alt_partition_ext_flash_ctl_end, ABSOLUTE (.))
                0x0000000000800020                PROVIDE (_alt_partition_ext_flash_ctl_load_addr, LOADADDR (.ext_flash_ctl))

.ext_ram_ctl    0x000000000121451c        0x0
                0x000000000121451c                PROVIDE (_alt_partition_ext_ram_ctl_start, ABSOLUTE (.))
 *(.ext_ram_ctl .ext_ram_ctl. ext_ram_ctl.*)
                0x000000000121451c                . = ALIGN (0x4)
                0x000000000121451c                PROVIDE (_alt_partition_ext_ram_ctl_end, ABSOLUTE (.))
                0x000000000121451c                _end = ABSOLUTE (.)
                0x000000000121451c                end = ABSOLUTE (.)
                0x000000000121451c                __alt_stack_base = ABSOLUTE (.)
                0x000000000121451c                PROVIDE (_alt_partition_ext_ram_ctl_load_addr, LOADADDR (.ext_ram_ctl))

.instruction_tcm
                0x0000000002000000        0x0
                0x0000000002000000                PROVIDE (_alt_partition_instruction_tcm_start, ABSOLUTE (.))
 *(.instruction_tcm .instruction_tcm. instruction_tcm.*)
                0x0000000002000000                . = ALIGN (0x4)
                0x0000000002000000                PROVIDE (_alt_partition_instruction_tcm_end, ABSOLUTE (.))
                0x0000000002000000                PROVIDE (_alt_partition_instruction_tcm_load_addr, LOADADDR (.instruction_tcm))

.stab
 *(.stab)

.stabstr
 *(.stabstr)

.stab.excl
 *(.stab.excl)

.stab.exclstr
 *(.stab.exclstr)

.stab.index
 *(.stab.index)

.stab.indexstr
 *(.stab.indexstr)

.comment        0x0000000000000000       0x23
 *(.comment)
 .comment       0x0000000000000000       0x23 obj/default/ones.o
                                         0x24 (size before relaxing)
 .comment       0x0000000000000000       0x24 c:/altera/15.0/nios2eds/bin/gnu/h-x86_64-mingw32/bin/../lib/gcc/nios2-elf/4.9.1/../../../../../H-x86_64-mingw32/nios2-elf/lib\libc.a(lib_a-printf.o)
 .comment       0x0000000000000000       0x24 c:/altera/15.0/nios2eds/bin/gnu/h-x86_64-mingw32/bin/../lib/gcc/nios2-elf/4.9.1/../../../../../H-x86_64-mingw32/nios2-elf/lib\libc.a(lib_a-vfprintf.o)
 .comment       0x0000000000000000       0x24 c:/altera/15.0/nios2eds/bin/gnu/h-x86_64-mingw32/bin/../lib/gcc/nios2-elf/4.9.1/../../../../../H-x86_64-mingw32/nios2-elf/lib\libc.a(lib_a-wsetup.o)
 .comment       0x0000000000000000       0x24 c:/altera/15.0/nios2eds/bin/gnu/h-x86_64-mingw32/bin/../lib/gcc/nios2-elf/4.9.1/../../../../../H-x86_64-mingw32/nios2-elf/lib\libc.a(lib_a-dtoa.o)
 .comment       0x0000000000000000       0x24 c:/altera/15.0/nios2eds/bin/gnu/h-x86_64-mingw32/bin/../lib/gcc/nios2-elf/4.9.1/../../../../../H-x86_64-mingw32/nios2-elf/lib\libc.a(lib_a-fflush.o)
 .comment       0x0000000000000000       0x24 c:/altera/15.0/nios2eds/bin/gnu/h-x86_64-mingw32/bin/../lib/gcc/nios2-elf/4.9.1/../../../../../H-x86_64-mingw32/nios2-elf/lib\libc.a(lib_a-findfp.o)
 .comment       0x0000000000000000       0x24 c:/altera/15.0/nios2eds/bin/gnu/h-x86_64-mingw32/bin/../lib/gcc/nios2-elf/4.9.1/../../../../../H-x86_64-mingw32/nios2-elf/lib\libc.a(lib_a-freer.o)
 .comment       0x0000000000000000       0x24 c:/altera/15.0/nios2eds/bin/gnu/h-x86_64-mingw32/bin/../lib/gcc/nios2-elf/4.9.1/../../../../../H-x86_64-mingw32/nios2-elf/lib\libc.a(lib_a-fwalk.o)
 .comment       0x0000000000000000       0x24 c:/altera/15.0/nios2eds/bin/gnu/h-x86_64-mingw32/bin/../lib/gcc/nios2-elf/4.9.1/../../../../../H-x86_64-mingw32/nios2-elf/lib\libc.a(lib_a-impure.o)
 .comment       0x0000000000000000       0x24 c:/altera/15.0/nios2eds/bin/gnu/h-x86_64-mingw32/bin/../lib/gcc/nios2-elf/4.9.1/../../../../../H-x86_64-mingw32/nios2-elf/lib\libc.a(lib_a-locale.o)
 .comment       0x0000000000000000       0x24 c:/altera/15.0/nios2eds/bin/gnu/h-x86_64-mingw32/bin/../lib/gcc/nios2-elf/4.9.1/../../../../../H-x86_64-mingw32/nios2-elf/lib\libc.a(lib_a-makebuf.o)
 .comment       0x0000000000000000       0x24 c:/altera/15.0/nios2eds/bin/gnu/h-x86_64-mingw32/bin/../lib/gcc/nios2-elf/4.9.1/../../../../../H-x86_64-mingw32/nios2-elf/lib\libc.a(lib_a-mallocr.o)
 .comment       0x0000000000000000       0x24 c:/altera/15.0/nios2eds/bin/gnu/h-x86_64-mingw32/bin/../lib/gcc/nios2-elf/4.9.1/../../../../../H-x86_64-mingw32/nios2-elf/lib\libc.a(lib_a-memchr.o)
 .comment       0x0000000000000000       0x24 c:/altera/15.0/nios2eds/bin/gnu/h-x86_64-mingw32/bin/../lib/gcc/nios2-elf/4.9.1/../../../../../H-x86_64-mingw32/nios2-elf/lib\libc.a(lib_a-memcpy.o)
 .comment       0x0000000000000000       0x24 c:/altera/15.0/nios2eds/bin/gnu/h-x86_64-mingw32/bin/../lib/gcc/nios2-elf/4.9.1/../../../../../H-x86_64-mingw32/nios2-elf/lib\libc.a(lib_a-memset.o)
 .comment       0x0000000000000000       0x24 c:/altera/15.0/nios2eds/bin/gnu/h-x86_64-mingw32/bin/../lib/gcc/nios2-elf/4.9.1/../../../../../H-x86_64-mingw32/nios2-elf/lib\libc.a(lib_a-mprec.o)
 .comment       0x0000000000000000       0x24 c:/altera/15.0/nios2eds/bin/gnu/h-x86_64-mingw32/bin/../lib/gcc/nios2-elf/4.9.1/../../../../../H-x86_64-mingw32/nios2-elf/lib\libc.a(lib_a-s_fpclassify.o)
 .comment       0x0000000000000000       0x24 c:/altera/15.0/nios2eds/bin/gnu/h-x86_64-mingw32/bin/../lib/gcc/nios2-elf/4.9.1/../../../../../H-x86_64-mingw32/nios2-elf/lib\libc.a(lib_a-sbrkr.o)
 .comment       0x0000000000000000       0x24 c:/altera/15.0/nios2eds/bin/gnu/h-x86_64-mingw32/bin/../lib/gcc/nios2-elf/4.9.1/../../../../../H-x86_64-mingw32/nios2-elf/lib\libc.a(lib_a-stdio.o)
 .comment       0x0000000000000000       0x24 c:/altera/15.0/nios2eds/bin/gnu/h-x86_64-mingw32/bin/../lib/gcc/nios2-elf/4.9.1/../../../../../H-x86_64-mingw32/nios2-elf/lib\libc.a(lib_a-strcmp.o)
 .comment       0x0000000000000000       0x24 c:/altera/15.0/nios2eds/bin/gnu/h-x86_64-mingw32/bin/../lib/gcc/nios2-elf/4.9.1/../../../../../H-x86_64-mingw32/nios2-elf/lib\libc.a(lib_a-strlen.o)
 .comment       0x0000000000000000       0x24 c:/altera/15.0/nios2eds/bin/gnu/h-x86_64-mingw32/bin/../lib/gcc/nios2-elf/4.9.1/../../../../../H-x86_64-mingw32/nios2-elf/lib\libc.a(lib_a-vfiprintf.o)
 .comment       0x0000000000000000       0x24 c:/altera/15.0/nios2eds/bin/gnu/h-x86_64-mingw32/bin/../lib/gcc/nios2-elf/4.9.1/../../../../../H-x86_64-mingw32/nios2-elf/lib\libc.a(lib_a-writer.o)
 .comment       0x0000000000000000       0x24 c:/altera/15.0/nios2eds/bin/gnu/h-x86_64-mingw32/bin/../lib/gcc/nios2-elf/4.9.1/../../../../../H-x86_64-mingw32/nios2-elf/lib\libc.a(closer.o)
 .comment       0x0000000000000000       0x24 c:/altera/15.0/nios2eds/bin/gnu/h-x86_64-mingw32/bin/../lib/gcc/nios2-elf/4.9.1/../../../../../H-x86_64-mingw32/nios2-elf/lib\libc.a(lib_a-callocr.o)
 .comment       0x0000000000000000       0x24 c:/altera/15.0/nios2eds/bin/gnu/h-x86_64-mingw32/bin/../lib/gcc/nios2-elf/4.9.1/../../../../../H-x86_64-mingw32/nios2-elf/lib\libc.a(lib_a-fclose.o)
 .comment       0x0000000000000000       0x24 c:/altera/15.0/nios2eds/bin/gnu/h-x86_64-mingw32/bin/../lib/gcc/nios2-elf/4.9.1/../../../../../H-x86_64-mingw32/nios2-elf/lib\libc.a(lib_a-fputwc.o)
 .comment       0x0000000000000000       0x24 c:/altera/15.0/nios2eds/bin/gnu/h-x86_64-mingw32/bin/../lib/gcc/nios2-elf/4.9.1/../../../../../H-x86_64-mingw32/nios2-elf/lib\libc.a(lib_a-fstatr.o)
 .comment       0x0000000000000000       0x24 c:/altera/15.0/nios2eds/bin/gnu/h-x86_64-mingw32/bin/../lib/gcc/nios2-elf/4.9.1/../../../../../H-x86_64-mingw32/nios2-elf/lib\libc.a(lib_a-fvwrite.o)
 .comment       0x0000000000000000       0x24 c:/altera/15.0/nios2eds/bin/gnu/h-x86_64-mingw32/bin/../lib/gcc/nios2-elf/4.9.1/../../../../../H-x86_64-mingw32/nios2-elf/lib\libc.a(lib_a-int_errno.o)
 .comment       0x0000000000000000       0x24 c:/altera/15.0/nios2eds/bin/gnu/h-x86_64-mingw32/bin/../lib/gcc/nios2-elf/4.9.1/../../../../../H-x86_64-mingw32/nios2-elf/lib\libc.a(lib_a-isattyr.o)
 .comment       0x0000000000000000       0x24 c:/altera/15.0/nios2eds/bin/gnu/h-x86_64-mingw32/bin/../lib/gcc/nios2-elf/4.9.1/../../../../../H-x86_64-mingw32/nios2-elf/lib\libc.a(lib_a-lseekr.o)
 .comment       0x0000000000000000       0x24 c:/altera/15.0/nios2eds/bin/gnu/h-x86_64-mingw32/bin/../lib/gcc/nios2-elf/4.9.1/../../../../../H-x86_64-mingw32/nios2-elf/lib\libc.a(lib_a-memmove.o)
 .comment       0x0000000000000000       0x24 c:/altera/15.0/nios2eds/bin/gnu/h-x86_64-mingw32/bin/../lib/gcc/nios2-elf/4.9.1/../../../../../H-x86_64-mingw32/nios2-elf/lib\libc.a(lib_a-readr.o)
 .comment       0x0000000000000000       0x24 c:/altera/15.0/nios2eds/bin/gnu/h-x86_64-mingw32/bin/../lib/gcc/nios2-elf/4.9.1/../../../../../H-x86_64-mingw32/nios2-elf/lib\libc.a(lib_a-reallocr.o)
 .comment       0x0000000000000000       0x24 c:/altera/15.0/nios2eds/bin/gnu/h-x86_64-mingw32/bin/../lib/gcc/nios2-elf/4.9.1/../../../../../H-x86_64-mingw32/nios2-elf/lib\libc.a(lib_a-wbuf.o)
 .comment       0x0000000000000000       0x24 c:/altera/15.0/nios2eds/bin/gnu/h-x86_64-mingw32/bin/../lib/gcc/nios2-elf/4.9.1/../../../../../H-x86_64-mingw32/nios2-elf/lib\libc.a(lib_a-wcrtomb.o)
 .comment       0x0000000000000000       0x24 c:/altera/15.0/nios2eds/bin/gnu/h-x86_64-mingw32/bin/../lib/gcc/nios2-elf/4.9.1/../../../../../H-x86_64-mingw32/nios2-elf/lib\libc.a(lib_a-wctomb_r.o)
 .comment       0x0000000000000000       0x24 c:/altera/15.0/nios2eds/bin/gnu/h-x86_64-mingw32/bin/../lib/gcc/nios2-elf/4.9.1\libgcc.a(_udivdi3.o)
 .comment       0x0000000000000000       0x24 c:/altera/15.0/nios2eds/bin/gnu/h-x86_64-mingw32/bin/../lib/gcc/nios2-elf/4.9.1\libgcc.a(_umoddi3.o)
 .comment       0x0000000000000000       0x24 c:/altera/15.0/nios2eds/bin/gnu/h-x86_64-mingw32/bin/../lib/gcc/nios2-elf/4.9.1\libgcc.a(lib2-divmod.o)
 .comment       0x0000000000000000       0x24 c:/altera/15.0/nios2eds/bin/gnu/h-x86_64-mingw32/bin/../lib/gcc/nios2-elf/4.9.1\libgcc.a(adddf3.o)
 .comment       0x0000000000000000       0x24 c:/altera/15.0/nios2eds/bin/gnu/h-x86_64-mingw32/bin/../lib/gcc/nios2-elf/4.9.1\libgcc.a(divdf3.o)
 .comment       0x0000000000000000       0x24 c:/altera/15.0/nios2eds/bin/gnu/h-x86_64-mingw32/bin/../lib/gcc/nios2-elf/4.9.1\libgcc.a(eqdf2.o)
 .comment       0x0000000000000000       0x24 c:/altera/15.0/nios2eds/bin/gnu/h-x86_64-mingw32/bin/../lib/gcc/nios2-elf/4.9.1\libgcc.a(gedf2.o)
 .comment       0x0000000000000000       0x24 c:/altera/15.0/nios2eds/bin/gnu/h-x86_64-mingw32/bin/../lib/gcc/nios2-elf/4.9.1\libgcc.a(ledf2.o)
 .comment       0x0000000000000000       0x24 c:/altera/15.0/nios2eds/bin/gnu/h-x86_64-mingw32/bin/../lib/gcc/nios2-elf/4.9.1\libgcc.a(muldf3.o)
 .comment       0x0000000000000000       0x24 c:/altera/15.0/nios2eds/bin/gnu/h-x86_64-mingw32/bin/../lib/gcc/nios2-elf/4.9.1\libgcc.a(subdf3.o)
 .comment       0x0000000000000000       0x24 c:/altera/15.0/nios2eds/bin/gnu/h-x86_64-mingw32/bin/../lib/gcc/nios2-elf/4.9.1\libgcc.a(fixdfsi.o)
 .comment       0x0000000000000000       0x24 c:/altera/15.0/nios2eds/bin/gnu/h-x86_64-mingw32/bin/../lib/gcc/nios2-elf/4.9.1\libgcc.a(floatsidf.o)
 .comment       0x0000000000000000       0x24 c:/altera/15.0/nios2eds/bin/gnu/h-x86_64-mingw32/bin/../lib/gcc/nios2-elf/4.9.1\libgcc.a(floatunsidf.o)
 .comment       0x0000000000000000       0x24 c:/altera/15.0/nios2eds/bin/gnu/h-x86_64-mingw32/bin/../lib/gcc/nios2-elf/4.9.1\libgcc.a(_clz.o)
 .comment       0x0000000000000000       0x24 c:/altera/15.0/nios2eds/bin/gnu/h-x86_64-mingw32/bin/../lib/gcc/nios2-elf/4.9.1\libgcc.a(_clzsi2.o)
 .comment       0x0000000000000000       0x24 ../niosII_pwm_project_bsp/\libhal_bsp.a(alt_close.o)
 .comment       0x0000000000000000       0x24 ../niosII_pwm_project_bsp/\libhal_bsp.a(alt_dev.o)
 .comment       0x0000000000000000       0x24 ../niosII_pwm_project_bsp/\libhal_bsp.a(alt_errno.o)
 .comment       0x0000000000000000       0x24 ../niosII_pwm_project_bsp/\libhal_bsp.a(alt_fstat.o)
 .comment       0x0000000000000000       0x24 ../niosII_pwm_project_bsp/\libhal_bsp.a(alt_isatty.o)
 .comment       0x0000000000000000       0x24 ../niosII_pwm_project_bsp/\libhal_bsp.a(alt_lseek.o)
 .comment       0x0000000000000000       0x24 ../niosII_pwm_project_bsp/\libhal_bsp.a(alt_main.o)
 .comment       0x0000000000000000       0x24 ../niosII_pwm_project_bsp/\libhal_bsp.a(alt_malloc_lock.o)
 .comment       0x0000000000000000       0x24 ../niosII_pwm_project_bsp/\libhal_bsp.a(alt_read.o)
 .comment       0x0000000000000000       0x24 ../niosII_pwm_project_bsp/\libhal_bsp.a(alt_release_fd.o)
 .comment       0x0000000000000000       0x24 ../niosII_pwm_project_bsp/\libhal_bsp.a(alt_sbrk.o)
 .comment       0x0000000000000000       0x24 ../niosII_pwm_project_bsp/\libhal_bsp.a(alt_write.o)
 .comment       0x0000000000000000       0x24 ../niosII_pwm_project_bsp/\libhal_bsp.a(alt_sys_init.o)
 .comment       0x0000000000000000       0x24 ../niosII_pwm_project_bsp/\libhal_bsp.a(altera_avalon_cfi_flash.o)
 .comment       0x0000000000000000       0x24 ../niosII_pwm_project_bsp/\libhal_bsp.a(altera_avalon_cfi_flash_table.o)
 .comment       0x0000000000000000       0x24 ../niosII_pwm_project_bsp/\libhal_bsp.a(altera_avalon_jtag_uart_fd.o)
 .comment       0x0000000000000000       0x24 ../niosII_pwm_project_bsp/\libhal_bsp.a(altera_avalon_jtag_uart_init.o)
 .comment       0x0000000000000000       0x24 ../niosII_pwm_project_bsp/\libhal_bsp.a(altera_avalon_jtag_uart_ioctl.o)
 .comment       0x0000000000000000       0x24 ../niosII_pwm_project_bsp/\libhal_bsp.a(altera_avalon_jtag_uart_read.o)
 .comment       0x0000000000000000       0x24 ../niosII_pwm_project_bsp/\libhal_bsp.a(altera_avalon_jtag_uart_write.o)
 .comment       0x0000000000000000       0x24 ../niosII_pwm_project_bsp/\libhal_bsp.a(altera_avalon_timer_sc.o)
 .comment       0x0000000000000000       0x24 ../niosII_pwm_project_bsp/\libhal_bsp.a(perf_print_formatted_report.o)
 .comment       0x0000000000000000       0x24 ../niosII_pwm_project_bsp/\libhal_bsp.a(alt_alarm_start.o)
 .comment       0x0000000000000000       0x24 ../niosII_pwm_project_bsp/\libhal_bsp.a(alt_dcache_flush.o)
 .comment       0x0000000000000000       0x24 ../niosII_pwm_project_bsp/\libhal_bsp.a(alt_dev_llist_insert.o)
 .comment       0x0000000000000000       0x24 ../niosII_pwm_project_bsp/\libhal_bsp.a(alt_do_ctors.o)
 .comment       0x0000000000000000       0x24 ../niosII_pwm_project_bsp/\libhal_bsp.a(alt_do_dtors.o)
 .comment       0x0000000000000000       0x24 ../niosII_pwm_project_bsp/\libhal_bsp.a(alt_flash_dev.o)
 .comment       0x0000000000000000       0x24 ../niosII_pwm_project_bsp/\libhal_bsp.a(alt_iic.o)
 .comment       0x0000000000000000       0x24 ../niosII_pwm_project_bsp/\libhal_bsp.a(alt_iic_isr_register.o)
 .comment       0x0000000000000000       0x24 ../niosII_pwm_project_bsp/\libhal_bsp.a(alt_io_redirect.o)
 .comment       0x0000000000000000       0x24 ../niosII_pwm_project_bsp/\libhal_bsp.a(alt_irq_handler.o)
 .comment       0x0000000000000000       0x24 ../niosII_pwm_project_bsp/\libhal_bsp.a(alt_irq_vars.o)
 .comment       0x0000000000000000       0x24 ../niosII_pwm_project_bsp/\libhal_bsp.a(alt_open.o)
 .comment       0x0000000000000000       0x24 ../niosII_pwm_project_bsp/\libhal_bsp.a(alt_tick.o)