Archive member included to satisfy reference by file (symbol)

c:/altera/15.0/nios2eds/bin/gnu/h-x86_64-mingw32/bin/../lib/gcc/nios2-elf/4.9.1/../../../../../H-x86_64-mingw32/nios2-elf/lib\libc.a(lib_a-fgets.o)
                              obj/default/pwm.o (fgets)
c:/altera/15.0/nios2eds/bin/gnu/h-x86_64-mingw32/bin/../lib/gcc/nios2-elf/4.9.1/../../../../../H-x86_64-mingw32/nios2-elf/lib\libc.a(lib_a-findfp.o)
                              c:/altera/15.0/nios2eds/bin/gnu/h-x86_64-mingw32/bin/../lib/gcc/nios2-elf/4.9.1/../../../../../H-x86_64-mingw32/nios2-elf/lib\libc.a(lib_a-fgets.o) (__sinit)
c:/altera/15.0/nios2eds/bin/gnu/h-x86_64-mingw32/bin/../lib/gcc/nios2-elf/4.9.1/../../../../../H-x86_64-mingw32/nios2-elf/lib\libc.a(lib_a-fwalk.o)
                              c:/altera/15.0/nios2eds/bin/gnu/h-x86_64-mingw32/bin/../lib/gcc/nios2-elf/4.9.1/../../../../../H-x86_64-mingw32/nios2-elf/lib\libc.a(lib_a-findfp.o) (_fwalk)
c:/altera/15.0/nios2eds/bin/gnu/h-x86_64-mingw32/bin/../lib/gcc/nios2-elf/4.9.1/../../../../../H-x86_64-mingw32/nios2-elf/lib\libc.a(lib_a-impure.o)
                              c:/altera/15.0/nios2eds/bin/gnu/h-x86_64-mingw32/bin/../lib/gcc/nios2-elf/4.9.1/../../../../../H-x86_64-mingw32/nios2-elf/lib\libc.a(lib_a-findfp.o) (_global_impure_ptr)
c:/altera/15.0/nios2eds/bin/gnu/h-x86_64-mingw32/bin/../lib/gcc/nios2-elf/4.9.1/../../../../../H-x86_64-mingw32/nios2-elf/lib\libc.a(lib_a-mallocr.o)
                              c:/altera/15.0/nios2eds/bin/gnu/h-x86_64-mingw32/bin/../lib/gcc/nios2-elf/4.9.1/../../../../../H-x86_64-mingw32/nios2-elf/lib\libc.a(lib_a-findfp.o) (_malloc_r)
c:/altera/15.0/nios2eds/bin/gnu/h-x86_64-mingw32/bin/../lib/gcc/nios2-elf/4.9.1/../../../../../H-x86_64-mingw32/nios2-elf/lib\libc.a(lib_a-memchr.o)
                              c:/altera/15.0/nios2eds/bin/gnu/h-x86_64-mingw32/bin/../lib/gcc/nios2-elf/4.9.1/../../../../../H-x86_64-mingw32/nios2-elf/lib\libc.a(lib_a-fgets.o) (memchr)
c:/altera/15.0/nios2eds/bin/gnu/h-x86_64-mingw32/bin/../lib/gcc/nios2-elf/4.9.1/../../../../../H-x86_64-mingw32/nios2-elf/lib\libc.a(lib_a-memcpy.o)
                              c:/altera/15.0/nios2eds/bin/gnu/h-x86_64-mingw32/bin/../lib/gcc/nios2-elf/4.9.1/../../../../../H-x86_64-mingw32/nios2-elf/lib\libc.a(lib_a-fgets.o) (memcpy)
c:/altera/15.0/nios2eds/bin/gnu/h-x86_64-mingw32/bin/../lib/gcc/nios2-elf/4.9.1/../../../../../H-x86_64-mingw32/nios2-elf/lib\libc.a(lib_a-memset.o)
                              c:/altera/15.0/nios2eds/bin/gnu/h-x86_64-mingw32/bin/../lib/gcc/nios2-elf/4.9.1/../../../../../H-x86_64-mingw32/nios2-elf/lib\libc.a(lib_a-findfp.o) (memset)
c:/altera/15.0/nios2eds/bin/gnu/h-x86_64-mingw32/bin/../lib/gcc/nios2-elf/4.9.1/../../../../../H-x86_64-mingw32/nios2-elf/lib\libc.a(lib_a-puts.o)
                              obj/default/pwm.o (puts)
c:/altera/15.0/nios2eds/bin/gnu/h-x86_64-mingw32/bin/../lib/gcc/nios2-elf/4.9.1/../../../../../H-x86_64-mingw32/nios2-elf/lib\libc.a(lib_a-refill.o)
                              c:/altera/15.0/nios2eds/bin/gnu/h-x86_64-mingw32/bin/../lib/gcc/nios2-elf/4.9.1/../../../../../H-x86_64-mingw32/nios2-elf/lib\libc.a(lib_a-fgets.o) (__srefill_r)
c:/altera/15.0/nios2eds/bin/gnu/h-x86_64-mingw32/bin/../lib/gcc/nios2-elf/4.9.1/../../../../../H-x86_64-mingw32/nios2-elf/lib\libc.a(lib_a-sbrkr.o)
                              c:/altera/15.0/nios2eds/bin/gnu/h-x86_64-mingw32/bin/../lib/gcc/nios2-elf/4.9.1/../../../../../H-x86_64-mingw32/nios2-elf/lib\libc.a(lib_a-mallocr.o) (_sbrk_r)
c:/altera/15.0/nios2eds/bin/gnu/h-x86_64-mingw32/bin/../lib/gcc/nios2-elf/4.9.1/../../../../../H-x86_64-mingw32/nios2-elf/lib\libc.a(lib_a-sscanf.o)
                              obj/default/pwm.o (sscanf)
c:/altera/15.0/nios2eds/bin/gnu/h-x86_64-mingw32/bin/../lib/gcc/nios2-elf/4.9.1/../../../../../H-x86_64-mingw32/nios2-elf/lib\libc.a(lib_a-stdio.o)
                              c:/altera/15.0/nios2eds/bin/gnu/h-x86_64-mingw32/bin/../lib/gcc/nios2-elf/4.9.1/../../../../../H-x86_64-mingw32/nios2-elf/lib\libc.a(lib_a-findfp.o) (__sread)
c:/altera/15.0/nios2eds/bin/gnu/h-x86_64-mingw32/bin/../lib/gcc/nios2-elf/4.9.1/../../../../../H-x86_64-mingw32/nios2-elf/lib\libc.a(lib_a-strlen.o)
                              c:/altera/15.0/nios2eds/bin/gnu/h-x86_64-mingw32/bin/../lib/gcc/nios2-elf/4.9.1/../../../../../H-x86_64-mingw32/nios2-elf/lib\libc.a(lib_a-puts.o) (strlen)
c:/altera/15.0/nios2eds/bin/gnu/h-x86_64-mingw32/bin/../lib/gcc/nios2-elf/4.9.1/../../../../../H-x86_64-mingw32/nios2-elf/lib\libc.a(lib_a-svfscanf.o)
                              c:/altera/15.0/nios2eds/bin/gnu/h-x86_64-mingw32/bin/../lib/gcc/nios2-elf/4.9.1/../../../../../H-x86_64-mingw32/nios2-elf/lib\libc.a(lib_a-sscanf.o) (__ssvfscanf_r)
c:/altera/15.0/nios2eds/bin/gnu/h-x86_64-mingw32/bin/../lib/gcc/nios2-elf/4.9.1/../../../../../H-x86_64-mingw32/nios2-elf/lib\libc.a(lib_a-writer.o)
[...]
Memory Configuration

Name             Origin             Length             Attributes
reset            0x0000000000800000 0x0000000000000020
ext_flash_ctl    0x0000000000800020 0x00000000007fffe0
ext_ram_ctl_BEFORE_EXCEPTION 0x0000000001200000 0x0000000000000020
ext_ram_ctl      0x0000000001200020 0x00000000001fffe0
instruction_tcm  0x0000000002000000 0x0000000000004000
*default*        0x0000000000000000 0xffffffffffffffff

Linker script and memory map

LOAD ../niosII_pwm_project_bsp//obj/HAL/src/crt0.o
LOAD obj/default/pwm.o
LOAD c:/altera/15.0/nios2eds/bin/gnu/h-x86_64-mingw32/bin/../lib/gcc/nios2-elf/4.9.1/../../../../../H-x86_64-mingw32/nios2-elf/lib\libstdc++.a
LOAD c:/altera/15.0/nios2eds/bin/gnu/h-x86_64-mingw32/bin/../lib/gcc/nios2-elf/4.9.1/../../../../../H-x86_64-mingw32/nios2-elf/lib\libm.a
LOAD c:/altera/15.0/nios2eds/bin/gnu/h-x86_64-mingw32/bin/../lib/gcc/nios2-elf/4.9.1\libgcc.a
START GROUP
LOAD c:/altera/15.0/nios2eds/bin/gnu/h-x86_64-mingw32/bin/../lib/gcc/nios2-elf/4.9.1/../../../../../H-x86_64-mingw32/nios2-elf/lib\libc.a
LOAD c:/altera/15.0/nios2eds/bin/gnu/h-x86_64-mingw32/bin/../lib/gcc/nios2-elf/4.9.1\libgcc.a
LOAD ../niosII_pwm_project_bsp/\libhal_bsp.a
LOAD c:/altera/15.0/nios2eds/bin/gnu/h-x86_64-mingw32/bin/../lib/gcc/nios2-elf/4.9.1/../../../../../H-x86_64-mingw32/nios2-elf/lib\libm.a
END GROUP
LOAD c:/altera/15.0/nios2eds/bin/gnu/h-x86_64-mingw32/bin/../lib/gcc/nios2-elf/4.9.1\libgcc.a
                0x0000000000800000                __alt_mem_ext_flash_ctl = 0x800000
                0x0000000001200000                __alt_mem_ext_ram_ctl = 0x1200000
                0x0000000002000000                __alt_mem_instruction_tcm = 0x2000000

.entry          0x0000000000800000        0x0
 *(.entry)
 .entry         0x0000000000800000        0x0 ../niosII_pwm_project_bsp//obj/HAL/src/crt0.o
                0x0000000000800000                __reset

.exceptions     0x0000000001200020      0x220
                0x0000000001200020                PROVIDE (__ram_exceptions_start, ABSOLUTE (.))
                0x0000000001200020                . = ALIGN (0x20)
 *(.irq)
 *(.exceptions.entry.label)
 .exceptions.entry.label
                0x0000000001200020        0x0 ../niosII_pwm_project_bsp/\libhal_bsp.a(alt_irq_entry.o)
                0x0000000001200020                alt_irq_entry
 .exceptions.entry.label
                0x0000000001200020        0x0 ../niosII_pwm_project_bsp/\libhal_bsp.a(alt_exception_entry.o)
                0x0000000001200020                alt_exception
 *(.exceptions.entry.user)
 *(.exceptions.entry.ecc_fatal)
 *(.exceptions.entry)
 .exceptions.entry
                0x0000000001200020       0x54 ../niosII_pwm_project_bsp/\libhal_bsp.a(alt_exception_entry.o)
 *(.exceptions.irqtest.user)
 *(.exceptions.irqtest)
 .exceptions.irqtest
                0x0000000001200074       0x10 ../niosII_pwm_project_bsp/\libhal_bsp.a(alt_irq_entry.o)
 *(.exceptions.irqhandler.user)
 *(.exceptions.irqhandler)
 .exceptions.irqhandler
                0x0000000001200084        0x4 ../niosII_pwm_project_bsp/\libhal_bsp.a(alt_irq_entry.o)
 *(.exceptions.irqreturn.user)
 *(.exceptions.irqreturn)
 .exceptions.irqreturn
                0x0000000001200088        0x4 ../niosII_pwm_project_bsp/\libhal_bsp.a(alt_irq_entry.o)
 *(.exceptions.notirq.label)
 .exceptions.notirq.label
                0x000000000120008c        0x0 ../niosII_pwm_project_bsp/\libhal_bsp.a(alt_irq_entry.o)
 *(.exceptions.notirq.user)
 *(.exceptions.notirq)
 .exceptions.notirq
                0x000000000120008c        0x8 ../niosII_pwm_project_bsp/\libhal_bsp.a(alt_exception_entry.o)
 *(.exceptions.soft.user)
 *(.exceptions.soft)
 *(.exceptions.unknown.user)
 *(.exceptions.unknown)
 .exceptions.unknown
                0x0000000001200094       0x14 ../niosII_pwm_project_bsp/\libhal_bsp.a(alt_exception_entry.o)
 *(.exceptions.exit.label)
 .exceptions.exit.label
                0x00000000012000a8        0x0 ../niosII_pwm_project_bsp/\libhal_bsp.a(alt_irq_entry.o)
 .exceptions.exit.label
                0x00000000012000a8        0x0 ../niosII_pwm_project_bsp/\libhal_bsp.a(alt_exception_entry.o)
 *(.exceptions.exit.user)
 *(.exceptions.exit)
 .exceptions.exit
                0x00000000012000a8       0x54 ../niosII_pwm_project_bsp/\libhal_bsp.a(alt_exception_entry.o)
 *(.exceptions)
 .exceptions    0x00000000012000fc       0xd0 ../niosII_pwm_project_bsp/\libhal_bsp.a(alt_irq_handler.o)
                0x00000000012000fc                alt_irq_handler
 .exceptions    0x00000000012001cc       0x74 ../niosII_pwm_project_bsp/\libhal_bsp.a(alt_instruction_exception_entry.o)
                0x00000000012001cc                alt_instruction_exception_entry
                0x0000000001200240                PROVIDE (__ram_exceptions_end, ABSOLUTE (.))
                0x0000000001200020                PROVIDE (__flash_exceptions_start, LOADADDR (.exceptions))

.text           0x0000000001200240    0x173bc
                0x0000000001200240                PROVIDE (stext, ABSOLUTE (.))
 *(.interp)
 *(.hash)
 *(.dynsym)
 *(.dynstr)
 *(.gnu.version)
 *(.gnu.version_d)
 *(.gnu.version_r)
 *(.rel.init)
 *(.rela.init)
 *(.rel.text .rel.text.* .rel.gnu.linkonce.t.*)
 *(.rela.text .rela.text.* .rela.gnu.linkonce.t.*)
 *(.rel.fini)
 *(.rela.fini)
 *(.rel.rodata .rel.rodata.* .rel.gnu.linkonce.r.*)
 *(.rela.rodata .rela.rodata.* .rela.gnu.linkonce.r.*)
 *(.rel.data .rel.data.* .rel.gnu.linkonce.d.*)
 *(.rela.data .rela.data.* .rela.gnu.linkonce.d.*)
 *(.rel.tdata .rel.tdata.* .rel.gnu.linkonce.td.*)
 *(.rela.tdata .rela.tdata.* .rela.gnu.linkonce.td.*)
 *(.rel.tbss .rel.tbss.* .rel.gnu.linkonce.tb.*)
 *(.rela.tbss .rela.tbss.* .rela.gnu.linkonce.tb.*)
 *(.rel.ctors)
 *(.rela.ctors)
 *(.rel.dtors)
 *(.rela.dtors)
 *(.rel.got)
 *(.rela.got)
 *(.rel.sdata .rel.sdata.* .rel.gnu.linkonce.s.*)
 *(.rela.sdata .rela.sdata.* .rela.gnu.linkonce.s.*)
 *(.rel.sbss .rel.sbss.* .rel.gnu.linkonce.sb.*)
 *(.rela.sbss .rela.sbss.* .rela.gnu.linkonce.sb.*)
 *(.rel.sdata2 .rel.sdata2.* .rel.gnu.linkonce.s2.*)
 *(.rela.sdata2 .rela.sdata2.* .rela.gnu.linkonce.s2.*)
 *(.rel.sbss2 .rel.sbss2.* .rel.gnu.linkonce.sb2.*)
 *(.rela.sbss2 .rela.sbss2.* .rela.gnu.linkonce.sb2.*)
 *(.rel.bss .rel.bss.* .rel.gnu.linkonce.b.*)
 *(.rela.bss .rela.bss.* .rela.gnu.linkonce.b.*)
 *(.rel.plt)
 *(.rela.plt)
 *(.rel.dyn)
 *(.init)
 *(.plt)
 *(.text .stub .text.* .gnu.linkonce.t.*)
 .text          0x0000000001200240       0x48 ../niosII_pwm_project_bsp//obj/HAL/src/crt0.o
                0x0000000001200240                _start
 .text          0x0000000001200288      0x184 obj/default/pwm.o
                0x0000000001200288                main
 .text          0x000000000120040c      0x178 c:/altera/15.0/nios2eds/bin/gnu/h-x86_64-mingw32/bin/../lib/gcc/nios2-elf/4.9.1/../../../../../H-x86_64-mingw32/nios2-elf/lib\libc.a(lib_a-fgets.o)
                0x000000000120040c                _fgets_r
                0x0000000001200560                fgets
 .text          0x0000000001200584      0x3a0 c:/altera/15.0/nios2eds/bin/gnu/h-x86_64-mingw32/bin/../lib/gcc/nios2-elf/4.9.1/../../../../../H-x86_64-mingw32/nios2-elf/lib\libc.a(lib_a-findfp.o)
                0x0000000001200594                _cleanup_r
                0x0000000001200740                __sfmoreglue
                0x00000000012007a4                __sfp
                0x00000000012008bc                _cleanup
                0x00000000012008d4                __sinit
                0x00000000012008e4                __sfp_lock_acquire
                0x00000000012008e8                __sfp_lock_release
                0x00000000012008ec                __sinit_lock_acquire
                0x00000000012008f0                __sinit_lock_release
                0x00000000012008f4                __fp_lock_all
                0x000000000120090c                __fp_unlock_all
 .text          0x0000000001200924      0x170 c:/altera/15.0/nios2eds/bin/gnu/h-x86_64-mingw32/bin/../lib/gcc/nios2-elf/4.9.1/../../../../../H-x86_64-mingw32/nios2-elf/lib\libc.a(lib_a-fwalk.o)
                0x0000000001200924                _fwalk
                0x00000000012009dc                _fwalk_reent
 .text          0x0000000001200a94        0x0 c:/altera/15.0/nios2eds/bin/gnu/h-x86_64-mingw32/bin/../lib/gcc/nios2-elf/4.9.1/../../../../../H-x86_64-mingw32/nios2-elf/lib\libc.a(lib_a-impure.o)
 .text          0x0000000001200a94      0x7a8 c:/altera/15.0/nios2eds/bin/gnu/h-x86_64-mingw32/bin/../lib/gcc/nios2-elf/4.9.1/../../../../../H-x86_64-mingw32/nios2-elf/lib\libc.a(lib_a-mallocr.o)
                0x0000000001200a94                _malloc_r
 .text          0x000000000120123c       0xe8 c:/altera/15.0/nios2eds/bin/gnu/h-x86_64-mingw32/bin/../lib/gcc/nios2-elf/4.9.1/../../../../../H-x86_64-mingw32/nios2-elf/lib\libc.a(lib_a-memchr.o)
                0x000000000120123c                memchr
 .text          0x0000000001201324      0x138 c:/altera/15.0/nios2eds/bin/gnu/h-x86_64-mingw32/bin/../lib/gcc/nios2-elf/4.9.1/../../../../../H-x86_64-mingw32/nios2-elf/lib\libc.a(lib_a-memcpy.o)
                0x0000000001201324                memcpy
 .text          0x000000000120145c      0x124 c:/altera/15.0/nios2eds/bin/gnu/h-x86_64-mingw32/bin/../lib/gcc/nios2-elf/4.9.1/../../../../../H-x86_64-mingw32/nios2-elf/lib\libc.a(lib_a-memset.o)
                0x000000000120145c                memset
 .text          0x0000000001201580       0xcc c:/altera/15.0/nios2eds/bin/gnu/h-x86_64-mingw32/bin/../lib/gcc/nios2-elf/4.9.1/../../../../../H-x86_64-mingw32/nios2-elf/lib\libc.a(lib_a-puts.o)
                0x0000000001201580                _puts_r
                0x0000000001201638                puts
 .text          0x000000000120164c      0x1c4 c:/altera/15.0/nios2eds/bin/gnu/h-x86_64-mingw32/bin/../lib/gcc/nios2-elf/4.9.1/../../../../../H-x86_64-mingw32/nios2-elf/lib\libc.a(lib_a-refill.o)
                0x0000000001201668                __srefill_r
 .text          0x0000000001201810       0x54 c:/altera/15.0/nios2eds/bin/gnu/h-x86_64-mingw32/bin/../lib/gcc/nios2-elf/4.9.1/../../../../../H-x86_64-mingw32/nios2-elf/lib\libc.a(lib_a-sbrkr.o)
                0x0000000001201810                _sbrk_r
 .text          0x0000000001201864       0xf4 c:/altera/15.0/nios2eds/bin/gnu/h-x86_64-mingw32/bin/../lib/gcc/nios2-elf/4.9.1/../../../../../H-x86_64-mingw32/nios2-elf/lib\libc.a(lib_a-sscanf.o)
                0x0000000001201864                sscanf
                0x00000000012018e0                _sscanf_r
 .text          0x0000000001201958      0x13c c:/altera/15.0/nios2eds/bin/gnu/h-x86_64-mingw32/bin/../lib/gcc/nios2-elf/4.9.1/../../../../../H-x86_64-mingw32/nios2-elf/lib\libc.a(lib_a-stdio.o)
                0x0000000001201958                __sread
                0x00000000012019ac                __seofread
                0x00000000012019b4                __swrite
                0x0000000001201a30                __sseek
                0x0000000001201a8c                __sclose
 .text          0x0000000001201a94       0x98 c:/altera/15.0/nios2eds/bin/gnu/h-x86_64-mingw32/bin/../lib/gcc/nios2-elf/4.9.1/../../../../../H-x86_64-mingw32/nios2-elf/lib\libc.a(lib_a-strlen.o)
                0x0000000001201a94                strlen
 .text          0x0000000001201b2c     0x1768 c:/altera/15.0/nios2eds/bin/gnu/h-x86_64-mingw32/bin/../lib/gcc/nios2-elf/4.9.1/../../../../../H-x86_64-mingw32/nios2-elf/lib\libc.a(lib_a-svfscanf.o)
                0x0000000001201b2c                __ssvfscanf_r
 .text          0x0000000001203294       0x5c c:/altera/15.0/nios2eds/bin/gnu/h-x86_64-mingw32/bin/../lib/gcc/nios2-elf/4.9.1/../../../../../H-x86_64-mingw32/nios2-elf/lib\libc.a(lib_a-writer.o)
                0x0000000001203294                _write_r
 .text          0x00000000012032f0       0x54 c:/altera/15.0/nios2eds/bin/gnu/h-x86_64-mingw32/bin/../lib/gcc/nios2-elf/4.9.1/../../../../../H-x86_64-mingw32/nios2-elf/lib\libc.a(closer.o)
                0x00000000012032f0                _close_r
 .text          0x0000000001203344        0x0 c:/altera/15.0/nios2eds/bin/gnu/h-x86_64-mingw32/bin/../lib/gcc/nios2-elf/4.9.1/../../../../../H-x86_64-mingw32/nios2-elf/lib\libc.a(lib_a-ctype_.o)
 .text          0x0000000001203344      0x114 c:/altera/15.0/nios2eds/bin/gnu/h-x86_64-mingw32/bin/../lib/gcc/nios2-elf/4.9.1/../../../../../H-x86_64-mingw32/nios2-elf/lib\libc.a(lib_a-fclose.o)
                0x0000000001203344                _fclose_r
                0x0000000001203444                fclose
 .text          0x0000000001203458      0x258 c:/altera/15.0/nios2eds/bin/gnu/h-x86_64-mingw32/bin/../lib/gcc/nios2-elf/4.9.1/../../../../../H-x86_64-mingw32/nios2-elf/lib\libc.a(lib_a-fflush.o)
                0x0000000001203458                _fflush_r
                0x0000000001203680                fflush
 .text          0x00000000012036b0      0x414 c:/altera/15.0/nios2eds/bin/gnu/h-x86_64-mingw32/bin/../lib/gcc/nios2-elf/4.9.1/../../../../../H-x86_64-mingw32/nios2-elf/lib\libc.a(lib_a-freer.o)
                0x00000000012036b0                _malloc_trim_r
                0x00000000012037d4                _free_r
 .text          0x0000000001203ac4      0x4a4 c:/altera/15.0/nios2eds/bin/gnu/h-x86_64-mingw32/bin/../lib/gcc/nios2-elf/4.9.1/../../../../../H-x86_64-mingw32/nios2-elf/lib\libc.a(lib_a-fvwrite.o)
                0x0000000001203ac4                __sfvwrite_r
 .text          0x0000000001203f68        0x0 c:/altera/15.0/nios2eds/bin/gnu/h-x86_64-mingw32/bin/../lib/gcc/nios2-elf/4.9.1/../../../../../H-x86_64-mingw32/nios2-elf/lib\libc.a(lib_a-int_errno.o)
 .text          0x0000000001203f68       0x30 c:/altera/15.0/nios2eds/bin/gnu/h-x86_64-mingw32/bin/../lib/gcc/nios2-elf/4.9.1/../../../../../H-x86_64-mingw32/nios2-elf/lib\libc.a(lib_a-iswspace.o)
                0x0000000001203f68                iswspace
 .text          0x0000000001203f98       0xe0 c:/altera/15.0/nios2eds/bin/gnu/h-x86_64-mingw32/bin/../lib/gcc/nios2-elf/4.9.1/../../../../../H-x86_64-mingw32/nios2-elf/lib\libc.a(lib_a-locale.o)
                0x0000000001203f98                _setlocale_r
                0x0000000001204014                __locale_charset
                0x0000000001204020                __locale_mb_cur_max
                0x0000000001204030                __locale_msgcharset
                0x000000000120403c                __locale_cjk_lang
                0x0000000001204044                _localeconv_r
                0x0000000001204050                setlocale
                0x000000000120406c                localeconv
 .text          0x0000000001204078       0x5c c:/altera/15.0/nios2eds/bin/gnu/h-x86_64-mingw32/bin/../lib/gcc/nios2-elf/4.9.1/../../../../../H-x86_64-mingw32/nios2-elf/lib\libc.a(lib_a-lseekr.o)
                0x0000000001204078                _lseek_r
 .text          0x00000000012040d4      0x1b8 c:/altera/15.0/nios2eds/bin/gnu/h-x86_64-mingw32/bin/../lib/gcc/nios2-elf/4.9.1/../../../../../H-x86_64-mingw32/nios2-elf/lib\libc.a(lib_a-makebuf.o)
                0x00000000012040d4                __smakebuf_r
 .text          0x000000000120428c      0x19c c:/altera/15.0/nios2eds/bin/gnu/h-x86_64-mingw32/bin/../lib/gcc/nios2-elf/4.9.1/../../../../../H-x86_64-mingw32/nios2-elf/lib\libc.a(lib_a-mbrtowc.o)
                0x000000000120428c                _mbrtowc_r
                0x0000000001204338                mbrtowc
 .text          0x0000000001204428       0xa0 c:/altera/15.0/nios2eds/bin/gnu/h-x86_64-mingw32/bin/../lib/gcc/nios2-elf/4.9.1/../../../../../H-x86_64-mingw32/nios2-elf/lib\libc.a(lib_a-mbtowc_r.o)
                0x0000000001204428                __ascii_mbtowc
                0x000000000120446c                _mbtowc_r
 .text          0x00000000012044c8      0x15c c:/altera/15.0/nios2eds/bin/gnu/h-x86_64-mingw32/bin/../lib/gcc/nios2-elf/4.9.1/../../../../../H-x86_64-mingw32/nios2-elf/lib\libc.a(lib_a-memmove.o)
                0x00000000012044c8                memmove
 .text          0x0000000001204624       0x5c c:/altera/15.0/nios2eds/bin/gnu/h-x86_64-mingw32/bin/../lib/gcc/nios2-elf/4.9.1/../../../../../H-x86_64-mingw32/nios2-elf/lib\libc.a(lib_a-readr.o)
                0x0000000001204624                _read_r
 .text          0x0000000001204680      0x5a0 c:/altera/15.0/nios2eds/bin/gnu/h-x86_64-mingw32/bin/../lib/gcc/nios2-elf/4.9.1/../../../../../H-x86_64-mingw32/nios2-elf/lib\libc.a(lib_a-reallocr.o)
                0x0000000001204680                _realloc_r
 .text          0x0000000001204c20       0x74 c:/altera/15.0/nios2eds/bin/gnu/h-x86_64-mingw32/bin/../lib/gcc/nios2-elf/4.9.1/../../../../../H-x86_64-mingw32/nios2-elf/lib\libc.a(lib_a-s_fpclassify.o)
                0x0000000001204c20                __fpclassifyd
 .text          0x0000000001204c94       0xc0 c:/altera/15.0/nios2eds/bin/gnu/h-x86_64-mingw32/bin/../lib/gcc/nios2-elf/4.9.1/../../../../../H-x86_64-mingw32/nios2-elf/lib\libc.a(lib_a-sccl.o)
                0x0000000001204c94                __sccl
 .text          0x0000000001204d54        0x8 c:/altera/15.0/nios2eds/bin/gnu/h-x86_64-mingw32/bin/../lib/gcc/nios2-elf/4.9.1/../../../../../H-x86_64-mingw32/nios2-elf/lib\libc.a(lib_a-sf_nan.o)
                0x0000000001204d54                nanf
 .text          0x0000000001204d5c       0xc4 c:/altera/15.0/nios2eds/bin/gnu/h-x86_64-mingw32/bin/../lib/gcc/nios2-elf/4.9.1/../../../../../H-x86_64-mingw32/nios2-elf/lib\libc.a(lib_a-sprintf.o)
                0x0000000001204d5c                _sprintf_r
                0x0000000001204db4                sprintf
 .text          0x0000000001204e20       0xa4 c:/altera/15.0/nios2eds/bin/gnu/h-x86_64-mingw32/bin/../lib/gcc/nios2-elf/4.9.1/../../../../../H-x86_64-mingw32/nios2-elf/lib\libc.a(lib_a-strcmp.o)
                0x0000000001204e20                strcmp
 .text          0x0000000001204ec4     0x1660 c:/altera/15.0/nios2eds/bin/gnu/h-x86_64-mingw32/bin/../lib/gcc/nios2-elf/4.9.1/../../../../../H-x86_64-mingw32/nios2-elf/lib\libc.a(lib_a-strtod.o)
                0x0000000001204ec4                _strtod_r
                0x0000000001206404                strtod
                0x0000000001206420                strtof
 .text          0x0000000001206524      0x284 c:/altera/15.0/nios2eds/bin/gnu/h-x86_64-mingw32/bin/../lib/gcc/nios2-elf/4.9.1/../../../../../H-x86_64-mingw32/nios2-elf/lib\libc.a(lib_a-strtol.o)
                0x0000000001206524                _strtol_r
                0x0000000001206784                strtol
 .text          0x00000000012067a8      0x314 c:/altera/15.0/nios2eds/bin/gnu/h-x86_64-mingw32/bin/../lib/gcc/nios2-elf/4.9.1/../../../../../H-x86_64-mingw32/nios2-elf/lib\libc.a(lib_a-strtoll_r.o)
                0x00000000012067a8                _strtoll_r
 .text          0x0000000001206abc      0x2ac c:/altera/15.0/nios2eds/bin/gnu/h-x86_64-mingw32/bin/../lib/gcc/nios2-elf/4.9.1/../../../../../H-x86_64-mingw32/nios2-elf/lib\libc.a(lib_a-strtoul.o)
                0x0000000001206abc                _strtoul_r
                0x0000000001206d44                strtoul
 .text          0x0000000001206d68      0x354 c:/altera/15.0/nios2eds/bin/gnu/h-x86_64-mingw32/bin/../lib/gcc/nios2-elf/4.9.1/../../../../../H-x86_64-mingw32/nios2-elf/lib\libc.a(lib_a-strtoull_r.o)
                0x0000000001206d68                _strtoull_r
 .text          0x00000000012070bc     0x1300 c:/altera/15.0/nios2eds/bin/gnu/h-x86_64-mingw32/bin/../lib/gcc/nios2-elf/4.9.1/../../../../../H-x86_64-mingw32/nios2-elf/lib\libc.a(lib_a-svfiscanf.o)
                0x00000000012070bc                _sungetc_r
                0x00000000012071b4                __ssrefill_r
                0x0000000001207224                _sfread_r
                0x0000000001207318                __ssvfiscanf_r
 .text          0x00000000012083bc     0x1f90 c:/altera/15.0/nios2eds/bin/gnu/h-x86_64-mingw32/bin/../lib/gcc/nios2-elf/4.9.1/../../../../../H-x86_64-mingw32/nios2-elf/lib\libc.a(lib_a-svfprintf.o)
                0x00000000012083bc                ___svfprintf_internal_r
 .text          0x000000000120a34c      0x278 c:/altera/15.0/nios2eds/bin/gnu/h-x86_64-mingw32/bin/../lib/gcc/nios2-elf/4.9.1/../../../../../H-x86_64-mingw32/nios2-elf/lib\libc.a(lib_a-ungetc.o)
                0x000000000120a34c                __submore
                0x000000000120a420                _ungetc_r
                0x000000000120a5a8                ungetc
 .text          0x000000000120a5c4      0x130 c:/altera/15.0/nios2eds/bin/gnu/h-x86_64-mingw32/bin/../lib/gcc/nios2-elf/4.9.1/../../../../../H-x86_64-mingw32/nios2-elf/lib\libc.a(lib_a-wsetup.o)
                0x000000000120a5c4                __swsetup_r
 .text          0x000000000120a6f4     0x1928 c:/altera/15.0/nios2eds/bin/gnu/h-x86_64-mingw32/bin/../lib/gcc/nios2-elf/4.9.1/../../../../../H-x86_64-mingw32/nios2-elf/lib\libc.a(lib_a-dtoa.o)
                0x000000000120a8f4                _dtoa_r
 .text          0x000000000120c01c       0x58 c:/altera/15.0/nios2eds/bin/gnu/h-x86_64-mingw32/bin/../lib/gcc/nios2-elf/4.9.1/../../../../../H-x86_64-mingw32/nios2-elf/lib\libc.a(lib_a-fstatr.o)
                0x000000000120c01c                _fstat_r
 .text          0x000000000120c074      0x9a0 c:/altera/15.0/nios2eds/bin/gnu/h-x86_64-mingw32/bin/../lib/gcc/nios2-elf/4.9.1/../../../../../H-x86_64-mingw32/nios2-elf/lib\libc.a(lib_a-gdtoa-gethex.o)
                0x000000000120c174                __hexdig_init
                0x000000000120c1f8                __gethex
 .text          0x000000000120ca14      0x294 c:/altera/15.0/nios2eds/bin/gnu/h-x86_64-mingw32/bin/../lib/gcc/nios2-elf/4.9.1/../../../../../H-x86_64-mingw32/nios2-elf/lib\libc.a(lib_a-gdtoa-hexnan.o)
                0x000000000120ca14                __hexnan
 .text          0x000000000120cca8       0x54 c:/altera/15.0/nios2eds/bin/gnu/h-x86_64-mingw32/bin/../lib/gcc/nios2-elf/4.9.1/../../../../../H-x86_64-mingw32/nios2-elf/lib\libc.a(lib_a-isattyr.o)
                0x000000000120cca8                _isatty_r
 .text          0x000000000120ccfc      0xf8c c:/altera/15.0/nios2eds/bin/gnu/h-x86_64-mingw32/bin/../lib/gcc/nios2-elf/4.9.1/../../../../../H-x86_64-mingw32/nios2-elf/lib\libc.a(lib_a-mprec.o)
                0x000000000120ccfc                _Balloc
                0x000000000120cda4                _Bfree
                0x000000000120cdcc                __multadd
                0x000000000120cee0                __s2b
                0x000000000120cfe4                __hi0bits
                0x000000000120d04c                __lo0bits
                0x000000000120d0fc                __i2b
                0x000000000120d138                __multiply
                0x000000000120d334                __pow5mult
                0x000000000120d474                __lshift
                0x000000000120d5bc                __mcmp
                0x000000000120d61c                __mdiff
                0x000000000120d7b4                __ulp
                0x000000000120d814                __b2d
                0x000000000120d930                __d2b
                0x000000000120da6c                __ratio
                0x000000000120db10                _mprec_log10
                0x000000000120db84                __copybits
                0x000000000120dbfc                __any_on
 .text          0x000000000120dc88       0xc0 c:/altera/15.0/nios2eds/bin/gnu/h-x86_64-mingw32/bin/../lib/gcc/nios2-elf/4.9.1/../../../../../H-x86_64-mingw32/nios2-elf/lib\libc.a(lib_a-strncmp.o)
                0x000000000120dc88                strncmp
 .text          0x000000000120dd48     0x1230 c:/altera/15.0/nios2eds/bin/gnu/h-x86_64-mingw32/bin/../lib/gcc/nios2-elf/4.9.1/../../../../../H-x86_64-mingw32/nios2-elf/lib\libc.a(lib_a-svfiprintf.o)
                0x000000000120dd48                __ssprint_r
                0x000000000120df10                ___svfiprintf_internal_r
 .text          0x000000000120ef78       0xc4 c:/altera/15.0/nios2eds/bin/gnu/h-x86_64-mingw32/bin/../lib/gcc/nios2-elf/4.9.1/../../../../../H-x86_64-mingw32/nios2-elf/lib\libc.a(lib_a-callocr.o)
                0x000000000120ef78                _calloc_r
 .text          0x000000000120f03c       0x60 c:/altera/15.0/nios2eds/bin/gnu/h-x86_64-mingw32/bin/../lib/gcc/nios2-elf/4.9.1\libgcc.a(_muldi3.o)
                0x000000000120f03c                __muldi3
 .text          0x000000000120f09c       0x74 c:/altera/15.0/nios2eds/bin/gnu/h-x86_64-mingw32/bin/../lib/gcc/nios2-elf/4.9.1\libgcc.a(_fixunsdfsi.o)
                0x000000000120f09c                __fixunsdfsi
 .text          0x000000000120f110      0x5c0 c:/altera/15.0/nios2eds/bin/gnu/h-x86_64-mingw32/bin/../lib/gcc/nios2-elf/4.9.1\libgcc.a(_udivdi3.o)
                0x000000000120f110                __udivdi3
 .text          0x000000000120f6d0      0x590 c:/altera/15.0/nios2eds/bin/gnu/h-x86_64-mingw32/bin/../lib/gcc/nios2-elf/4.9.1\libgcc.a(_umoddi3.o)
                0x000000000120f6d0                __umoddi3
 .text          0x000000000120fc60      0x12c c:/altera/15.0/nios2eds/bin/gnu/h-x86_64-mingw32/bin/../lib/gcc/nios2-elf/4.9.1\libgcc.a(lib2-divmod.o)
                0x000000000120fccc                __divsi3
                0x000000000120fd20                __modsi3
                0x000000000120fd7c                __udivsi3
                0x000000000120fd84                __umodsi3
 .text          0x000000000120fd8c       0x74 c:/altera/15.0/nios2eds/bin/gnu/h-x86_64-mingw32/bin/../lib/gcc/nios2-elf/4.9.1\libgcc.a(eqsf2.o)
                0x000000000120fd8c                __eqsf2
                0x000000000120fd8c                __nesf2
 .text          0x000000000120fe00       0xb8 c:/altera/15.0/nios2eds/bin/gnu/h-x86_64-mingw32/bin/../lib/gcc/nios2-elf/4.9.1\libgcc.a(gesf2.o)
                0x000000000120fe00                __gesf2
                0x000000000120fe00                __gtsf2
 .text          0x000000000120feb8       0xb8 c:/altera/15.0/nios2eds/bin/gnu/h-x86_64-mingw32/bin/../lib/gcc/nios2-elf/4.9.1\libgcc.a(lesf2.o)
                0x000000000120feb8                __ltsf2
                0x000000000120feb8                __lesf2
 .text          0x000000000120ff70      0x89c c:/altera/15.0/nios2eds/bin/gnu/h-x86_64-mingw32/bin/../lib/gcc/nios2-elf/4.9.1\libgcc.a(adddf3.o)
                0x000000000120ff70                __adddf3
 .text          0x000000000121080c      0x8cc c:/altera/15.0/nios2eds/bin/gnu/h-x86_64-mingw32/bin/../lib/gcc/nios2-elf/4.9.1\libgcc.a(divdf3.o)
                0x000000000121080c                __divdf3
 .text          0x00000000012110d8       0x84 c:/altera/15.0/nios2eds/bin/gnu/h-x86_64-mingw32/bin/../lib/gcc/nios2-elf/4.9.1\libgcc.a(eqdf2.o)
                0x00000000012110d8                __nedf2
                0x00000000012110d8                __eqdf2
 .text          0x000000000121115c       0xe0 c:/altera/15.0/nios2eds/bin/gnu/h-x86_64-mingw32/bin/../lib/gcc/nios2-elf/4.9.1\libgcc.a(gedf2.o)
                0x000000000121115c                __gedf2
                0x000000000121115c                __gtdf2
 .text          0x000000000121123c       0xe0 c:/altera/15.0/nios2eds/bin/gnu/h-x86_64-mingw32/bin/../lib/gcc/nios2-elf/4.9.1\libgcc.a(ledf2.o)
                0x000000000121123c                __ledf2
                0x000000000121123c                __ltdf2
 .text          0x000000000121131c      0x724 c:/altera/15.0/nios2eds/bin/gnu/h-x86_64-mingw32/bin/../lib/gcc/nios2-elf/4.9.1\libgcc.a(muldf3.o)
                0x000000000121131c                __muldf3
 .text          0x0000000001211a40      0x8d0 c:/altera/15.0/nios2eds/bin/gnu/h-x86_64-mingw32/bin/../lib/gcc/nios2-elf/4.9.1\libgcc.a(subdf3.o)
                0x0000000001211a40                __subdf3
 .text          0x0000000001212310       0x88 c:/altera/15.0/nios2eds/bin/gnu/h-x86_64-mingw32/bin/../lib/gcc/nios2-elf/4.9.1\libgcc.a(fixdfsi.o)
                0x0000000001212310                __fixdfsi
 .text          0x0000000001212398       0xd0 c:/altera/15.0/nios2eds/bin/gnu/h-x86_64-mingw32/bin/../lib/gcc/nios2-elf/4.9.1\libgcc.a(floatsidf.o)
                0x0000000001212398                __floatsidf
 .text          0x0000000001212468       0xa4 c:/altera/15.0/nios2eds/bin/gnu/h-x86_64-mingw32/bin/../lib/gcc/nios2-elf/4.9.1\libgcc.a(floatunsidf.o)
                0x0000000001212468                __floatunsidf
 .text          0x000000000121250c      0x198 c:/altera/15.0/nios2eds/bin/gnu/h-x86_64-mingw32/bin/../lib/gcc/nios2-elf/4.9.1\libgcc.a(truncdfsf2.o)
                0x000000000121250c                __truncdfsf2
 .text          0x00000000012126a4        0x0 c:/altera/15.0/nios2eds/bin/gnu/h-x86_64-mingw32/bin/../lib/gcc/nios2-elf/4.9.1\libgcc.a(_clz.o)
 .text          0x00000000012126a4       0x64 c:/altera/15.0/nios2eds/bin/gnu/h-x86_64-mingw32/bin/../lib/gcc/nios2-elf/4.9.1\libgcc.a(_clzsi2.o)
                0x00000000012126a4                __clzsi2
 .text          0x0000000001212708      0x120 ../niosII_pwm_project_bsp/\libhal_bsp.a(alt_close.o)
                0x0000000001212758                close
 .text          0x0000000001212828       0x2c ../niosII_pwm_project_bsp/\libhal_bsp.a(alt_dev.o)
 .text          0x0000000001212854        0x0 ../niosII_pwm_project_bsp/\libhal_bsp.a(alt_errno.o)
 .text          0x0000000001212854      0x100 ../niosII_pwm_project_bsp/\libhal_bsp.a(alt_fstat.o)
                0x00000000012128a4                fstat
 .text          0x0000000001212954       0xf4 ../niosII_pwm_project_bsp/\libhal_bsp.a(alt_isatty.o)
                0x00000000012129a4                isatty
 .text          0x0000000001212a48      0x124 ../niosII_pwm_project_bsp/\libhal_bsp.a(alt_lseek.o)
                0x0000000001212a98                lseek
 .text          0x0000000001212b6c       0x78 ../niosII_pwm_project_bsp/\libhal_bsp.a(alt_main.o)
                0x0000000001212b6c                alt_main
 .text          0x0000000001212be4       0x40 ../niosII_pwm_project_bsp/\libhal_bsp.a(alt_malloc_lock.o)
                0x0000000001212be4                __malloc_lock
                0x0000000001212c04                __malloc_unlock
 .text          0x0000000001212c24      0x14c ../niosII_pwm_project_bsp/\libhal_bsp.a(alt_read.o)
                0x0000000001212c74                read
 .text          0x0000000001212d70       0x60 ../niosII_pwm_project_bsp/\libhal_bsp.a(alt_release_fd.o)
                0x0000000001212d70                alt_release_fd
 .text          0x0000000001212dd0       0xb0 ../niosII_pwm_project_bsp/\libhal_bsp.a(alt_sbrk.o)
                0x0000000001212dd0                sbrk
 .text          0x0000000001212e80      0x148 ../niosII_pwm_project_bsp/\libhal_bsp.a(alt_write.o)
                0x0000000001212ed0                write
 .text          0x0000000001212fc8       0xe8 ../niosII_pwm_project_bsp/\libhal_bsp.a(alt_sys_init.o)
                0x0000000001213000                alt_irq_init
                0x0000000001213034                alt_sys_init
 .text          0x00000000012130b0      0x88c ../niosII_pwm_project_bsp/\libhal_bsp.a(altera_avalon_cfi_flash.o)
                0x00000000012130e8                alt_flash_cfi_init
                0x0000000001213178                alt_flash_cfi_write
                0x0000000001213420                alt_flash_cfi_get_info
                0x00000000012134ac                alt_flash_cfi_read
                0x0000000001213510                alt_write_value_to_flash
                0x0000000001213668                alt_flash_program_block
 .text          0x000000000121393c     0x1454 ../niosII_pwm_project_bsp/\libhal_bsp.a(altera_avalon_cfi_flash_table.o)
                0x000000000121393c                alt_read_query_entry_8bit
                0x0000000001213978                alt_read_query_entry_16bit
                0x00000000012139b8                alt_read_query_entry_32bit
                0x00000000012139f8                alt_write_flash_command_8bit_device_8bit_mode
                0x0000000001213a3c                alt_write_flash_command_16bit_device_8bit_mode
                0x0000000001213ab4                alt_write_flash_command_32bit_device_8bit_mode
                0x0000000001213b04                alt_write_flash_command_16bit_device_16bit_mode
                0x0000000001213b50                alt_write_flash_command_32bit_device_16bit_mode
                0x0000000001213ba0                alt_write_flash_command_32bit_device_32bit_mode
                0x0000000001213bf0                alt_write_native_8bit
                0x0000000001213c28                alt_write_native_16bit
                0x0000000001213c60                alt_write_native_32bit
                0x0000000001213c94                alt_set_flash_width_func
                0x0000000001213e50                alt_set_flash_algorithm_func
                0x0000000001213f6c                alt_read_cfi_table
                0x0000000001214534                alt_read_cfi_width
                0x0000000001214cb8                alt_check_primary_table
 .text          0x0000000001214d90      0x164 ../niosII_pwm_project_bsp/\libhal_bsp.a(altera_avalon_jtag_uart_fd.o)
                0x0000000001214d90                altera_avalon_jtag_uart_read_fd
                0x0000000001214df0                altera_avalon_jtag_uart_write_fd
                0x0000000001214e50                altera_avalon_jtag_uart_close_fd
                0x0000000001214ea0                altera_avalon_jtag_uart_ioctl_fd
 .text          0x0000000001214ef4      0x3d8 ../niosII_pwm_project_bsp/\libhal_bsp.a(altera_avalon_jtag_uart_init.o)
                0x0000000001214ef4                altera_avalon_jtag_uart_init
                0x0000000001215264                altera_avalon_jtag_uart_close
 .text          0x00000000012152cc       0xec ../niosII_pwm_project_bsp/\libhal_bsp.a(altera_avalon_jtag_uart_ioctl.o)
                0x00000000012152cc                altera_avalon_jtag_uart_ioctl
 .text          0x00000000012153b8      0x20c ../niosII_pwm_project_bsp/\libhal_bsp.a(altera_avalon_jtag_uart_read.o)
                0x00000000012153b8                altera_avalon_jtag_uart_read
 .text          0x00000000012155c4      0x218 ../niosII_pwm_project_bsp/\libhal_bsp.a(altera_avalon_jtag_uart_write.o)
                0x00000000012155c4                altera_avalon_jtag_uart_write
 .text          0x00000000012157dc       0xfc ../niosII_pwm_project_bsp/\libhal_bsp.a(altera_avalon_timer_sc.o)
                0x0000000001215850                alt_avalon_timer_sc_init
 .text          0x00000000012158d8      0x140 ../niosII_pwm_project_bsp/\libhal_bsp.a(alt_alarm_start.o)
                0x00000000012158d8                alt_alarm_start
 .text          0x0000000001215a18       0x74 ../niosII_pwm_project_bsp/\libhal_bsp.a(alt_dcache_flush.o)
                0x0000000001215a18                alt_dcache_flush
 .text          0x0000000001215a8c       0xf4 ../niosII_pwm_project_bsp/\libhal_bsp.a(alt_dev_llist_insert.o)
                0x0000000001215adc                alt_dev_llist_insert
 .text          0x0000000001215b80       0x5c ../niosII_pwm_project_bsp/\libhal_bsp.a(alt_do_ctors.o)
                0x0000000001215b80                _do_ctors
 .text          0x0000000001215bdc       0x5c ../niosII_pwm_project_bsp/\libhal_bsp.a(alt_do_dtors.o)
                0x0000000001215bdc                _do_dtors
 .text          0x0000000001215c38       0xb8 ../niosII_pwm_project_bsp/\libhal_bsp.a(alt_flash_dev.o)
                0x0000000001215c38                alt_flash_open_dev
                0x0000000001215ca0                alt_flash_close_dev
 .text          0x0000000001215cf0      0x1e0 ../niosII_pwm_project_bsp/\libhal_bsp.a(alt_iic.o)
                0x0000000001215cf0                alt_ic_isr_register
                0x0000000001215d40                alt_ic_irq_enable
                0x0000000001215de0                alt_ic_irq_disable
                0x0000000001215e84                alt_ic_irq_enabled
 .text          0x0000000001215ed0       0xf0 ../niosII_pwm_project_bsp/\libhal_bsp.a(alt_iic_isr_register.o)
                0x0000000001215ed0                alt_iic_isr_register
 .text          0x0000000001215fc0      0x138 ../niosII_pwm_project_bsp/\libhal_bsp.a(alt_io_redirect.o)
                0x0000000001216080                alt_io_redirect
 .text          0x00000000012160f8        0x0 ../niosII_pwm_project_bsp/\libhal_bsp.a(alt_irq_entry.o)
 .text          0x00000000012160f8        0x0 ../niosII_pwm_project_bsp/\libhal_bsp.a(alt_irq_handler.o)
 .text          0x00000000012160f8        0x0 ../niosII_pwm_project_bsp/\libhal_bsp.a(alt_irq_vars.o)
 .text          0x00000000012160f8      0x274 ../niosII_pwm_project_bsp/\libhal_bsp.a(alt_open.o)
                0x0000000001216214                open
 .text          0x000000000121636c      0x19c ../niosII_pwm_project_bsp/\libhal_bsp.a(alt_tick.o)
                0x000000000121636c                alt_alarm_stop
                0x0000000001216404                alt_tick
 .text          0x0000000001216508       0x20 ../niosII_pwm_project_bsp/\libhal_bsp.a(altera_nios2_gen2_irq.o)
                0x0000000001216508                altera_nios2_gen2_irq_init
 .text          0x0000000001216528      0x460 ../niosII_pwm_project_bsp/\libhal_bsp.a(altera_avalon_cfi_flash_amd.o)
                0x0000000001216528                alt_program_amd
                0x0000000001216590                alt_erase_block_amd
 .text          0x0000000001216988      0x454 ../niosII_pwm_project_bsp/\libhal_bsp.a(altera_avalon_cfi_flash_intel.o)
                0x0000000001216988                alt_program_intel
                0x0000000001216a08                alt_erase_block_intel
 .text          0x0000000001216ddc        0x0 ../niosII_pwm_project_bsp/\libhal_bsp.a(alt_exception_entry.o)
 .text          0x0000000001216ddc       0x90 ../niosII_pwm_project_bsp/\libhal_bsp.a(alt_find_dev.o)
                0x0000000001216ddc                alt_find_dev
 .text          0x0000000001216e6c      0x114 ../niosII_pwm_project_bsp/\libhal_bsp.a(alt_find_file.o)
                0x0000000001216e6c                alt_find_file
 .text          0x0000000001216f80       0xb4 ../niosII_pwm_project_bsp/\libhal_bsp.a(alt_get_fd.o)
                0x0000000001216f80                alt_get_fd
 .text          0x0000000001217034       0x9c ../niosII_pwm_project_bsp/\libhal_bsp.a(alt_instruction_exception_entry.o)
                0x0000000001217034                alt_exception_cause_generated_bad_addr
 .text          0x00000000012170d0       0x30 ../niosII_pwm_project_bsp/\libhal_bsp.a(alt_usleep.o)
                0x00000000012170d0                usleep
 .text          0x0000000001217100      0x158 ../niosII_pwm_project_bsp/\libhal_bsp.a(alt_busy_sleep.o)
                0x0000000001217100                alt_busy_sleep
 .text          0x0000000001217258       0x14 c:/altera/15.0/nios2eds/bin/gnu/h-x86_64-mingw32/bin/../lib/gcc/nios2-elf/4.9.1/../../../../../H-x86_64-mingw32/nios2-elf/lib\libc.a(lib_a-atexit.o)
                0x0000000001217258                atexit
 .text          0x000000000121726c       0x38 c:/altera/15.0/nios2eds/bin/gnu/h-x86_64-mingw32/bin/../lib/gcc/nios2-elf/4.9.1/../../../../../H-x86_64-mingw32/nios2-elf/lib\libc.a(lib_a-exit.o)
                0x000000000121726c                exit
 .text          0x00000000012172a4       0x7c c:/altera/15.0/nios2eds/bin/gnu/h-x86_64-mingw32/bin/../lib/gcc/nios2-elf/4.9.1/../../../../../H-x86_64-mingw32/nios2-elf/lib\libc.a(lib_a-memcmp.o)
                0x00000000012172a4                memcmp
 .text          0x0000000001217320      0x114 c:/altera/15.0/nios2eds/bin/gnu/h-x86_64-mingw32/bin/../lib/gcc/nios2-elf/4.9.1/../../../../../H-x86_64-mingw32/nios2-elf/lib\libc.a(lib_a-__atexit.o)
                0x0000000001217320                __register_exitproc
 .text          0x0000000001217434      0x194 c:/altera/15.0/nios2eds/bin/gnu/h-x86_64-mingw32/bin/../lib/gcc/nios2-elf/4.9.1/../../../../../H-x86_64-mingw32/nios2-elf/lib\libc.a(lib_a-__call_atexit.o)
                0x0000000001217434                __call_exitprocs
 .text          0x00000000012175c8       0x34 ../niosII_pwm_project_bsp/\libhal_bsp.a(alt_exit.o)
                0x00000000012175c8                _exit
 *(.gnu.warning.*)
 *(.fini)
                0x00000000012175fc                PROVIDE (__etext, ABSOLUTE (.))
                0x00000000012175fc                PROVIDE (_etext, ABSOLUTE (.))
                0x00000000012175fc                PROVIDE (etext, ABSOLUTE (.))
 *(.eh_frame_hdr)
                0x00000000012175fc                . = ALIGN (0x4)
                0x00000000012175fc                PROVIDE (__preinit_array_start, ABSOLUTE (.))
 *(.preinit_array)
                0x00000000012175fc                PROVIDE (__preinit_array_end, ABSOLUTE (.))
                0x00000000012175fc                PROVIDE (__init_array_start, ABSOLUTE (.))
 *(.init_array)
                0x00000000012175fc                PROVIDE (__init_array_end, ABSOLUTE (.))
                0x00000000012175fc                PROVIDE (__fini_array_start, ABSOLUTE (.))
 *(.fini_array)
                0x00000000012175fc                PROVIDE (__fini_array_end, ABSOLUTE (.))
 *(.eh_frame)
 *(.gcc_except_table .gcc_except_table.*)
 *(.dynamic)
                0x00000000012175fc                PROVIDE (__CTOR_LIST__, ABSOLUTE (.))
 *(.ctors)
 *(SORT(.ctors.*))
                0x00000000012175fc                PROVIDE (__CTOR_END__, ABSOLUTE (.))
                0x00000000012175fc                PROVIDE (__DTOR_LIST__, ABSOLUTE (.))
 *(.dtors)
 *(SORT(.dtors.*))
                0x00000000012175fc                PROVIDE (__DTOR_END__, ABSOLUTE (.))
 *(.jcr)
                0x00000000012175fc                . = ALIGN (0x4)

.rodata         0x00000000012175fc      0x6f8
                0x00000000012175fc                PROVIDE (__ram_rodata_start, ABSOLUTE (.))
                0x00000000012175fc                . = ALIGN (0x4)
 *(.rodata .rodata.* .gnu.linkonce.r.*)
 .rodata        0x00000000012175fc       0xc8 obj/default/pwm.o
 .rodata.str1.4
                0x00000000012176c4        0x2 c:/altera/15.0/nios2eds/bin/gnu/h-x86_64-mingw32/bin/../lib/gcc/nios2-elf/4.9.1/../../../../../H-x86_64-mingw32/nios2-elf/lib\libc.a(lib_a-impure.o)
                                          0x4 (size before relaxing)
 *fill*         0x00000000012176c6        0x2 
 .rodata.str1.4
                0x00000000012176c8        0x2 c:/altera/15.0/nios2eds/bin/gnu/h-x86_64-mingw32/bin/../lib/gcc/nios2-elf/4.9.1/../../../../../H-x86_64-mingw32/nios2-elf/lib\libc.a(lib_a-puts.o)
                                          0x4 (size before relaxing)
 *fill*         0x00000000012176ca        0x2 
 .rodata.str1.4
                0x00000000012176cc        0x5 c:/altera/15.0/nios2eds/bin/gnu/h-x86_64-mingw32/bin/../lib/gcc/nios2-elf/4.9.1/../../../../../H-x86_64-mingw32/nios2-elf/lib\libc.a(lib_a-svfscanf.o)
                                          0x8 (size before relaxing)
 *fill*         0x00000000012176d1        0x1 
 .rodata        0x00000000012176d2       0x22 c:/altera/15.0/nios2eds/bin/gnu/h-x86_64-mingw32/bin/../lib/gcc/nios2-elf/4.9.1/../../../../../H-x86_64-mingw32/nios2-elf/lib\libc.a(lib_a-svfscanf.o)
 .rodata        0x00000000012176f4      0x281 c:/altera/15.0/nios2eds/bin/gnu/h-x86_64-mingw32/bin/../lib/gcc/nios2-elf/4.9.1/../../../../../H-x86_64-mingw32/nios2-elf/lib\libc.a(lib_a-ctype_.o)
                0x00000000012176f4                _ctype_
 *fill*         0x0000000001217975        0x3 
 .rodata.str1.4
                0x0000000001217978        0xa c:/altera/15.0/nios2eds/bin/gnu/h-x86_64-mingw32/bin/../lib/gcc/nios2-elf/4.9.1/../../../../../H-x86_64-mingw32/nios2-elf/lib\libc.a(lib_a-locale.o)
                                         0x14 (size before relaxing)
 .rodata.str1.4
                0x0000000000000000        0x4 c:/altera/15.0/nios2eds/bin/gnu/h-x86_64-mingw32/bin/../lib/gcc/nios2-elf/4.9.1/../../../../../H-x86_64-mingw32/nios2-elf/lib\libc.a(lib_a-mbrtowc.o)
 *fill*         0x0000000001217982        0x2 
 .rodata.str1.4
                0x0000000001217984        0xf c:/altera/15.0/nios2eds/bin/gnu/h-x86_64-mingw32/bin/../lib/gcc/nios2-elf/4.9.1/../../../../../H-x86_64-mingw32/nios2-elf/lib\libc.a(lib_a-strtod.o)
                                         0x10 (size before relaxing)
 *fill*         0x0000000001217993        0x1 
 .rodata        0x0000000001217994       0x28 c:/altera/15.0/nios2eds/bin/gnu/h-x86_64-mingw32/bin/../lib/gcc/nios2-elf/4.9.1/../../../../../H-x86_64-mingw32/nios2-elf/lib\libc.a(lib_a-strtod.o)
 .rodata        0x00000000012179bc       0x22 c:/altera/15.0/nios2eds/bin/gnu/h-x86_64-mingw32/bin/../lib/gcc/nios2-elf/4.9.1/../../../../../H-x86_64-mingw32/nios2-elf/lib\libc.a(lib_a-svfiscanf.o)
 *fill*         0x00000000012179de        0x2 
 .rodata.str1.4
                0x00000000012179e0       0x42 c:/altera/15.0/nios2eds/bin/gnu/h-x86_64-mingw32/bin/../lib/gcc/nios2-elf/4.9.1/../../../../../H-x86_64-mingw32/nios2-elf/lib\libc.a(lib_a-svfprintf.o)
                                         0x44 (size before relaxing)
 .rodata        0x0000000001217a22       0x20 c:/altera/15.0/nios2eds/bin/gnu/h-x86_64-mingw32/bin/../lib/gcc/nios2-elf/4.9.1/../../../../../H-x86_64-mingw32/nios2-elf/lib\libc.a(lib_a-svfprintf.o)
 *fill*         0x0000000001217a42        0x2 
 .rodata.str1.4
                0x0000000001217a44       0x10 c:/altera/15.0/nios2eds/bin/gnu/h-x86_64-mingw32/bin/../lib/gcc/nios2-elf/4.9.1/../../../../../H-x86_64-mingw32/nios2-elf/lib\libc.a(lib_a-dtoa.o)
                                         0x14 (size before relaxing)
 .rodata.str1.4
                0x0000000001217a54       0x1c c:/altera/15.0/nios2eds/bin/gnu/h-x86_64-mingw32/bin/../lib/gcc/nios2-elf/4.9.1/../../../../../H-x86_64-mingw32/nios2-elf/lib\libc.a(lib_a-gdtoa-gethex.o)
 .rodata        0x0000000001217a70      0x124 c:/altera/15.0/nios2eds/bin/gnu/h-x86_64-mingw32/bin/../lib/gcc/nios2-elf/4.9.1/../../../../../H-x86_64-mingw32/nios2-elf/lib\libc.a(lib_a-mprec.o)
                0x0000000001217a7c                __mprec_tinytens
                0x0000000001217aa4                __mprec_bigtens
                0x0000000001217acc                __mprec_tens
 .rodata.str1.4
                0x0000000000000000       0x30 c:/altera/15.0/nios2eds/bin/gnu/h-x86_64-mingw32/bin/../lib/gcc/nios2-elf/4.9.1/../../../../../H-x86_64-mingw32/nios2-elf/lib\libc.a(lib_a-svfiprintf.o)
 .rodata        0x0000000001217b94       0x20 c:/altera/15.0/nios2eds/bin/gnu/h-x86_64-mingw32/bin/../lib/gcc/nios2-elf/4.9.1/../../../../../H-x86_64-mingw32/nios2-elf/lib\libc.a(lib_a-svfiprintf.o)
 .rodata        0x0000000001217bb4      0x100 c:/altera/15.0/nios2eds/bin/gnu/h-x86_64-mingw32/bin/../lib/gcc/nios2-elf/4.9.1\libgcc.a(_clz.o)
                0x0000000001217bb4                __clz_tab
 .rodata        0x0000000001217cb4        0xc ../niosII_pwm_project_bsp/\libhal_bsp.a(alt_dev.o)
 .rodata        0x0000000001217cc0       0x10 ../niosII_pwm_project_bsp/\libhal_bsp.a(alt_main.o)
 .rodata        0x0000000001217cd0       0x24 ../niosII_pwm_project_bsp/\libhal_bsp.a(alt_sys_init.o)
 *(.rodata1)
                0x0000000001217cf4                . = ALIGN (0x4)
                0x0000000001217cf4                PROVIDE (__ram_rodata_end, ABSOLUTE (.))
                0x00000000012175fc                PROVIDE (__flash_rodata_start, LOADADDR (.rodata))

.rwdata         0x0000000001217cf4     0x1bfc
                0x0000000001217cf4                PROVIDE (__ram_rwdata_start, ABSOLUTE (.))
                0x0000000001217cf4                . = ALIGN (0x4)
 *(.got.plt)
 *(.got)
 *(.data1)
 *(.data .data.* .gnu.linkonce.d.*)
 .data          0x0000000001217cf4        0x0 ../niosII_pwm_project_bsp//obj/HAL/src/crt0.o
 .data          0x0000000001217cf4        0x0 obj/default/pwm.o
 .data          0x0000000001217cf4        0x0 c:/altera/15.0/nios2eds/bin/gnu/h-x86_64-mingw32/bin/../lib/gcc/nios2-elf/4.9.1/../../../../../H-x86_64-mingw32/nios2-elf/lib\libc.a(lib_a-fgets.o)
 .data          0x0000000001217cf4        0x0 c:/altera/15.0/nios2eds/bin/gnu/h-x86_64-mingw32/bin/../lib/gcc/nios2-elf/4.9.1/../../../../../H-x86_64-mingw32/nios2-elf/lib\libc.a(lib_a-findfp.o)
 .data          0x0000000001217cf4        0x0 c:/altera/15.0/nios2eds/bin/gnu/h-x86_64-mingw32/bin/../lib/gcc/nios2-elf/4.9.1/../../../../../H-x86_64-mingw32/nios2-elf/lib\libc.a(lib_a-fwalk.o)
 .data          0x0000000001217cf4      0x424 c:/altera/15.0/nios2eds/bin/gnu/h-x86_64-mingw32/bin/../lib/gcc/nios2-elf/4.9.1/../../../../../H-x86_64-mingw32/nios2-elf/lib\libc.a(lib_a-impure.o)
 .data          0x0000000001218118      0x408 c:/altera/15.0/nios2eds/bin/gnu/h-x86_64-mingw32/bin/../lib/gcc/nios2-elf/4.9.1/../../../../../H-x86_64-mingw32/nios2-elf/lib\libc.a(lib_a-mallocr.o)
                0x0000000001218118                __malloc_av_
 .data          0x0000000001218520        0x0 c:/altera/15.0/nios2eds/bin/gnu/h-x86_64-mingw32/bin/../lib/gcc/nios2-elf/4.9.1/../../../../../H-x86_64-mingw32/nios2-elf/lib\libc.a(lib_a-memchr.o)
 .data          0x0000000001218520        0x0 c:/altera/15.0/nios2eds/bin/gnu/h-x86_64-mingw32/bin/../lib/gcc/nios2-elf/4.9.1/../../../../../H-x86_64-mingw32/nios2-elf/lib\libc.a(lib_a-memcpy.o)
 .data          0x0000000001218520        0x0 c:/altera/15.0/nios2eds/bin/gnu/h-x86_64-mingw32/bin/../lib/gcc/nios2-elf/4.9.1/../../../../../H-x86_64-mingw32/nios2-elf/lib\libc.a(lib_a-memset.o)
 .data          0x0000000001218520        0x0 c:/altera/15.0/nios2eds/bin/gnu/h-x86_64-mingw32/bin/../lib/gcc/nios2-elf/4.9.1/../../../../../H-x86_64-mingw32/nios2-elf/lib\libc.a(lib_a-puts.o)
 .data          0x0000000001218520        0x0 c:/altera/15.0/nios2eds/bin/gnu/h-x86_64-mingw32/bin/../lib/gcc/nios2-elf/4.9.1/../../../../../H-x86_64-mingw32/nios2-elf/lib\libc.a(lib_a-refill.o)
 .data          0x0000000001218520        0x0 c:/altera/15.0/nios2eds/bin/gnu/h-x86_64-mingw32/bin/../lib/gcc/nios2-elf/4.9.1/../../../../../H-x86_64-mingw32/nios2-elf/lib\libc.a(lib_a-sbrkr.o)
 .data          0x0000000001218520        0x0 c:/altera/15.0/nios2eds/bin/gnu/h-x86_64-mingw32/bin/../lib/gcc/nios2-elf/4.9.1/../../../../../H-x86_64-mingw32/nios2-elf/lib\libc.a(lib_a-sscanf.o)
 .data          0x0000000001218520        0x0 c:/altera/15.0/nios2eds/bin/gnu/h-x86_64-mingw32/bin/../lib/gcc/nios2-elf/4.9.1/../../../../../H-x86_64-mingw32/nios2-elf/lib\libc.a(lib_a-stdio.o)
 .data          0x0000000001218520        0x0 c:/altera/15.0/nios2eds/bin/gnu/h-x86_64-mingw32/bin/../lib/gcc/nios2-elf/4.9.1/../../../../../H-x86_64-mingw32/nios2-elf/lib\libc.a(lib_a-strlen.o)
 .data          0x0000000001218520        0x0 c:/altera/15.0/nios2eds/bin/gnu/h-x86_64-mingw32/bin/../lib/gcc/nios2-elf/4.9.1/../../../../../H-x86_64-mingw32/nios2-elf/lib\libc.a(lib_a-svfscanf.o)
 .data          0x0000000001218520        0x0 c:/altera/15.0/nios2eds/bin/gnu/h-x86_64-mingw32/bin/../lib/gcc/nios2-elf/4.9.1/../../../../../H-x86_64-mingw32/nios2-elf/lib\libc.a(lib_a-writer.o)
 .data          0x0000000001218520        0x0 c:/altera/15.0/nios2eds/bin/gnu/h-x86_64-mingw32/bin/../lib/gcc/nios2-elf/4.9.1/../../../../../H-x86_64-mingw32/nios2-elf/lib\libc.a(closer.o)
 .data          0x0000000001218520        0x0 c:/altera/15.0/nios2eds/bin/gnu/h-x86_64-mingw32/bin/../lib/gcc/nios2-elf/4.9.1/../../../../../H-x86_64-mingw32/nios2-elf/lib\libc.a(lib_a-ctype_.o)
 .data          0x0000000001218520        0x0 c:/altera/15.0/nios2eds/bin/gnu/h-x86_64-mingw32/bin/../lib/gcc/nios2-elf/4.9.1/../../../../../H-x86_64-mingw32/nios2-elf/lib\libc.a(lib_a-fclose.o)
 .data          0x0000000001218520        0x0 c:/altera/15.0/nios2eds/bin/gnu/h-x86_64-mingw32/bin/../lib/gcc/nios2-elf/4.9.1/../../../../../H-x86_64-mingw32/nios2-elf/lib\libc.a(lib_a-fflush.o)
 .data          0x0000000001218520        0x0 c:/altera/15.0/nios2eds/bin/gnu/h-x86_64-mingw32/bin/../lib/gcc/nios2-elf/4.9.1/../../../../../H-x86_64-mingw32/nios2-elf/lib\libc.a(lib_a-freer.o)
 .data          0x0000000001218520        0x0 c:/altera/15.0/nios2eds/bin/gnu/h-x86_64-mingw32/bin/../lib/gcc/nios2-elf/4.9.1/../../../../../H-x86_64-mingw32/nios2-elf/lib\libc.a(lib_a-fvwrite.o)
 .data          0x0000000001218520        0x0 c:/altera/15.0/nios2eds/bin/gnu/h-x86_64-mingw32/bin/../lib/gcc/nios2-elf/4.9.1/../../../../../H-x86_64-mingw32/nios2-elf/lib\libc.a(lib_a-int_errno.o)
 .data          0x0000000001218520        0x0 c:/altera/15.0/nios2eds/bin/gnu/h-x86_64-mingw32/bin/../lib/gcc/nios2-elf/4.9.1/../../../../../H-x86_64-mingw32/nios2-elf/lib\libc.a(lib_a-iswspace.o)
 .data          0x0000000001218520       0x78 c:/altera/15.0/nios2eds/bin/gnu/h-x86_64-mingw32/bin/../lib/gcc/nios2-elf/4.9.1/../../../../../H-x86_64-mingw32/nios2-elf/lib\libc.a(lib_a-locale.o)
 .data          0x0000000001218598        0x0 c:/altera/15.0/nios2eds/bin/gnu/h-x86_64-mingw32/bin/../lib/gcc/nios2-elf/4.9.1/../../../../../H-x86_64-mingw32/nios2-elf/lib\libc.a(lib_a-lseekr.o)
 .data          0x0000000001218598        0x0 c:/altera/15.0/nios2eds/bin/gnu/h-x86_64-mingw32/bin/../lib/gcc/nios2-elf/4.9.1/../../../../../H-x86_64-mingw32/nios2-elf/lib\libc.a(lib_a-makebuf.o)
 .data          0x0000000001218598        0x0 c:/altera/15.0/nios2eds/bin/gnu/h-x86_64-mingw32/bin/../lib/gcc/nios2-elf/4.9.1/../../../../../H-x86_64-mingw32/nios2-elf/lib\libc.a(lib_a-mbrtowc.o)
 .data          0x0000000001218598        0x0 c:/altera/15.0/nios2eds/bin/gnu/h-x86_64-mingw32/bin/../lib/gcc/nios2-elf/4.9.1/../../../../../H-x86_64-mingw32/nios2-elf/lib\libc.a(lib_a-mbtowc_r.o)
 .data          0x0000000001218598        0x0 c:/altera/15.0/nios2eds/bin/gnu/h-x86_64-mingw32/bin/../lib/gcc/nios2-elf/4.9.1/../../../../../H-x86_64-mingw32/nios2-elf/lib\libc.a(lib_a-memmove.o)
 .data          0x0000000001218598        0x0 c:/altera/15.0/nios2eds/bin/gnu/h-x86_64-mingw32/bin/../lib/gcc/nios2-elf/4.9.1/../../../../../H-x86_64-mingw32/nios2-elf/lib\libc.a(lib_a-readr.o)
 .data          0x0000000001218598        0x0 c:/altera/15.0/nios2eds/bin/gnu/h-x86_64-mingw32/bin/../lib/gcc/nios2-elf/4.9.1/../../../../../H-x86_64-mingw32/nios2-elf/lib\libc.a(lib_a-reallocr.o)
 .data          0x0000000001218598        0x0 c:/altera/15.0/nios2eds/bin/gnu/h-x86_64-mingw32/bin/../lib/gcc/nios2-elf/4.9.1/../../../../../H-x86_64-mingw32/nios2-elf/lib\libc.a(lib_a-s_fpclassify.o)
 .data          0x0000000001218598        0x0 c:/altera/15.0/nios2eds/bin/gnu/h-x86_64-mingw32/bin/../lib/gcc/nios2-elf/4.9.1/../../../../../H-x86_64-mingw32/nios2-elf/lib\libc.a(lib_a-sccl.o)
 .data          0x0000000001218598        0x0 c:/altera/15.0/nios2eds/bin/gnu/h-x86_64-mingw32/bin/../lib/gcc/nios2-elf/4.9.1/../../../../../H-x86_64-mingw32/nios2-elf/lib\libc.a(lib_a-sf_nan.o)
 .data          0x0000000001218598        0x0 c:/altera/15.0/nios2eds/bin/gnu/h-x86_64-mingw32/bin/../lib/gcc/nios2-elf/4.9.1/../../../../../H-x86_64-mingw32/nios2-elf/lib\libc.a(lib_a-sprintf.o)
 .data          0x0000000001218598        0x0 c:/altera/15.0/nios2eds/bin/gnu/h-x86_64-mingw32/bin/../lib/gcc/nios2-elf/4.9.1/../../../../../H-x86_64-mingw32/nios2-elf/lib\libc.a(lib_a-strcmp.o)
 .data          0x0000000001218598       0x28 c:/altera/15.0/nios2eds/bin/gnu/h-x86_64-mingw32/bin/../lib/gcc/nios2-elf/4.9.1/../../../../../H-x86_64-mingw32/nios2-elf/lib\libc.a(lib_a-strtod.o)
 .data          0x00000000012185c0        0x0 c:/altera/15.0/nios2eds/bin/gnu/h-x86_64-mingw32/bin/../lib/gcc/nios2-elf/4.9.1/../../../../../H-x86_64-mingw32/nios2-elf/lib\libc.a(lib_a-strtol.o)
 .data          0x00000000012185c0        0x0 c:/altera/15.0/nios2eds/bin/gnu/h-x86_64-mingw32/bin/../lib/gcc/nios2-elf/4.9.1/../../../../../H-x86_64-mingw32/nios2-elf/lib\libc.a(lib_a-strtoll_r.o)
 .data          0x00000000012185c0        0x0 c:/altera/15.0/nios2eds/bin/gnu/h-x86_64-mingw32/bin/../lib/gcc/nios2-elf/4.9.1/../../../../../H-x86_64-mingw32/nios2-elf/lib\libc.a(lib_a-strtoul.o)
 .data          0x00000000012185c0        0x0 c:/altera/15.0/nios2eds/bin/gnu/h-x86_64-mingw32/bin/../lib/gcc/nios2-elf/4.9.1/../../../../../H-x86_64-mingw32/nios2-elf/lib\libc.a(lib_a-strtoull_r.o)
 .data          0x00000000012185c0        0x0 c:/altera/15.0/nios2eds/bin/gnu/h-x86_64-mingw32/bin/../lib/gcc/nios2-elf/4.9.1/../../../../../H-x86_64-mingw32/nios2-elf/lib\libc.a(lib_a-svfiscanf.o)
 .data          0x00000000012185c0        0x0 c:/altera/15.0/nios2eds/bin/gnu/h-x86_64-mingw32/bin/../lib/gcc/nios2-elf/4.9.1/../../../../../H-x86_64-mingw32/nios2-elf/lib\libc.a(lib_a-svfprintf.o)
 .data          0x00000000012185c0        0x0 c:/altera/15.0/nios2eds/bin/gnu/h-x86_64-mingw32/bin/../lib/gcc/nios2-elf/4.9.1/../../../../../H-x86_64-mingw32/nios2-elf/lib\libc.a(lib_a-ungetc.o)
 .data          0x00000000012185c0        0x0 c:/altera/15.0/nios2eds/bin/gnu/h-x86_64-mingw32/bin/../lib/gcc/nios2-elf/4.9.1/../../../../../H-x86_64-mingw32/nios2-elf/lib\libc.a(lib_a-wsetup.o)
 .data          0x00000000012185c0        0x0 c:/altera/15.0/nios2eds/bin/gnu/h-x86_64-mingw32/bin/../lib/gcc/nios2-elf/4.9.1/../../../../../H-x86_64-mingw32/nios2-elf/lib\libc.a(lib_a-dtoa.o)
 .data          0x00000000012185c0        0x0 c:/altera/15.0/nios2eds/bin/gnu/h-x86_64-mingw32/bin/../lib/gcc/nios2-elf/4.9.1/../../../../../H-x86_64-mingw32/nios2-elf/lib\libc.a(lib_a-fstatr.o)
 .data          0x00000000012185c0        0x0 c:/altera/15.0/nios2eds/bin/gnu/h-x86_64-mingw32/bin/../lib/gcc/nios2-elf/4.9.1/../../../../../H-x86_64-mingw32/nios2-elf/lib\libc.a(lib_a-gdtoa-gethex.o)
 .data          0x00000000012185c0        0x0 c:/altera/15.0/nios2eds/bin/gnu/h-x86_64-mingw32/bin/../lib/gcc/nios2-elf/4.9.1/../../../../../H-x86_64-mingw32/nios2-elf/lib\libc.a(lib_a-gdtoa-hexnan.o)
 .data          0x00000000012185c0        0x0 c:/altera/15.0/nios2eds/bin/gnu/h-x86_64-mingw32/bin/../lib/gcc/nios2-elf/4.9.1/../../../../../H-x86_64-mingw32/nios2-elf/lib\libc.a(lib_a-isattyr.o)
 .data          0x00000000012185c0        0x0 c:/altera/15.0/nios2eds/bin/gnu/h-x86_64-mingw32/bin/../lib/gcc/nios2-elf/4.9.1/../../../../../H-x86_64-mingw32/nios2-elf/lib\libc.a(lib_a-mprec.o)
 .data          0x00000000012185c0        0x0 c:/altera/15.0/nios2eds/bin/gnu/h-x86_64-mingw32/bin/../lib/gcc/nios2-elf/4.9.1/../../../../../H-x86_64-mingw32/nios2-elf/lib\libc.a(lib_a-strncmp.o)
 .data          0x00000000012185c0        0x0 c:/altera/15.0/nios2eds/bin/gnu/h-x86_64-mingw32/bin/../lib/gcc/nios2-elf/4.9.1/../../../../../H-x86_64-mingw32/nios2-elf/lib\libc.a(lib_a-svfiprintf.o)
 .data          0x00000000012185c0        0x0 c:/altera/15.0/nios2eds/bin/gnu/h-x86_64-mingw32/bin/../lib/gcc/nios2-elf/4.9.1/../../../../../H-x86_64-mingw32/nios2-elf/lib\libc.a(lib_a-callocr.o)
 .data          0x00000000012185c0        0x0 c:/altera/15.0/nios2eds/bin/gnu/h-x86_64-mingw32/bin/../lib/gcc/nios2-elf/4.9.1\libgcc.a(_muldi3.o)
 .data          0x00000000012185c0        0x0 c:/altera/15.0/nios2eds/bin/gnu/h-x86_64-mingw32/bin/../lib/gcc/nios2-elf/4.9.1\libgcc.a(_fixunsdfsi.o)
 .data          0x00000000012185c0        0x0 c:/altera/15.0/nios2eds/bin/gnu/h-x86_64-mingw32/bin/../lib/gcc/nios2-elf/4.9.1\libgcc.a(_udivdi3.o)
 .data          0x00000000012185c0        0x0 c:/altera/15.0/nios2eds/bin/gnu/h-x86_64-mingw32/bin/../lib/gcc/nios2-elf/4.9.1\libgcc.a(_umoddi3.o)
 .data          0x00000000012185c0        0x0 c:/altera/15.0/nios2eds/bin/gnu/h-x86_64-mingw32/bin/../lib/gcc/nios2-elf/4.9.1\libgcc.a(lib2-divmod.o)
 .data          0x00000000012185c0        0x0 c:/altera/15.0/nios2eds/bin/gnu/h-x86_64-mingw32/bin/../lib/gcc/nios2-elf/4.9.1\libgcc.a(eqsf2.o)
 .data          0x00000000012185c0        0x0 c:/altera/15.0/nios2eds/bin/gnu/h-x86_64-mingw32/bin/../lib/gcc/nios2-elf/4.9.1\libgcc.a(gesf2.o)
 .data          0x00000000012185c0        0x0 c:/altera/15.0/nios2eds/bin/gnu/h-x86_64-mingw32/bin/../lib/gcc/nios2-elf/4.9.1\libgcc.a(lesf2.o)
 .data          0x00000000012185c0        0x0 c:/altera/15.0/nios2eds/bin/gnu/h-x86_64-mingw32/bin/../lib/gcc/nios2-elf/4.9.1\libgcc.a(adddf3.o)
 .data          0x00000000012185c0        0x0 c:/altera/15.0/nios2eds/bin/gnu/h-x86_64-mingw32/bin/../lib/gcc/nios2-elf/4.9.1\libgcc.a(divdf3.o)
 .data          0x00000000012185c0        0x0 c:/altera/15.0/nios2eds/bin/gnu/h-x86_64-mingw32/bin/../lib/gcc/nios2-elf/4.9.1\libgcc.a(eqdf2.o)
 .data          0x00000000012185c0        0x0 c:/altera/15.0/nios2eds/bin/gnu/h-x86_64-mingw32/bin/../lib/gcc/nios2-elf/4.9.1\libgcc.a(gedf2.o)
 .data          0x00000000012185c0        0x0 c:/altera/15.0/nios2eds/bin/gnu/h-x86_64-mingw32/bin/../lib/gcc/nios2-elf/4.9.1\libgcc.a(ledf2.o)
 .data          0x00000000012185c0        0x0 c:/altera/15.0/nios2eds/bin/gnu/h-x86_64-mingw32/bin/../lib/gcc/nios2-elf/4.9.1\libgcc.a(muldf3.o)
 .data          0x00000000012185c0        0x0 c:/altera/15.0/nios2eds/bin/gnu/h-x86_64-mingw32/bin/../lib/gcc/nios2-elf/4.9.1\libgcc.a(subdf3.o)
 .data          0x00000000012185c0        0x0 c:/altera/15.0/nios2eds/bin/gnu/h-x86_64-mingw32/bin/../lib/gcc/nios2-elf/4.9.1\libgcc.a(fixdfsi.o)
 .data          0x00000000012185c0        0x0 c:/altera/15.0/nios2eds/bin/gnu/h-x86_64-mingw32/bin/../lib/gcc/nios2-elf/4.9.1\libgcc.a(floatsidf.o)
 .data          0x00000000012185c0        0x0 c:/altera/15.0/nios2eds/bin/gnu/h-x86_64-mingw32/bin/../lib/gcc/nios2-elf/4.9.1\libgcc.a(floatunsidf.o)
 .data          0x00000000012185c0        0x0 c:/altera/15.0/nios2eds/bin/gnu/h-x86_64-mingw32/bin/../lib/gcc/nios2-elf/4.9.1\libgcc.a(truncdfsf2.o)
 .data          0x00000000012185c0        0x0 c:/altera/15.0/nios2eds/bin/gnu/h-x86_64-mingw32/bin/../lib/gcc/nios2-elf/4.9.1\libgcc.a(_clz.o)
 .data          0x00000000012185c0        0x0 c:/altera/15.0/nios2eds/bin/gnu/h-x86_64-mingw32/bin/../lib/gcc/nios2-elf/4.9.1\libgcc.a(_clzsi2.o)
 .data          0x00000000012185c0        0x0 ../niosII_pwm_project_bsp/\libhal_bsp.a(alt_close.o)
 .data          0x00000000012185c0      0x1a8 ../niosII_pwm_project_bsp/\libhal_bsp.a(alt_dev.o)
                0x00000000012185c0                alt_dev_null
                0x00000000012185e8                alt_fd_list
 .data          0x0000000001218768        0x0 ../niosII_pwm_project_bsp/\libhal_bsp.a(alt_errno.o)
 .data          0x0000000001218768        0x0 ../niosII_pwm_project_bsp/\libhal_bsp.a(alt_fstat.o)
 .data          0x0000000001218768        0x0 ../niosII_pwm_project_bsp/\libhal_bsp.a(alt_isatty.o)
 .data          0x0000000001218768        0x0 ../niosII_pwm_project_bsp/\libhal_bsp.a(alt_lseek.o)
 .data          0x0000000001218768        0x0 ../niosII_pwm_project_bsp/\libhal_bsp.a(alt_main.o)
 .data          0x0000000001218768        0x0 ../niosII_pwm_project_bsp/\libhal_bsp.a(alt_malloc_lock.o)
 .data          0x0000000001218768        0x0 ../niosII_pwm_project_bsp/\libhal_bsp.a(alt_read.o)
 .data          0x0000000001218768        0x0 ../niosII_pwm_project_bsp/\libhal_bsp.a(alt_release_fd.o)
 .data          0x0000000001218768        0x0 ../niosII_pwm_project_bsp/\libhal_bsp.a(alt_sbrk.o)
 .data          0x0000000001218768        0x0 ../niosII_pwm_project_bsp/\libhal_bsp.a(alt_write.o)
 .data          0x0000000001218768     0x113c ../niosII_pwm_project_bsp/\libhal_bsp.a(alt_sys_init.o)
 .data          0x00000000012198a4        0x0 ../niosII_pwm_project_bsp/\libhal_bsp.a(altera_avalon_cfi_flash.o)
 .data          0x00000000012198a4        0x0 ../niosII_pwm_project_bsp/\libhal_bsp.a(altera_avalon_cfi_flash_table.o)
 .data          0x00000000012198a4        0x0 ../niosII_pwm_project_bsp/\libhal_bsp.a(altera_avalon_jtag_uart_fd.o)
 .data          0x00000000012198a4        0x0 ../niosII_pwm_project_bsp/\libhal_bsp.a(altera_avalon_jtag_uart_init.o)
 .data          0x00000000012198a4        0x0 ../niosII_pwm_project_bsp/\libhal_bsp.a(altera_avalon_jtag_uart_ioctl.o)
 .data          0x00000000012198a4        0x0 ../niosII_pwm_project_bsp/\libhal_bsp.a(altera_avalon_jtag_uart_read.o)
 .data          0x00000000012198a4        0x0 ../niosII_pwm_project_bsp/\libhal_bsp.a(altera_avalon_jtag_uart_write.o)
 .data          0x00000000012198a4        0x0 ../niosII_pwm_project_bsp/\libhal_bsp.a(altera_avalon_timer_sc.o)
 .data          0x00000000012198a4        0x0 ../niosII_pwm_project_bsp/\libhal_bsp.a(alt_alarm_start.o)
 .data          0x00000000012198a4        0x0 ../niosII_pwm_project_bsp/\libhal_bsp.a(alt_dcache_flush.o)
 .data          0x00000000012198a4        0x0 ../niosII_pwm_project_bsp/\libhal_bsp.a(alt_dev_llist_insert.o)
 .data          0x00000000012198a4        0x0 ../niosII_pwm_project_bsp/\libhal_bsp.a(alt_do_ctors.o)
 .data          0x00000000012198a4        0x0 ../niosII_pwm_project_bsp/\libhal_bsp.a(alt_do_dtors.o)
 .data          0x00000000012198a4        0x0 ../niosII_pwm_project_bsp/\libhal_bsp.a(alt_flash_dev.o)
 .data          0x00000000012198a4        0x0 ../niosII_pwm_project_bsp/\libhal_bsp.a(alt_iic.o)
 .data          0x00000000012198a4        0x0 ../niosII_pwm_project_bsp/\libhal_bsp.a(alt_iic_isr_register.o)
 .data          0x00000000012198a4        0x0 ../niosII_pwm_project_bsp/\libhal_bsp.a(alt_io_redirect.o)
 .data          0x00000000012198a4        0x0 ../niosII_pwm_project_bsp/\libhal_bsp.a(alt_irq_entry.o)
 .data          0x00000000012198a4        0x0 ../niosII_pwm_project_bsp/\libhal_bsp.a(alt_irq_handler.o)
 .data          0x00000000012198a4        0x0 ../niosII_pwm_project_bsp/\libhal_bsp.a(alt_irq_vars.o)
 .data          0x00000000012198a4        0x0 ../niosII_pwm_project_bsp/\libhal_bsp.a(alt_open.o)
 .data          0x00000000012198a4        0x0 ../niosII_pwm_project_bsp/\libhal_bsp.a(alt_tick.o)
 .data          0x00000000012198a4        0x0 ../niosII_pwm_project_bsp/\libhal_bsp.a(altera_nios2_gen2_irq.o)
 .data          0x00000000012198a4        0x0 ../niosII_pwm_project_bsp/\libhal_bsp.a(altera_avalon_cfi_flash_amd.o)
 .data          0x00000000012198a4        0x0 ../niosII_pwm_project_bsp/\libhal_bsp.a(altera_avalon_cfi_flash_intel.o)
 .data          0x00000000012198a4        0x0 ../niosII_pwm_project_bsp/\libhal_bsp.a(alt_exception_entry.o)
 .data          0x00000000012198a4        0x0 ../niosII_pwm_project_bsp/\libhal_bsp.a(alt_find_dev.o)
 .data          0x00000000012198a4        0x0 ../niosII_pwm_project_bsp/\libhal_bsp.a(alt_find_file.o)
 .data          0x00000000012198a4        0x0 ../niosII_pwm_project_bsp/\libhal_bsp.a(alt_get_fd.o)
 .data          0x00000000012198a4        0x0 ../niosII_pwm_project_bsp/\libhal_bsp.a(alt_instruction_exception_entry.o)
 .data          0x00000000012198a4        0x0 ../niosII_pwm_project_bsp/\libhal_bsp.a(alt_usleep.o)
 .data          0x00000000012198a4        0x0 ../niosII_pwm_project_bsp/\libhal_bsp.a(alt_busy_sleep.o)
 .data          0x00000000012198a4        0x0 c:/altera/15.0/nios2eds/bin/gnu/h-x86_64-mingw32/bin/../lib/gcc/nios2-elf/4.9.1/../../../../../H-x86_64-mingw32/nios2-elf/lib\libc.a(lib_a-atexit.o)
 .data          0x00000000012198a4        0x0 c:/altera/15.0/nios2eds/bin/gnu/h-x86_64-mingw32/bin/../lib/gcc/nios2-elf/4.9.1/../../../../../H-x86_64-mingw32/nios2-elf/lib\libc.a(lib_a-exit.o)
 .data          0x00000000012198a4        0x0 c:/altera/15.0/nios2eds/bin/gnu/h-x86_64-mingw32/bin/../lib/gcc/nios2-elf/4.9.1/../../../../../H-x86_64-mingw32/nios2-elf/lib\libc.a(lib_a-memcmp.o)
 .data          0x00000000012198a4        0x0 c:/altera/15.0/nios2eds/bin/gnu/h-x86_64-mingw32/bin/../lib/gcc/nios2-elf/4.9.1/../../../../../H-x86_64-mingw32/nios2-elf/lib\libc.a(lib_a-__atexit.o)
 .data          0x00000000012198a4        0x0 c:/altera/15.0/nios2eds/bin/gnu/h-x86_64-mingw32/bin/../lib/gcc/nios2-elf/4.9.1/../../../../../H-x86_64-mingw32/nios2-elf/lib\libc.a(lib_a-__call_atexit.o)
 .data          0x00000000012198a4        0x0 ../niosII_pwm_project_bsp/\libhal_bsp.a(alt_exit.o)
                0x00000000012218a4                _gp = ABSOLUTE ((. + 0x8000))
                0x00000000012218a4                PROVIDE (gp, _gp)
 *(.rwdata .rwdata.*)
 *(.sdata .sdata.* .gnu.linkonce.s.*)
 .sdata         0x00000000012198a4        0x8 c:/altera/15.0/nios2eds/bin/gnu/h-x86_64-mingw32/bin/../lib/gcc/nios2-elf/4.9.1/../../../../../H-x86_64-mingw32/nios2-elf/lib\libc.a(lib_a-impure.o)
                0x00000000012198a4                _global_impure_ptr
                0x00000000012198a8                _impure_ptr
 .sdata         0x00000000012198ac        0x8 c:/altera/15.0/nios2eds/bin/gnu/h-x86_64-mingw32/bin/../lib/gcc/nios2-elf/4.9.1/../../../../../H-x86_64-mingw32/nios2-elf/lib\libc.a(lib_a-mallocr.o)
                0x00000000012198ac                __malloc_sbrk_base
                0x00000000012198b0                __malloc_trim_threshold
 .sdata         0x00000000012198b4        0x4 c:/altera/15.0/nios2eds/bin/gnu/h-x86_64-mingw32/bin/../lib/gcc/nios2-elf/4.9.1/../../../../../H-x86_64-mingw32/nios2-elf/lib\libc.a(lib_a-ctype_.o)
                0x00000000012198b4                __ctype_ptr__
 .sdata         0x00000000012198b8        0x4 c:/altera/15.0/nios2eds/bin/gnu/h-x86_64-mingw32/bin/../lib/gcc/nios2-elf/4.9.1/../../../../../H-x86_64-mingw32/nios2-elf/lib\libc.a(lib_a-locale.o)
                0x00000000012198b8                __mb_cur_max
 .sdata         0x00000000012198bc        0x4 c:/altera/15.0/nios2eds/bin/gnu/h-x86_64-mingw32/bin/../lib/gcc/nios2-elf/4.9.1/../../../../../H-x86_64-mingw32/nios2-elf/lib\libc.a(lib_a-mbtowc_r.o)
                0x00000000012198bc                __mbtowc
 .sdata         0x00000000012198c0       0x14 ../niosII_pwm_project_bsp/\libhal_bsp.a(alt_dev.o)
                0x00000000012198c0                alt_fs_list
                0x00000000012198c8                alt_dev_list
                0x00000000012198d0                alt_max_fd
 .sdata         0x00000000012198d4        0x4 ../niosII_pwm_project_bsp/\libhal_bsp.a(alt_errno.o)
                0x00000000012198d4                alt_errno
 .sdata         0x00000000012198d8        0x4 ../niosII_pwm_project_bsp/\libhal_bsp.a(alt_sbrk.o)
 .sdata         0x00000000012198dc        0x8 ../niosII_pwm_project_bsp/\libhal_bsp.a(alt_flash_dev.o)
                0x00000000012198dc                alt_flash_dev_list
 .sdata         0x00000000012198e4        0x4 ../niosII_pwm_project_bsp/\libhal_bsp.a(alt_irq_vars.o)
                0x00000000012198e4                alt_priority_mask
 .sdata         0x00000000012198e8        0x8 ../niosII_pwm_project_bsp/\libhal_bsp.a(alt_tick.o)
                0x00000000012198e8                alt_alarm_list
 *(.sdata2 .sdata2.* .gnu.linkonce.s2.*)
                0x00000000012198f0                . = ALIGN (0x4)
                0x00000000012198f0                _edata = ABSOLUTE (.)
                0x00000000012198f0                PROVIDE (edata, ABSOLUTE (.))
                0x00000000012198f0                PROVIDE (__ram_rwdata_end, ABSOLUTE (.))
                0x0000000001217cf4                PROVIDE (__flash_rwdata_start, LOADADDR (.rwdata))

.bss            0x00000000012198f0      0x260
                0x00000000012198f0                __bss_start = ABSOLUTE (.)
                0x00000000012198f0                PROVIDE (__sbss_start, ABSOLUTE (.))
                0x00000000012198f0                PROVIDE (___sbss_start, ABSOLUTE (.))
 *(.dynsbss)
 *(.sbss .sbss.* .gnu.linkonce.sb.*)
 .sbss          0x00000000012198f0        0xc c:/altera/15.0/nios2eds/bin/gnu/h-x86_64-mingw32/bin/../lib/gcc/nios2-elf/4.9.1/../../../../../H-x86_64-mingw32/nios2-elf/lib\libc.a(lib_a-mallocr.o)
                0x00000000012198f0                __malloc_max_total_mem
                0x00000000012198f4                __malloc_max_sbrked_mem
                0x00000000012198f8                __malloc_top_pad
 .sbss          0x00000000012198fc        0x4 c:/altera/15.0/nios2eds/bin/gnu/h-x86_64-mingw32/bin/../lib/gcc/nios2-elf/4.9.1/../../../../../H-x86_64-mingw32/nios2-elf/lib\libc.a(lib_a-int_errno.o)
                0x00000000012198fc                errno
 .sbss          0x0000000001219900        0xc c:/altera/15.0/nios2eds/bin/gnu/h-x86_64-mingw32/bin/../lib/gcc/nios2-elf/4.9.1/../../../../../H-x86_64-mingw32/nios2-elf/lib\libc.a(lib_a-locale.o)
                0x0000000001219900                _PathLocale
                0x0000000001219904                __mlocale_changed
                0x0000000001219908                __nlocale_changed
 .sbss          0x000000000121990c        0xc ../niosII_pwm_project_bsp/\libhal_bsp.a(alt_main.o)
                0x000000000121990c                alt_argc
                0x0000000001219910                alt_argv
                0x0000000001219914                alt_envp
 .sbss          0x0000000001219918        0x4 ../niosII_pwm_project_bsp/\libhal_bsp.a(alt_irq_vars.o)
                0x0000000001219918                alt_irq_active
 .sbss          0x000000000121991c        0x8 ../niosII_pwm_project_bsp/\libhal_bsp.a(alt_tick.o)
                0x000000000121991c                _alt_tick_rate
                0x0000000001219920                _alt_nticks
 .sbss          0x0000000001219924        0x4 ../niosII_pwm_project_bsp/\libhal_bsp.a(alt_instruction_exception_entry.o)
                0x0000000001219924                alt_instruction_exception_handler
 *(.sbss2 .sbss2.* .gnu.linkonce.sb2.*)
 *(.scommon)
                0x0000000001219928                PROVIDE (__sbss_end, ABSOLUTE (.))
                0x0000000001219928                PROVIDE (___sbss_end, ABSOLUTE (.))
 *(.dynbss)
 *(.bss .bss.* .gnu.linkonce.b.*)
 .bss           0x0000000001219928        0x0 ../niosII_pwm_project_bsp//obj/HAL/src/crt0.o
 .bss           0x0000000001219928        0x0 obj/default/pwm.o
 .bss           0x0000000001219928        0x0 c:/altera/15.0/nios2eds/bin/gnu/h-x86_64-mingw32/bin/../lib/gcc/nios2-elf/4.9.1/../../../../../H-x86_64-mingw32/nios2-elf/lib\libc.a(lib_a-fgets.o)
 .bss           0x0000000001219928        0x0 c:/altera/15.0/nios2eds/bin/gnu/h-x86_64-mingw32/bin/../lib/gcc/nios2-elf/4.9.1/../../../../../H-x86_64-mingw32/nios2-elf/lib\libc.a(lib_a-findfp.o)
 .bss           0x0000000001219928        0x0 c:/altera/15.0/nios2eds/bin/gnu/h-x86_64-mingw32/bin/../lib/gcc/nios2-elf/4.9.1/../../../../../H-x86_64-mingw32/nios2-elf/lib\libc.a(lib_a-fwalk.o)
 .bss           0x0000000001219928        0x0 c:/altera/15.0/nios2eds/bin/gnu/h-x86_64-mingw32/bin/../lib/gcc/nios2-elf/4.9.1/../../../../../H-x86_64-mingw32/nios2-elf/lib\libc.a(lib_a-impure.o)
 .bss           0x0000000001219928       0x28 c:/altera/15.0/nios2eds/bin/gnu/h-x86_64-mingw32/bin/../lib/gcc/nios2-elf/4.9.1/../../../../../H-x86_64-mingw32/nios2-elf/lib\libc.a(lib_a-mallocr.o)
                0x0000000001219928                __malloc_current_mallinfo
 .bss           0x0000000001219950        0x0 c:/altera/15.0/nios2eds/bin/gnu/h-x86_64-mingw32/bin/../lib/gcc/nios2-elf/4.9.1/../../../../../H-x86_64-mingw32/nios2-elf/lib\libc.a(lib_a-memchr.o)
 .bss           0x0000000001219950        0x0 c:/altera/15.0/nios2eds/bin/gnu/h-x86_64-mingw32/bin/../lib/gcc/nios2-elf/4.9.1/../../../../../H-x86_64-mingw32/nios2-elf/lib\libc.a(lib_a-memcpy.o)
 .bss           0x0000000001219950        0x0 c:/altera/15.0/nios2eds/bin/gnu/h-x86_64-mingw32/bin/../lib/gcc/nios2-elf/4.9.1/../../../../../H-x86_64-mingw32/nios2-elf/lib\libc.a(lib_a-memset.o)
 .bss           0x0000000001219950        0x0 c:/altera/15.0/nios2eds/bin/gnu/h-x86_64-mingw32/bin/../lib/gcc/nios2-elf/4.9.1/../../../../../H-x86_64-mingw32/nios2-elf/lib\libc.a(lib_a-puts.o)
 .bss           0x0000000001219950        0x0 c:/altera/15.0/nios2eds/bin/gnu/h-x86_64-mingw32/bin/../lib/gcc/nios2-elf/4.9.1/../../../../../H-x86_64-mingw32/nios2-elf/lib\libc.a(lib_a-refill.o)
 .bss           0x0000000001219950        0x0 c:/altera/15.0/nios2eds/bin/gnu/h-x86_64-mingw32/bin/../lib/gcc/nios2-elf/4.9.1/../../../../../H-x86_64-mingw32/nios2-elf/lib\libc.a(lib_a-sbrkr.o)
 .bss           0x0000000001219950        0x0 c:/altera/15.0/nios2eds/bin/gnu/h-x86_64-mingw32/bin/../lib/gcc/nios2-elf/4.9.1/../../../../../H-x86_64-mingw32/nios2-elf/lib\libc.a(lib_a-sscanf.o)
 .bss           0x0000000001219950        0x0 c:/altera/15.0/nios2eds/bin/gnu/h-x86_64-mingw32/bin/../lib/gcc/nios2-elf/4.9.1/../../../../../H-x86_64-mingw32/nios2-elf/lib\libc.a(lib_a-stdio.o)
 .bss           0x0000000001219950        0x0 c:/altera/15.0/nios2eds/bin/gnu/h-x86_64-mingw32/bin/../lib/gcc/nios2-elf/4.9.1/../../../../../H-x86_64-mingw32/nios2-elf/lib\libc.a(lib_a-strlen.o)
 .bss           0x0000000001219950        0x0 c:/altera/15.0/nios2eds/bin/gnu/h-x86_64-mingw32/bin/../lib/gcc/nios2-elf/4.9.1/../../../../../H-x86_64-mingw32/nios2-elf/lib\libc.a(lib_a-svfscanf.o)
 .bss           0x0000000001219950        0x0 c:/altera/15.0/nios2eds/bin/gnu/h-x86_64-mingw32/bin/../lib/gcc/nios2-elf/4.9.1/../../../../../H-x86_64-mingw32/nios2-elf/lib\libc.a(lib_a-writer.o)
 .bss           0x0000000001219950        0x0 c:/altera/15.0/nios2eds/bin/gnu/h-x86_64-mingw32/bin/../lib/gcc/nios2-elf/4.9.1/../../../../../H-x86_64-mingw32/nios2-elf/lib\libc.a(closer.o)
 .bss           0x0000000001219950        0x0 c:/altera/15.0/nios2eds/bin/gnu/h-x86_64-mingw32/bin/../lib/gcc/nios2-elf/4.9.1/../../../../../H-x86_64-mingw32/nios2-elf/lib\libc.a(lib_a-ctype_.o)
 .bss           0x0000000001219950        0x0 c:/altera/15.0/nios2eds/bin/gnu/h-x86_64-mingw32/bin/../lib/gcc/nios2-elf/4.9.1/../../../../../H-x86_64-mingw32/nios2-elf/lib\libc.a(lib_a-fclose.o)
 .bss           0x0000000001219950        0x0 c:/altera/15.0/nios2eds/bin/gnu/h-x86_64-mingw32/bin/../lib/gcc/nios2-elf/4.9.1/../../../../../H-x86_64-mingw32/nios2-elf/lib\libc.a(lib_a-fflush.o)
 .bss           0x0000000001219950        0x0 c:/altera/15.0/nios2eds/bin/gnu/h-x86_64-mingw32/bin/../lib/gcc/nios2-elf/4.9.1/../../../../../H-x86_64-mingw32/nios2-elf/lib\libc.a(lib_a-freer.o)
 .bss           0x0000000001219950        0x0 c:/altera/15.0/nios2eds/bin/gnu/h-x86_64-mingw32/bin/../lib/gcc/nios2-elf/4.9.1/../../../../../H-x86_64-mingw32/nios2-elf/lib\libc.a(lib_a-fvwrite.o)
 .bss           0x0000000001219950        0x0 c:/altera/15.0/nios2eds/bin/gnu/h-x86_64-mingw32/bin/../lib/gcc/nios2-elf/4.9.1/../../../../../H-x86_64-mingw32/nios2-elf/lib\libc.a(lib_a-int_errno.o)
 .bss           0x0000000001219950        0x0 c:/altera/15.0/nios2eds/bin/gnu/h-x86_64-mingw32/bin/../lib/gcc/nios2-elf/4.9.1/../../../../../H-x86_64-mingw32/nios2-elf/lib\libc.a(lib_a-iswspace.o)
 .bss           0x0000000001219950        0x0 c:/altera/15.0/nios2eds/bin/gnu/h-x86_64-mingw32/bin/../lib/gcc/nios2-elf/4.9.1/../../../../../H-x86_64-mingw32/nios2-elf/lib\libc.a(lib_a-locale.o)
 .bss           0x0000000001219950        0x0 c:/altera/15.0/nios2eds/bin/gnu/h-x86_64-mingw32/bin/../lib/gcc/nios2-elf/4.9.1/../../../../../H-x86_64-mingw32/nios2-elf/lib\libc.a(lib_a-lseekr.o)
 .bss           0x0000000001219950        0x0 c:/altera/15.0/nios2eds/bin/gnu/h-x86_64-mingw32/bin/../lib/gcc/nios2-elf/4.9.1/../../../../../H-x86_64-mingw32/nios2-elf/lib\libc.a(lib_a-makebuf.o)
 .bss           0x0000000001219950        0x0 c:/altera/15.0/nios2eds/bin/gnu/h-x86_64-mingw32/bin/../lib/gcc/nios2-elf/4.9.1/../../../../../H-x86_64-mingw32/nios2-elf/lib\libc.a(lib_a-mbrtowc.o)
 .bss           0x0000000001219950        0x0 c:/altera/15.0/nios2eds/bin/gnu/h-x86_64-mingw32/bin/../lib/gcc/nios2-elf/4.9.1/../../../../../H-x86_64-mingw32/nios2-elf/lib\libc.a(lib_a-mbtowc_r.o)
 .bss           0x0000000001219950        0x0 c:/altera/15.0/nios2eds/bin/gnu/h-x86_64-mingw32/bin/../lib/gcc/nios2-elf/4.9.1/../../../../../H-x86_64-mingw32/nios2-elf/lib\libc.a(lib_a-memmove.o)
 .bss           0x0000000001219950        0x0 c:/altera/15.0/nios2eds/bin/gnu/h-x86_64-mingw32/bin/../lib/gcc/nios2-elf/4.9.1/../../../../../H-x86_64-mingw32/nios2-elf/lib\libc.a(lib_a-readr.o)
 .bss           0x0000000001219950        0x0 c:/altera/15.0/nios2eds/bin/gnu/h-x86_64-mingw32/bin/../lib/gcc/nios2-elf/4.9.1/../../../../../H-x86_64-mingw32/nios2-elf/lib\libc.a(lib_a-reallocr.o)
 .bss           0x0000000001219950        0x0 c:/altera/15.0/nios2eds/bin/gnu/h-x86_64-mingw32/bin/../lib/gcc/nios2-elf/4.9.1/../../../../../H-x86_64-mingw32/nios2-elf/lib\libc.a(lib_a-s_fpclassify.o)
 .bss           0x0000000001219950        0x0 c:/altera/15.0/nios2eds/bin/gnu/h-x86_64-mingw32/bin/../lib/gcc/nios2-elf/4.9.1/../../../../../H-x86_64-mingw32/nios2-elf/lib\libc.a(lib_a-sccl.o)
 .bss           0x0000000001219950        0x0 c:/altera/15.0/nios2eds/bin/gnu/h-x86_64-mingw32/bin/../lib/gcc/nios2-elf/4.9.1/../../../../../H-x86_64-mingw32/nios2-elf/lib\libc.a(lib_a-sf_nan.o)
 .bss           0x0000000001219950        0x0 c:/altera/15.0/nios2eds/bin/gnu/h-x86_64-mingw32/bin/../lib/gcc/nios2-elf/4.9.1/../../../../../H-x86_64-mingw32/nios2-elf/lib\libc.a(lib_a-sprintf.o)
 .bss           0x0000000001219950        0x0 c:/altera/15.0/nios2eds/bin/gnu/h-x86_64-mingw32/bin/../lib/gcc/nios2-elf/4.9.1/../../../../../H-x86_64-mingw32/nios2-elf/lib\libc.a(lib_a-strcmp.o)
 .bss           0x0000000001219950        0x0 c:/altera/15.0/nios2eds/bin/gnu/h-x86_64-mingw32/bin/../lib/gcc/nios2-elf/4.9.1/../../../../../H-x86_64-mingw32/nios2-elf/lib\libc.a(lib_a-strtod.o)
 .bss           0x0000000001219950        0x0 c:/altera/15.0/nios2eds/bin/gnu/h-x86_64-mingw32/bin/../lib/gcc/nios2-elf/4.9.1/../../../../../H-x86_64-mingw32/nios2-elf/lib\libc.a(lib_a-strtol.o)
 .bss           0x0000000001219950        0x0 c:/altera/15.0/nios2eds/bin/gnu/h-x86_64-mingw32/bin/../lib/gcc/nios2-elf/4.9.1/../../../../../H-x86_64-mingw32/nios2-elf/lib\libc.a(lib_a-strtoll_r.o)
 .bss           0x0000000001219950        0x0 c:/altera/15.0/nios2eds/bin/gnu/h-x86_64-mingw32/bin/../lib/gcc/nios2-elf/4.9.1/../../../../../H-x86_64-mingw32/nios2-elf/lib\libc.a(lib_a-strtoul.o)
 .bss           0x0000000001219950        0x0 c:/altera/15.0/nios2eds/bin/gnu/h-x86_64-mingw32/bin/../lib/gcc/nios2-elf/4.9.1/../../../../../H-x86_64-mingw32/nios2-elf/lib\libc.a(lib_a-strtoull_r.o)
 .bss           0x0000000001219950        0x0 c:/altera/15.0/nios2eds/bin/gnu/h-x86_64-mingw32/bin/../lib/gcc/nios2-elf/4.9.1/../../../../../H-x86_64-mingw32/nios2-elf/lib\libc.a(lib_a-svfiscanf.o)
 .bss           0x0000000001219950        0x0 c:/altera/15.0/nios2eds/bin/gnu/h-x86_64-mingw32/bin/../lib/gcc/nios2-elf/4.9.1/../../../../../H-x86_64-mingw32/nios2-elf/lib\libc.a(lib_a-svfprintf.o)
 .bss           0x0000000001219950        0x0 c:/altera/15.0/nios2eds/bin/gnu/h-x86_64-mingw32/bin/../lib/gcc/nios2-elf/4.9.1/../../../../../H-x86_64-mingw32/nios2-elf/lib\libc.a(lib_a-ungetc.o)
 .bss           0x0000000001219950        0x0 c:/altera/15.0/nios2eds/bin/gnu/h-x86_64-mingw32/bin/../lib/gcc/nios2-elf/4.9.1/../../../../../H-x86_64-mingw32/nios2-elf/lib\libc.a(lib_a-wsetup.o)
 .bss           0x0000000001219950        0x0 c:/altera/15.0/nios2eds/bin/gnu/h-x86_64-mingw32/bin/../lib/gcc/nios2-elf/4.9.1/../../../../../H-x86_64-mingw32/nios2-elf/lib\libc.a(lib_a-dtoa.o)
 .bss           0x0000000001219950        0x0 c:/altera/15.0/nios2eds/bin/gnu/h-x86_64-mingw32/bin/../lib/gcc/nios2-elf/4.9.1/../../../../../H-x86_64-mingw32/nios2-elf/lib\libc.a(lib_a-fstatr.o)
 .bss           0x0000000001219950        0x0 c:/altera/15.0/nios2eds/bin/gnu/h-x86_64-mingw32/bin/../lib/gcc/nios2-elf/4.9.1/../../../../../H-x86_64-mingw32/nios2-elf/lib\libc.a(lib_a-gdtoa-gethex.o)
 .bss           0x0000000001219950        0x0 c:/altera/15.0/nios2eds/bin/gnu/h-x86_64-mingw32/bin/../lib/gcc/nios2-elf/4.9.1/../../../../../H-x86_64-mingw32/nios2-elf/lib\libc.a(lib_a-gdtoa-hexnan.o)
 .bss           0x0000000001219950        0x0 c:/altera/15.0/nios2eds/bin/gnu/h-x86_64-mingw32/bin/../lib/gcc/nios2-elf/4.9.1/../../../../../H-x86_64-mingw32/nios2-elf/lib\libc.a(lib_a-isattyr.o)
 .bss           0x0000000001219950        0x0 c:/altera/15.0/nios2eds/bin/gnu/h-x86_64-mingw32/bin/../lib/gcc/nios2-elf/4.9.1/../../../../../H-x86_64-mingw32/nios2-elf/lib\libc.a(lib_a-mprec.o)
 .bss           0x0000000001219950        0x0 c:/altera/15.0/nios2eds/bin/gnu/h-x86_64-mingw32/bin/../lib/gcc/nios2-elf/4.9.1/../../../../../H-x86_64-mingw32/nios2-elf/lib\libc.a(lib_a-strncmp.o)
 .bss           0x0000000001219950        0x0 c:/altera/15.0/nios2eds/bin/gnu/h-x86_64-mingw32/bin/../lib/gcc/nios2-elf/4.9.1/../../../../../H-x86_64-mingw32/nios2-elf/lib\libc.a(lib_a-svfiprintf.o)
 .bss           0x0000000001219950        0x0 c:/altera/15.0/nios2eds/bin/gnu/h-x86_64-mingw32/bin/../lib/gcc/nios2-elf/4.9.1/../../../../../H-x86_64-mingw32/nios2-elf/lib\libc.a(lib_a-callocr.o)
 .bss           0x0000000001219950        0x0 c:/altera/15.0/nios2eds/bin/gnu/h-x86_64-mingw32/bin/../lib/gcc/nios2-elf/4.9.1\libgcc.a(_muldi3.o)
 .bss           0x0000000001219950        0x0 c:/altera/15.0/nios2eds/bin/gnu/h-x86_64-mingw32/bin/../lib/gcc/nios2-elf/4.9.1\libgcc.a(_fixunsdfsi.o)
 .bss           0x0000000001219950        0x0 c:/altera/15.0/nios2eds/bin/gnu/h-x86_64-mingw32/bin/../lib/gcc/nios2-elf/4.9.1\libgcc.a(_udivdi3.o)
 .bss           0x0000000001219950        0x0 c:/altera/15.0/nios2eds/bin/gnu/h-x86_64-mingw32/bin/../lib/gcc/nios2-elf/4.9.1\libgcc.a(_umoddi3.o)
 .bss           0x0000000001219950        0x0 c:/altera/15.0/nios2eds/bin/gnu/h-x86_64-mingw32/bin/../lib/gcc/nios2-elf/4.9.1\libgcc.a(lib2-divmod.o)
 .bss           0x0000000001219950        0x0 c:/altera/15.0/nios2eds/bin/gnu/h-x86_64-mingw32/bin/../lib/gcc/nios2-elf/4.9.1\libgcc.a(eqsf2.o)
 .bss           0x0000000001219950        0x0 c:/altera/15.0/nios2eds/bin/gnu/h-x86_64-mingw32/bin/../lib/gcc/nios2-elf/4.9.1\libgcc.a(gesf2.o)
 .bss           0x0000000001219950        0x0 c:/altera/15.0/nios2eds/bin/gnu/h-x86_64-mingw32/bin/../lib/gcc/nios2-elf/4.9.1\libgcc.a(lesf2.o)
 .bss           0x0000000001219950        0x0 c:/altera/15.0/nios2eds/bin/gnu/h-x86_64-mingw32/bin/../lib/gcc/nios2-elf/4.9.1\libgcc.a(adddf3.o)
 .bss           0x0000000001219950        0x0 c:/altera/15.0/nios2eds/bin/gnu/h-x86_64-mingw32/bin/../lib/gcc/nios2-elf/4.9.1\libgcc.a(divdf3.o)
 .bss           0x0000000001219950        0x0 c:/altera/15.0/nios2eds/bin/gnu/h-x86_64-mingw32/bin/../lib/gcc/nios2-elf/4.9.1\libgcc.a(eqdf2.o)
 .bss           0x0000000001219950        0x0 c:/altera/15.0/nios2eds/bin/gnu/h-x86_64-mingw32/bin/../lib/gcc/nios2-elf/4.9.1\libgcc.a(gedf2.o)
 .bss           0x0000000001219950        0x0 c:/altera/15.0/nios2eds/bin/gnu/h-x86_64-mingw32/bin/../lib/gcc/nios2-elf/4.9.1\libgcc.a(ledf2.o)
 .bss           0x0000000001219950        0x0 c:/altera/15.0/nios2eds/bin/gnu/h-x86_64-mingw32/bin/../lib/gcc/nios2-elf/4.9.1\libgcc.a(muldf3.o)
 .bss           0x0000000001219950        0x0 c:/altera/15.0/nios2eds/bin/gnu/h-x86_64-mingw32/bin/../lib/gcc/nios2-elf/4.9.1\libgcc.a(subdf3.o)
 .bss           0x0000000001219950        0x0 c:/altera/15.0/nios2eds/bin/gnu/h-x86_64-mingw32/bin/../lib/gcc/nios2-elf/4.9.1\libgcc.a(fixdfsi.o)
 .bss           0x0000000001219950        0x0 c:/altera/15.0/nios2eds/bin/gnu/h-x86_64-mingw32/bin/../lib/gcc/nios2-elf/4.9.1\libgcc.a(floatsidf.o)
 .bss           0x0000000001219950        0x0 c:/altera/15.0/nios2eds/bin/gnu/h-x86_64-mingw32/bin/../lib/gcc/nios2-elf/4.9.1\libgcc.a(floatunsidf.o)
 .bss           0x0000000001219950        0x0 c:/altera/15.0/nios2eds/bin/gnu/h-x86_64-mingw32/bin/../lib/gcc/nios2-elf/4.9.1\libgcc.a(truncdfsf2.o)
 .bss           0x0000000001219950        0x0 c:/altera/15.0/nios2eds/bin/gnu/h-x86_64-mingw32/bin/../lib/gcc/nios2-elf/4.9.1\libgcc.a(_clz.o)
 .bss           0x0000000001219950        0x0 c:/altera/15.0/nios2eds/bin/gnu/h-x86_64-mingw32/bin/../lib/gcc/nios2-elf/4.9.1\libgcc.a(_clzsi2.o)
 .bss           0x0000000001219950        0x0 ../niosII_pwm_project_bsp/\libhal_bsp.a(alt_close.o)
 .bss           0x0000000001219950        0x0 ../niosII_pwm_project_bsp/\libhal_bsp.a(alt_dev.o)
 .bss           0x0000000001219950        0x0 ../niosII_pwm_project_bsp/\libhal_bsp.a(alt_errno.o)
 .bss           0x0000000001219950        0x0 ../niosII_pwm_project_bsp/\libhal_bsp.a(alt_fstat.o)
 .bss           0x0000000001219950        0x0 ../niosII_pwm_project_bsp/\libhal_bsp.a(alt_isatty.o)
 .bss           0x0000000001219950        0x0 ../niosII_pwm_project_bsp/\libhal_bsp.a(alt_lseek.o)
 .bss           0x0000000001219950        0x0 ../niosII_pwm_project_bsp/\libhal_bsp.a(alt_main.o)
 .bss           0x0000000001219950        0x0 ../niosII_pwm_project_bsp/\libhal_bsp.a(alt_malloc_lock.o)
 .bss           0x0000000001219950        0x0 ../niosII_pwm_project_bsp/\libhal_bsp.a(alt_read.o)
 .bss           0x0000000001219950        0x0 ../niosII_pwm_project_bsp/\libhal_bsp.a(alt_release_fd.o)
 .bss           0x0000000001219950        0x0 ../niosII_pwm_project_bsp/\libhal_bsp.a(alt_sbrk.o)
 .bss           0x0000000001219950        0x0 ../niosII_pwm_project_bsp/\libhal_bsp.a(alt_write.o)
 .bss           0x0000000001219950        0x0 ../niosII_pwm_project_bsp/\libhal_bsp.a(alt_sys_init.o)
 .bss           0x0000000001219950        0x0 ../niosII_pwm_project_bsp/\libhal_bsp.a(altera_avalon_cfi_flash.o)
 .bss           0x0000000001219950        0x0 ../niosII_pwm_project_bsp/\libhal_bsp.a(altera_avalon_cfi_flash_table.o)
 .bss           0x0000000001219950        0x0 ../niosII_pwm_project_bsp/\libhal_bsp.a(altera_avalon_jtag_uart_fd.o)
 .bss           0x0000000001219950        0x0 ../niosII_pwm_project_bsp/\libhal_bsp.a(altera_avalon_jtag_uart_init.o)
 .bss           0x0000000001219950        0x0 ../niosII_pwm_project_bsp/\libhal_bsp.a(altera_avalon_jtag_uart_ioctl.o)
 .bss           0x0000000001219950        0x0 ../niosII_pwm_project_bsp/\libhal_bsp.a(altera_avalon_jtag_uart_read.o)
 .bss           0x0000000001219950        0x0 ../niosII_pwm_project_bsp/\libhal_bsp.a(altera_avalon_jtag_uart_write.o)
 .bss           0x0000000001219950        0x0 ../niosII_pwm_project_bsp/\libhal_bsp.a(altera_avalon_timer_sc.o)
 .bss           0x0000000001219950        0x0 ../niosII_pwm_project_bsp/\libhal_bsp.a(alt_alarm_start.o)
 .bss           0x0000000001219950        0x0 ../niosII_pwm_project_bsp/\libhal_bsp.a(alt_dcache_flush.o)
 .bss           0x0000000001219950        0x0 ../niosII_pwm_project_bsp/\libhal_bsp.a(alt_dev_llist_insert.o)
 .bss           0x0000000001219950        0x0 ../niosII_pwm_project_bsp/\libhal_bsp.a(alt_do_ctors.o)
 .bss           0x0000000001219950        0x0 ../niosII_pwm_project_bsp/\libhal_bsp.a(alt_do_dtors.o)
 .bss           0x0000000001219950        0x0 ../niosII_pwm_project_bsp/\libhal_bsp.a(alt_flash_dev.o)
 .bss           0x0000000001219950        0x0 ../niosII_pwm_project_bsp/\libhal_bsp.a(alt_iic.o)
 .bss           0x0000000001219950        0x0 ../niosII_pwm_project_bsp/\libhal_bsp.a(alt_iic_isr_register.o)
 .bss           0x0000000001219950        0x0 ../niosII_pwm_project_bsp/\libhal_bsp.a(alt_io_redirect.o)
 .bss           0x0000000001219950        0x0 ../niosII_pwm_project_bsp/\libhal_bsp.a(alt_irq_entry.o)
 .bss           0x0000000001219950        0x0 ../niosII_pwm_project_bsp/\libhal_bsp.a(alt_irq_handler.o)
 .bss           0x0000000001219950        0x0 ../niosII_pwm_project_bsp/\libhal_bsp.a(alt_irq_vars.o)
 .bss           0x0000000001219950        0x0 ../niosII_pwm_project_bsp/\libhal_bsp.a(alt_open.o)
 .bss           0x0000000001219950        0x0 ../niosII_pwm_project_bsp/\libhal_bsp.a(alt_tick.o)
 .bss           0x0000000001219950        0x0 ../niosII_pwm_project_bsp/\libhal_bsp.a(altera_nios2_gen2_irq.o)
 .bss           0x0000000001219950        0x0 ../niosII_pwm_project_bsp/\libhal_bsp.a(altera_avalon_cfi_flash_amd.o)
 .bss           0x0000000001219950        0x0 ../niosII_pwm_project_bsp/\libhal_bsp.a(altera_avalon_cfi_flash_intel.o)
 .bss           0x0000000001219950        0x0 ../niosII_pwm_project_bsp/\libhal_bsp.a(alt_exception_entry.o)
 .bss           0x0000000001219950        0x0 ../niosII_pwm_project_bsp/\libhal_bsp.a(alt_find_dev.o)
 .bss           0x0000000001219950        0x0 ../niosII_pwm_project_bsp/\libhal_bsp.a(alt_find_file.o)
 .bss           0x0000000001219950        0x0 ../niosII_pwm_project_bsp/\libhal_bsp.a(alt_get_fd.o)
 .bss           0x0000000001219950        0x0 ../niosII_pwm_project_bsp/\libhal_bsp.a(alt_instruction_exception_entry.o)
 .bss           0x0000000001219950        0x0 ../niosII_pwm_project_bsp/\libhal_bsp.a(alt_usleep.o)
 .bss           0x0000000001219950        0x0 ../niosII_pwm_project_bsp/\libhal_bsp.a(alt_busy_sleep.o)
 .bss           0x0000000001219950        0x0 c:/altera/15.0/nios2eds/bin/gnu/h-x86_64-mingw32/bin/../lib/gcc/nios2-elf/4.9.1/../../../../../H-x86_64-mingw32/nios2-elf/lib\libc.a(lib_a-atexit.o)
 .bss           0x0000000001219950        0x0 c:/altera/15.0/nios2eds/bin/gnu/h-x86_64-mingw32/bin/../lib/gcc/nios2-elf/4.9.1/../../../../../H-x86_64-mingw32/nios2-elf/lib\libc.a(lib_a-exit.o)
 .bss           0x0000000001219950        0x0 c:/altera/15.0/nios2eds/bin/gnu/h-x86_64-mingw32/bin/../lib/gcc/nios2-elf/4.9.1/../../../../../H-x86_64-mingw32/nios2-elf/lib\libc.a(lib_a-memcmp.o)
 .bss           0x0000000001219950        0x0 c:/altera/15.0/nios2eds/bin/gnu/h-x86_64-mingw32/bin/../lib/gcc/nios2-elf/4.9.1/../../../../../H-x86_64-mingw32/nios2-elf/lib\libc.a(lib_a-__atexit.o)
 .bss           0x0000000001219950        0x0 c:/altera/15.0/nios2eds/bin/gnu/h-x86_64-mingw32/bin/../lib/gcc/nios2-elf/4.9.1/../../../../../H-x86_64-mingw32/nios2-elf/lib\libc.a(lib_a-__call_atexit.o)
 .bss           0x0000000001219950        0x0 ../niosII_pwm_project_bsp/\libhal_bsp.a(alt_exit.o)
 *(COMMON)
 COMMON         0x0000000001219950      0x100 c:/altera/15.0/nios2eds/bin/gnu/h-x86_64-mingw32/bin/../lib/gcc/nios2-elf/4.9.1/../../../../../H-x86_64-mingw32/nios2-elf/lib\libc.a(lib_a-gdtoa-gethex.o)
                0x0000000001219950                __hexdig
 COMMON         0x0000000001219a50      0x100 ../niosII_pwm_project_bsp/\libhal_bsp.a(alt_irq_handler.o)
                0x0000000001219a50                alt_irq
                0x0000000001219b50                . = ALIGN (0x4)